
EBGaramondInitials-tlf-ot1 EBGaramondInitials "AutoEnc_liamowwj6bkl6mtj7xyoefkgke ReEncodeFont" <[ebgm_liamow.enc <EBGaramondInitials.pfb
EBGaramondInitials-tlf-t1--base EBGaramondInitials "AutoEnc_liamowwj6bkl6mtj7xyoefkgke ReEncodeFont" <[ebgm_liamow.enc <EBGaramondInitials.pfb
EBGaramondInitials-tlf-ly1--base EBGaramondInitials "AutoEnc_liamowwj6bkl6mtj7xyoefkgke ReEncodeFont" <[ebgm_liamow.enc <EBGaramondInitials.pfb
EBGaramond-BoldItalic-tlf-ot1 EBGaramond-BoldItalic "AutoEnc_bevor6f4qe6rza4745ele7aydb ReEncodeFont" <[ebgm_bevor6.enc <EBGaramond-BoldItalic.pfb
EBGaramond-BoldItalic-tlf-t1--base EBGaramond-BoldItalic "AutoEnc_3zuotsujx7tawnou2ocz4iiuea ReEncodeFont" <[ebgm_3zuots.enc <EBGaramond-BoldItalic.pfb
EBGaramond-BoldItalic-tlf-ly1 EBGaramond-BoldItalic "AutoEnc_34tkjeiafamtukmk74dnwdkiwf ReEncodeFont" <[ebgm_34tkje.enc <EBGaramond-BoldItalic.pfb
EBGaramond-BoldItalic-tlf-lgr EBGaramond-BoldItalic "AutoEnc_yqpahrs3wosnutq6ezrrbzbcad ReEncodeFont" <[ebgm_yqpahr.enc <EBGaramond-BoldItalic.pfb
EBGaramond-BoldItalic-tlf-sc-ot1--base EBGaramond-BoldItalic "AutoEnc_s7tpqtebt7fpaobhsv7o6g6p3d ReEncodeFont" <[ebgm_s7tpqt.enc <EBGaramond-BoldItalic.pfb
EBGaramond-BoldItalic-tlf-sc-t1--base EBGaramond-BoldItalic "AutoEnc_yjkoc2bxtyk5pymwhoiyarwopd ReEncodeFont" <[ebgm_yjkoc2.enc <EBGaramond-BoldItalic.pfb
EBGaramond-BoldItalic-tlf-sc-ly1--base EBGaramond-BoldItalic "AutoEnc_t3ctnrct3uicefa2mm4axrgpyg ReEncodeFont" <[ebgm_t3ctnr.enc <EBGaramond-BoldItalic.pfb
EBGaramond-BoldItalic-tlf-sc-lgr EBGaramond-BoldItalic "AutoEnc_sqqqn7irh2wewmm2lxxbrwlahg ReEncodeFont" <[ebgm_sqqqn7.enc <EBGaramond-BoldItalic.pfb
EBGaramond-BoldItalic-tlf-swash-ot1 EBGaramond-BoldItalic "AutoEnc_lmhdpautlukhhaszf64lrhchif ReEncodeFont" <[ebgm_lmhdpa.enc <EBGaramond-BoldItalic.pfb
EBGaramond-BoldItalic-tlf-swash-t1--base EBGaramond-BoldItalic "AutoEnc_cqx43slf7ljaurswzpgaigngcg ReEncodeFont" <[ebgm_cqx43s.enc <EBGaramond-BoldItalic.pfb
EBGaramond-BoldItalic-tlf-swash-ly1 EBGaramond-BoldItalic "AutoEnc_gaaohpl5u2ikyzoyyyn4dfawde ReEncodeFont" <[ebgm_gaaohp.enc <EBGaramond-BoldItalic.pfb
EBGaramond-BoldItalic-tlf-swash-lgr EBGaramond-BoldItalic "AutoEnc_yqpahrs3wosnutq6ezrrbzbcad ReEncodeFont" <[ebgm_yqpahr.enc <EBGaramond-BoldItalic.pfb
EBGaramond-BoldItalic-tlf-ts1--base EBGaramond-BoldItalic "AutoEnc_doset5jni7ptstijeczbezqvvd ReEncodeFont" <[ebgm_doset5.enc <EBGaramond-BoldItalic.pfb
EBGaramond-BoldItalic-inf-ot1 EBGaramond-BoldItalic "AutoEnc_ao6kf7czm3kxufroii6io2txyb ReEncodeFont" <[ebgm_ao6kf7.enc <EBGaramond-BoldItalic.pfb
EBGaramond-BoldItalic-inf-t1--base EBGaramond-BoldItalic "AutoEnc_kfeykpdkdkfgcmiob2alq76d6b ReEncodeFont" <[ebgm_kfeykp.enc <EBGaramond-BoldItalic.pfb
EBGaramond-BoldItalic-inf-ly1 EBGaramond-BoldItalic "AutoEnc_epwp2lils7xq2kbhppunmymawf ReEncodeFont" <[ebgm_epwp2l.enc <EBGaramond-BoldItalic.pfb
EBGaramond-BoldItalic-inf-lgr EBGaramond-BoldItalic "AutoEnc_g63n4uojx3g7pgsfnlft7cw6sd ReEncodeFont" <[ebgm_g63n4u.enc <EBGaramond-BoldItalic.pfb
EBGaramond-BoldItalic-sup-ot1 EBGaramond-BoldItalic "AutoEnc_oge4zeph4qgrf2eqipj4avd4uf ReEncodeFont" <[ebgm_oge4ze.enc <EBGaramond-BoldItalic.pfb
EBGaramond-BoldItalic-sup-t1--base EBGaramond-BoldItalic "AutoEnc_bszlvlk6bkouv7yc5pd5xqbgld ReEncodeFont" <[ebgm_bszlvl.enc <EBGaramond-BoldItalic.pfb
EBGaramond-BoldItalic-sup-ly1 EBGaramond-BoldItalic "AutoEnc_ipm435yylcknwb62m4tec5wq4c ReEncodeFont" <[ebgm_ipm435.enc <EBGaramond-BoldItalic.pfb
EBGaramond-BoldItalic-sup-lgr EBGaramond-BoldItalic "AutoEnc_hfyizyzr4bsipesqmsfmfxla4g ReEncodeFont" <[ebgm_hfyizy.enc <EBGaramond-BoldItalic.pfb
EBGaramond-BoldItalic-lf-ot1 EBGaramond-BoldItalic "AutoEnc_xhqcffqmmxjrrica675ubbzdcg ReEncodeFont" <[ebgm_xhqcff.enc <EBGaramond-BoldItalic.pfb
EBGaramond-BoldItalic-lf-t1--base EBGaramond-BoldItalic "AutoEnc_utfkrlk7n6swnyxnxkzq6t2qng ReEncodeFont" <[ebgm_utfkrl.enc <EBGaramond-BoldItalic.pfb
EBGaramond-BoldItalic-lf-ly1 EBGaramond-BoldItalic "AutoEnc_5ysuwqimeevzz7u22fjkupsamc ReEncodeFont" <[ebgm_5ysuwq.enc <EBGaramond-BoldItalic.pfb
EBGaramond-BoldItalic-lf-lgr EBGaramond-BoldItalic "AutoEnc_h5djnb5jmnsvmky3suhpkkmo7c ReEncodeFont" <[ebgm_h5djnb.enc <EBGaramond-BoldItalic.pfb
EBGaramond-BoldItalic-lf-sc-ot1--base EBGaramond-BoldItalic "AutoEnc_qip76aljekhkapltnlznjm26tg ReEncodeFont" <[ebgm_qip76a.enc <EBGaramond-BoldItalic.pfb
EBGaramond-BoldItalic-lf-sc-t1--base EBGaramond-BoldItalic "AutoEnc_xoskheoavizix7q6vfcc7k34cd ReEncodeFont" <[ebgm_xoskhe.enc <EBGaramond-BoldItalic.pfb
EBGaramond-BoldItalic-lf-sc-ly1--base EBGaramond-BoldItalic "AutoEnc_4ljezabvqmresus6zvyoddfvog ReEncodeFont" <[ebgm_4ljeza.enc <EBGaramond-BoldItalic.pfb
EBGaramond-BoldItalic-lf-sc-lgr EBGaramond-BoldItalic "AutoEnc_zor4nhiektugl6piurglsov6ka ReEncodeFont" <[ebgm_zor4nh.enc <EBGaramond-BoldItalic.pfb
EBGaramond-BoldItalic-lf-swash-ot1 EBGaramond-BoldItalic "AutoEnc_rtavnulqqibih7itqnfy2bnnyg ReEncodeFont" <[ebgm_rtavnu.enc <EBGaramond-BoldItalic.pfb
EBGaramond-BoldItalic-lf-swash-t1--base EBGaramond-BoldItalic "AutoEnc_fc5dteu6tszfq4npawfq5cqpbe ReEncodeFont" <[ebgm_fc5dte.enc <EBGaramond-BoldItalic.pfb
EBGaramond-BoldItalic-lf-swash-ly1 EBGaramond-BoldItalic "AutoEnc_t6g5sqnpkcw7fdtynfov5a3twc ReEncodeFont" <[ebgm_t6g5sq.enc <EBGaramond-BoldItalic.pfb
EBGaramond-BoldItalic-lf-swash-lgr EBGaramond-BoldItalic "AutoEnc_h5djnb5jmnsvmky3suhpkkmo7c ReEncodeFont" <[ebgm_h5djnb.enc <EBGaramond-BoldItalic.pfb
EBGaramond-BoldItalic-lf-ts1--base EBGaramond-BoldItalic "AutoEnc_yddfsneogpgfw3a5axgk6w34nc ReEncodeFont" <[ebgm_yddfsn.enc <EBGaramond-BoldItalic.pfb
EBGaramond-BoldItalic-tosf-ot1 EBGaramond-BoldItalic "AutoEnc_hrbra6i2csytfjthk3llgqmsie ReEncodeFont" <[ebgm_hrbra6.enc <EBGaramond-BoldItalic.pfb
EBGaramond-BoldItalic-tosf-t1--base EBGaramond-BoldItalic "AutoEnc_a56nalezuofsdtatiphjmhjrhb ReEncodeFont" <[ebgm_a56nal.enc <EBGaramond-BoldItalic.pfb
EBGaramond-BoldItalic-tosf-ly1 EBGaramond-BoldItalic "AutoEnc_gspomovk7lyl4ombl5ekjjslwe ReEncodeFont" <[ebgm_gspomo.enc <EBGaramond-BoldItalic.pfb
EBGaramond-BoldItalic-tosf-lgr EBGaramond-BoldItalic "AutoEnc_h2c7fwk7hr7f6b726ltraghneg ReEncodeFont" <[ebgm_h2c7fw.enc <EBGaramond-BoldItalic.pfb
EBGaramond-BoldItalic-tosf-sc-ot1--base EBGaramond-BoldItalic "AutoEnc_vqv3w3jddu2yz2dnmvvx2bbzrd ReEncodeFont" <[ebgm_vqv3w3.enc <EBGaramond-BoldItalic.pfb
EBGaramond-BoldItalic-tosf-sc-t1--base EBGaramond-BoldItalic "AutoEnc_nhfy4vcyskj4jwrirusa4olqia ReEncodeFont" <[ebgm_nhfy4v.enc <EBGaramond-BoldItalic.pfb
EBGaramond-BoldItalic-tosf-sc-ly1--base EBGaramond-BoldItalic "AutoEnc_fhs5ay3xzuvj66nv5ukbup7brc ReEncodeFont" <[ebgm_fhs5ay.enc <EBGaramond-BoldItalic.pfb
EBGaramond-BoldItalic-tosf-sc-lgr EBGaramond-BoldItalic "AutoEnc_57ulwipygxpx44bhstzuxg7eeb ReEncodeFont" <[ebgm_57ulwi.enc <EBGaramond-BoldItalic.pfb
EBGaramond-BoldItalic-tosf-swash-ot1 EBGaramond-BoldItalic "AutoEnc_ybjcp2n3rqkpe6jzo7tywoy25b ReEncodeFont" <[ebgm_ybjcp2.enc <EBGaramond-BoldItalic.pfb
EBGaramond-BoldItalic-tosf-swash-t1--base EBGaramond-BoldItalic "AutoEnc_chpilvors6my3ehpbzcxgc6frb ReEncodeFont" <[ebgm_chpilv.enc <EBGaramond-BoldItalic.pfb
EBGaramond-BoldItalic-tosf-swash-ly1 EBGaramond-BoldItalic "AutoEnc_xgcnbwdsheuby7mx6lcn6pikec ReEncodeFont" <[ebgm_xgcnbw.enc <EBGaramond-BoldItalic.pfb
EBGaramond-BoldItalic-tosf-swash-lgr EBGaramond-BoldItalic "AutoEnc_h2c7fwk7hr7f6b726ltraghneg ReEncodeFont" <[ebgm_h2c7fw.enc <EBGaramond-BoldItalic.pfb
EBGaramond-BoldItalic-tosf-ts1--base EBGaramond-BoldItalic "AutoEnc_doset5jni7ptstijeczbezqvvd ReEncodeFont" <[ebgm_doset5.enc <EBGaramond-BoldItalic.pfb
EBGaramond-BoldItalic-osf-ot1 EBGaramond-BoldItalic "AutoEnc_tsrvmbxtiuaqna5damhcsmuo7a ReEncodeFont" <[ebgm_tsrvmb.enc <EBGaramond-BoldItalic.pfb
EBGaramond-BoldItalic-osf-t1--base EBGaramond-BoldItalic "AutoEnc_ljow5qyhjlyuzhmaqt2ib23byb ReEncodeFont" <[ebgm_ljow5q.enc <EBGaramond-BoldItalic.pfb
EBGaramond-BoldItalic-osf-ly1 EBGaramond-BoldItalic "AutoEnc_lybnupxzu2xdvf77n54qyc3hmf ReEncodeFont" <[ebgm_lybnup.enc <EBGaramond-BoldItalic.pfb
EBGaramond-BoldItalic-osf-lgr EBGaramond-BoldItalic "AutoEnc_d2h6ljvgfcffsjkildsxejswnc ReEncodeFont" <[ebgm_d2h6lj.enc <EBGaramond-BoldItalic.pfb
EBGaramond-BoldItalic-osf-sc-ot1--base EBGaramond-BoldItalic "AutoEnc_egoty6wpchcoxueschnlw73q6d ReEncodeFont" <[ebgm_egoty6.enc <EBGaramond-BoldItalic.pfb
EBGaramond-BoldItalic-osf-sc-t1--base EBGaramond-BoldItalic "AutoEnc_byuynix5r46fcpi7yc7qekcpbh ReEncodeFont" <[ebgm_byuyni.enc <EBGaramond-BoldItalic.pfb
EBGaramond-BoldItalic-osf-sc-ly1--base EBGaramond-BoldItalic "AutoEnc_w7jvgciavnrd4lpluc74loh5tc ReEncodeFont" <[ebgm_w7jvgc.enc <EBGaramond-BoldItalic.pfb
EBGaramond-BoldItalic-osf-sc-lgr EBGaramond-BoldItalic "AutoEnc_gf4ecrjohawsuircygk3z7dolf ReEncodeFont" <[ebgm_gf4ecr.enc <EBGaramond-BoldItalic.pfb
EBGaramond-BoldItalic-osf-swash-ot1 EBGaramond-BoldItalic "AutoEnc_fl2meaklzd5y4h4656nmpazm7g ReEncodeFont" <[ebgm_fl2mea.enc <EBGaramond-BoldItalic.pfb
EBGaramond-BoldItalic-osf-swash-t1--base EBGaramond-BoldItalic "AutoEnc_5xwr64xfbstsyzqm34el7wgyoa ReEncodeFont" <[ebgm_5xwr64.enc <EBGaramond-BoldItalic.pfb
EBGaramond-BoldItalic-osf-swash-ly1 EBGaramond-BoldItalic "AutoEnc_4v7kvs7llxqenpzq3jpe6t7smc ReEncodeFont" <[ebgm_4v7kvs.enc <EBGaramond-BoldItalic.pfb
EBGaramond-BoldItalic-osf-swash-lgr EBGaramond-BoldItalic "AutoEnc_d2h6ljvgfcffsjkildsxejswnc ReEncodeFont" <[ebgm_d2h6lj.enc <EBGaramond-BoldItalic.pfb
EBGaramond-BoldItalic-osf-ts1--base EBGaramond-BoldItalic "AutoEnc_yddfsneogpgfw3a5axgk6w34nc ReEncodeFont" <[ebgm_yddfsn.enc <EBGaramond-BoldItalic.pfb
EBGaramond-Bold-tlf-ot1 EBGaramond-Bold "AutoEnc_zcffwkx4jghwtzclmgb4vrul6f ReEncodeFont" <[ebgm_zcffwk.enc <EBGaramond-Bold.pfb
EBGaramond-Bold-tlf-t1--base EBGaramond-Bold "AutoEnc_67ivnhsqlzzfjwyofd7idalr6c ReEncodeFont" <[ebgm_67ivnh.enc <EBGaramond-Bold.pfb
EBGaramond-Bold-tlf-ly1 EBGaramond-Bold "AutoEnc_535mcmkatc3k7okg5zkd62wnwd ReEncodeFont" <[ebgm_535mcm.enc <EBGaramond-Bold.pfb
EBGaramond-Bold-tlf-lgr EBGaramond-Bold "AutoEnc_7tc6veb5ti7ssiwh6gcsgl7tba ReEncodeFont" <[ebgm_7tc6ve.enc <EBGaramond-Bold.pfb
EBGaramond-Bold-tlf-sc-ot1--base EBGaramond-Bold "AutoEnc_s7tpqtebt7fpaobhsv7o6g6p3d ReEncodeFont" <[ebgm_s7tpqt.enc <EBGaramond-Bold.pfb
EBGaramond-Bold-tlf-sc-t1--base EBGaramond-Bold "AutoEnc_yjkoc2bxtyk5pymwhoiyarwopd ReEncodeFont" <[ebgm_yjkoc2.enc <EBGaramond-Bold.pfb
EBGaramond-Bold-tlf-sc-ly1--base EBGaramond-Bold "AutoEnc_bj5npyi4fynrmukxpr6zuls5mb ReEncodeFont" <[ebgm_bj5npy.enc <EBGaramond-Bold.pfb
EBGaramond-Bold-tlf-sc-lgr EBGaramond-Bold "AutoEnc_oahximbxglbv3wxpkrpj4y2s3a ReEncodeFont" <[ebgm_oahxim.enc <EBGaramond-Bold.pfb
EBGaramond-Bold-tlf-swash-ot1 EBGaramond-Bold "AutoEnc_puit2nloz4jci7unygzovz7rah ReEncodeFont" <[ebgm_puit2n.enc <EBGaramond-Bold.pfb
EBGaramond-Bold-tlf-swash-t1--base EBGaramond-Bold "AutoEnc_2ybfspue5bctl7gll276ebcmad ReEncodeFont" <[ebgm_2ybfsp.enc <EBGaramond-Bold.pfb
EBGaramond-Bold-tlf-swash-ly1 EBGaramond-Bold "AutoEnc_zbngqq7w4fvvsebjrikxgrvhzd ReEncodeFont" <[ebgm_zbngqq.enc <EBGaramond-Bold.pfb
EBGaramond-Bold-tlf-swash-lgr EBGaramond-Bold "AutoEnc_7tc6veb5ti7ssiwh6gcsgl7tba ReEncodeFont" <[ebgm_7tc6ve.enc <EBGaramond-Bold.pfb
EBGaramond-Bold-tlf-ts1--base EBGaramond-Bold "AutoEnc_ld6df2x7jielfy7kpphsipzgeb ReEncodeFont" <[ebgm_ld6df2.enc <EBGaramond-Bold.pfb
EBGaramond-Bold-inf-ot1 EBGaramond-Bold "AutoEnc_ao6kf7czm3kxufroii6io2txyb ReEncodeFont" <[ebgm_ao6kf7.enc <EBGaramond-Bold.pfb
EBGaramond-Bold-inf-t1--base EBGaramond-Bold "AutoEnc_kfeykpdkdkfgcmiob2alq76d6b ReEncodeFont" <[ebgm_kfeykp.enc <EBGaramond-Bold.pfb
EBGaramond-Bold-inf-ly1 EBGaramond-Bold "AutoEnc_524p5kfhkhbrmlob56raqstjhh ReEncodeFont" <[ebgm_524p5k.enc <EBGaramond-Bold.pfb
EBGaramond-Bold-inf-lgr EBGaramond-Bold "AutoEnc_pdqo3av4kve7bqrw3rvhvxfhzd ReEncodeFont" <[ebgm_pdqo3a.enc <EBGaramond-Bold.pfb
EBGaramond-Bold-sup-ot1 EBGaramond-Bold "AutoEnc_oge4zeph4qgrf2eqipj4avd4uf ReEncodeFont" <[ebgm_oge4ze.enc <EBGaramond-Bold.pfb
EBGaramond-Bold-sup-t1--base EBGaramond-Bold "AutoEnc_bszlvlk6bkouv7yc5pd5xqbgld ReEncodeFont" <[ebgm_bszlvl.enc <EBGaramond-Bold.pfb
EBGaramond-Bold-sup-ly1 EBGaramond-Bold "AutoEnc_ancicscmgqynsv3uhmrzuy63lc ReEncodeFont" <[ebgm_ancics.enc <EBGaramond-Bold.pfb
EBGaramond-Bold-sup-lgr EBGaramond-Bold "AutoEnc_c6t5bpitf4sr3wr7yxdk44tzla ReEncodeFont" <[ebgm_c6t5bp.enc <EBGaramond-Bold.pfb
EBGaramond-Bold-lf-ot1 EBGaramond-Bold "AutoEnc_gfppumj2niwzr7rvknb25lnijd ReEncodeFont" <[ebgm_gfppum.enc <EBGaramond-Bold.pfb
EBGaramond-Bold-lf-t1--base EBGaramond-Bold "AutoEnc_ldtcglywtopractqcvck4apvwf ReEncodeFont" <[ebgm_ldtcgl.enc <EBGaramond-Bold.pfb
EBGaramond-Bold-lf-ly1 EBGaramond-Bold "AutoEnc_k24cav3n2vooiafmr42yfwxnig ReEncodeFont" <[ebgm_k24cav.enc <EBGaramond-Bold.pfb
EBGaramond-Bold-lf-lgr EBGaramond-Bold "AutoEnc_u7qtota2ag455cepax2sd2ckqd ReEncodeFont" <[ebgm_u7qtot.enc <EBGaramond-Bold.pfb
EBGaramond-Bold-lf-sc-ot1--base EBGaramond-Bold "AutoEnc_qip76aljekhkapltnlznjm26tg ReEncodeFont" <[ebgm_qip76a.enc <EBGaramond-Bold.pfb
EBGaramond-Bold-lf-sc-t1--base EBGaramond-Bold "AutoEnc_xoskheoavizix7q6vfcc7k34cd ReEncodeFont" <[ebgm_xoskhe.enc <EBGaramond-Bold.pfb
EBGaramond-Bold-lf-sc-ly1--base EBGaramond-Bold "AutoEnc_k5z2jzdrvp4cxkgtha7q3hj3ic ReEncodeFont" <[ebgm_k5z2jz.enc <EBGaramond-Bold.pfb
EBGaramond-Bold-lf-sc-lgr EBGaramond-Bold "AutoEnc_a37mnvqydlorqaald5plu4ojed ReEncodeFont" <[ebgm_a37mnv.enc <EBGaramond-Bold.pfb
EBGaramond-Bold-lf-swash-ot1 EBGaramond-Bold "AutoEnc_qhp2audysmrephuwmg3n4k6rda ReEncodeFont" <[ebgm_qhp2au.enc <EBGaramond-Bold.pfb
EBGaramond-Bold-lf-swash-t1--base EBGaramond-Bold "AutoEnc_qwnohrkd4g7ovht34zvdv4rxye ReEncodeFont" <[ebgm_qwnohr.enc <EBGaramond-Bold.pfb
EBGaramond-Bold-lf-swash-ly1 EBGaramond-Bold "AutoEnc_ndsebzebomne5pur324xut6sob ReEncodeFont" <[ebgm_ndsebz.enc <EBGaramond-Bold.pfb
EBGaramond-Bold-lf-swash-lgr EBGaramond-Bold "AutoEnc_u7qtota2ag455cepax2sd2ckqd ReEncodeFont" <[ebgm_u7qtot.enc <EBGaramond-Bold.pfb
EBGaramond-Bold-lf-ts1--base EBGaramond-Bold "AutoEnc_ld6df2x7jielfy7kpphsipzgeb ReEncodeFont" <[ebgm_ld6df2.enc <EBGaramond-Bold.pfb
EBGaramond-Bold-tosf-ot1 EBGaramond-Bold "AutoEnc_6qtp6p6j4z7jltsaazygzjbv4h ReEncodeFont" <[ebgm_6qtp6p.enc <EBGaramond-Bold.pfb
EBGaramond-Bold-tosf-t1--base EBGaramond-Bold "AutoEnc_oskdwa7l2lpl3eabckeiyywzac ReEncodeFont" <[ebgm_oskdwa.enc <EBGaramond-Bold.pfb
EBGaramond-Bold-tosf-ly1 EBGaramond-Bold "AutoEnc_z6ekgmyix66coapciojsnatnsd ReEncodeFont" <[ebgm_z6ekgm.enc <EBGaramond-Bold.pfb
EBGaramond-Bold-tosf-lgr EBGaramond-Bold "AutoEnc_j4bgamcdqi3g7r5p3hqc4iyw7g ReEncodeFont" <[ebgm_j4bgam.enc <EBGaramond-Bold.pfb
EBGaramond-Bold-tosf-sc-ot1--base EBGaramond-Bold "AutoEnc_vqv3w3jddu2yz2dnmvvx2bbzrd ReEncodeFont" <[ebgm_vqv3w3.enc <EBGaramond-Bold.pfb
EBGaramond-Bold-tosf-sc-t1--base EBGaramond-Bold "AutoEnc_nhfy4vcyskj4jwrirusa4olqia ReEncodeFont" <[ebgm_nhfy4v.enc <EBGaramond-Bold.pfb
EBGaramond-Bold-tosf-sc-ly1--base EBGaramond-Bold "AutoEnc_2hp5cx2riilbqpkbahujgy6q5d ReEncodeFont" <[ebgm_2hp5cx.enc <EBGaramond-Bold.pfb
EBGaramond-Bold-tosf-sc-lgr EBGaramond-Bold "AutoEnc_7zgzergdqk64snrz5jrrhbnuia ReEncodeFont" <[ebgm_7zgzer.enc <EBGaramond-Bold.pfb
EBGaramond-Bold-tosf-swash-ot1 EBGaramond-Bold "AutoEnc_i3ibnmrltnyzdi6mqew7p5ptpb ReEncodeFont" <[ebgm_i3ibnm.enc <EBGaramond-Bold.pfb
EBGaramond-Bold-tosf-swash-t1--base EBGaramond-Bold "AutoEnc_fbpsnn4gedcdsmgeb3sv36kaoa ReEncodeFont" <[ebgm_fbpsnn.enc <EBGaramond-Bold.pfb
EBGaramond-Bold-tosf-swash-ly1 EBGaramond-Bold "AutoEnc_k7jns3urrwjbeec6cxbmjtdeba ReEncodeFont" <[ebgm_k7jns3.enc <EBGaramond-Bold.pfb
EBGaramond-Bold-tosf-swash-lgr EBGaramond-Bold "AutoEnc_j4bgamcdqi3g7r5p3hqc4iyw7g ReEncodeFont" <[ebgm_j4bgam.enc <EBGaramond-Bold.pfb
EBGaramond-Bold-tosf-ts1--base EBGaramond-Bold "AutoEnc_ld6df2x7jielfy7kpphsipzgeb ReEncodeFont" <[ebgm_ld6df2.enc <EBGaramond-Bold.pfb
EBGaramond-Bold-osf-ot1 EBGaramond-Bold "AutoEnc_fc2mbn3xtktdfxsxdv3khcb5dh ReEncodeFont" <[ebgm_fc2mbn.enc <EBGaramond-Bold.pfb
EBGaramond-Bold-osf-t1--base EBGaramond-Bold "AutoEnc_tcdnmrnue2rp5jhik7fpez6o6c ReEncodeFont" <[ebgm_tcdnmr.enc <EBGaramond-Bold.pfb
EBGaramond-Bold-osf-ly1 EBGaramond-Bold "AutoEnc_rdmgdpbfgczlsyeculwnih2dnb ReEncodeFont" <[ebgm_rdmgdp.enc <EBGaramond-Bold.pfb
EBGaramond-Bold-osf-lgr EBGaramond-Bold "AutoEnc_j2crie3q3ql5vppmub5ulnuhme ReEncodeFont" <[ebgm_j2crie.enc <EBGaramond-Bold.pfb
EBGaramond-Bold-osf-sc-ot1--base EBGaramond-Bold "AutoEnc_egoty6wpchcoxueschnlw73q6d ReEncodeFont" <[ebgm_egoty6.enc <EBGaramond-Bold.pfb
EBGaramond-Bold-osf-sc-t1--base EBGaramond-Bold "AutoEnc_byuynix5r46fcpi7yc7qekcpbh ReEncodeFont" <[ebgm_byuyni.enc <EBGaramond-Bold.pfb
EBGaramond-Bold-osf-sc-ly1--base EBGaramond-Bold "AutoEnc_3veehr3qlng7egxjmdt62spp4b ReEncodeFont" <[ebgm_3veehr.enc <EBGaramond-Bold.pfb
EBGaramond-Bold-osf-sc-lgr EBGaramond-Bold "AutoEnc_a23bapsffzolzs2xp62zafejdf ReEncodeFont" <[ebgm_a23bap.enc <EBGaramond-Bold.pfb
EBGaramond-Bold-osf-swash-ot1 EBGaramond-Bold "AutoEnc_5cvcse6zzhyqnzpcyyxf2c4jmd ReEncodeFont" <[ebgm_5cvcse.enc <EBGaramond-Bold.pfb
EBGaramond-Bold-osf-swash-t1--base EBGaramond-Bold "AutoEnc_bisgyqvbye4j4z3a2eitsziioc ReEncodeFont" <[ebgm_bisgyq.enc <EBGaramond-Bold.pfb
EBGaramond-Bold-osf-swash-ly1 EBGaramond-Bold "AutoEnc_lbrsczy3nobnrl57jk37hi67bg ReEncodeFont" <[ebgm_lbrscz.enc <EBGaramond-Bold.pfb
EBGaramond-Bold-osf-swash-lgr EBGaramond-Bold "AutoEnc_j2crie3q3ql5vppmub5ulnuhme ReEncodeFont" <[ebgm_j2crie.enc <EBGaramond-Bold.pfb
EBGaramond-Bold-osf-ts1--base EBGaramond-Bold "AutoEnc_ld6df2x7jielfy7kpphsipzgeb ReEncodeFont" <[ebgm_ld6df2.enc <EBGaramond-Bold.pfb
EBGaramond-ExtraBoldItalic-tlf-ot1 EBGaramond-ExtraBoldItalic "AutoEnc_bevor6f4qe6rza4745ele7aydb ReEncodeFont" <[ebgm_bevor6.enc <EBGaramond-ExtraBoldItalic.pfb
EBGaramond-ExtraBoldItalic-tlf-t1--base EBGaramond-ExtraBoldItalic "AutoEnc_3zuotsujx7tawnou2ocz4iiuea ReEncodeFont" <[ebgm_3zuots.enc <EBGaramond-ExtraBoldItalic.pfb
EBGaramond-ExtraBoldItalic-tlf-ly1 EBGaramond-ExtraBoldItalic "AutoEnc_34tkjeiafamtukmk74dnwdkiwf ReEncodeFont" <[ebgm_34tkje.enc <EBGaramond-ExtraBoldItalic.pfb
EBGaramond-ExtraBoldItalic-tlf-lgr EBGaramond-ExtraBoldItalic "AutoEnc_yqpahrs3wosnutq6ezrrbzbcad ReEncodeFont" <[ebgm_yqpahr.enc <EBGaramond-ExtraBoldItalic.pfb
EBGaramond-ExtraBoldItalic-tlf-sc-ot1--base EBGaramond-ExtraBoldItalic "AutoEnc_s7tpqtebt7fpaobhsv7o6g6p3d ReEncodeFont" <[ebgm_s7tpqt.enc <EBGaramond-ExtraBoldItalic.pfb
EBGaramond-ExtraBoldItalic-tlf-sc-t1--base EBGaramond-ExtraBoldItalic "AutoEnc_yjkoc2bxtyk5pymwhoiyarwopd ReEncodeFont" <[ebgm_yjkoc2.enc <EBGaramond-ExtraBoldItalic.pfb
EBGaramond-ExtraBoldItalic-tlf-sc-ly1--base EBGaramond-ExtraBoldItalic "AutoEnc_t3ctnrct3uicefa2mm4axrgpyg ReEncodeFont" <[ebgm_t3ctnr.enc <EBGaramond-ExtraBoldItalic.pfb
EBGaramond-ExtraBoldItalic-tlf-sc-lgr EBGaramond-ExtraBoldItalic "AutoEnc_sqqqn7irh2wewmm2lxxbrwlahg ReEncodeFont" <[ebgm_sqqqn7.enc <EBGaramond-ExtraBoldItalic.pfb
EBGaramond-ExtraBoldItalic-tlf-swash-ot1 EBGaramond-ExtraBoldItalic "AutoEnc_lmhdpautlukhhaszf64lrhchif ReEncodeFont" <[ebgm_lmhdpa.enc <EBGaramond-ExtraBoldItalic.pfb
EBGaramond-ExtraBoldItalic-tlf-swash-t1--base EBGaramond-ExtraBoldItalic "AutoEnc_cqx43slf7ljaurswzpgaigngcg ReEncodeFont" <[ebgm_cqx43s.enc <EBGaramond-ExtraBoldItalic.pfb
EBGaramond-ExtraBoldItalic-tlf-swash-ly1 EBGaramond-ExtraBoldItalic "AutoEnc_gaaohpl5u2ikyzoyyyn4dfawde ReEncodeFont" <[ebgm_gaaohp.enc <EBGaramond-ExtraBoldItalic.pfb
EBGaramond-ExtraBoldItalic-tlf-swash-lgr EBGaramond-ExtraBoldItalic "AutoEnc_yqpahrs3wosnutq6ezrrbzbcad ReEncodeFont" <[ebgm_yqpahr.enc <EBGaramond-ExtraBoldItalic.pfb
EBGaramond-ExtraBoldItalic-tlf-ts1--base EBGaramond-ExtraBoldItalic "AutoEnc_doset5jni7ptstijeczbezqvvd ReEncodeFont" <[ebgm_doset5.enc <EBGaramond-ExtraBoldItalic.pfb
EBGaramond-ExtraBoldItalic-inf-ot1 EBGaramond-ExtraBoldItalic "AutoEnc_ao6kf7czm3kxufroii6io2txyb ReEncodeFont" <[ebgm_ao6kf7.enc <EBGaramond-ExtraBoldItalic.pfb
EBGaramond-ExtraBoldItalic-inf-t1--base EBGaramond-ExtraBoldItalic "AutoEnc_kfeykpdkdkfgcmiob2alq76d6b ReEncodeFont" <[ebgm_kfeykp.enc <EBGaramond-ExtraBoldItalic.pfb
EBGaramond-ExtraBoldItalic-inf-ly1 EBGaramond-ExtraBoldItalic "AutoEnc_epwp2lils7xq2kbhppunmymawf ReEncodeFont" <[ebgm_epwp2l.enc <EBGaramond-ExtraBoldItalic.pfb
EBGaramond-ExtraBoldItalic-inf-lgr EBGaramond-ExtraBoldItalic "AutoEnc_g63n4uojx3g7pgsfnlft7cw6sd ReEncodeFont" <[ebgm_g63n4u.enc <EBGaramond-ExtraBoldItalic.pfb
EBGaramond-ExtraBoldItalic-sup-ot1 EBGaramond-ExtraBoldItalic "AutoEnc_oge4zeph4qgrf2eqipj4avd4uf ReEncodeFont" <[ebgm_oge4ze.enc <EBGaramond-ExtraBoldItalic.pfb
EBGaramond-ExtraBoldItalic-sup-t1--base EBGaramond-ExtraBoldItalic "AutoEnc_bszlvlk6bkouv7yc5pd5xqbgld ReEncodeFont" <[ebgm_bszlvl.enc <EBGaramond-ExtraBoldItalic.pfb
EBGaramond-ExtraBoldItalic-sup-ly1 EBGaramond-ExtraBoldItalic "AutoEnc_ipm435yylcknwb62m4tec5wq4c ReEncodeFont" <[ebgm_ipm435.enc <EBGaramond-ExtraBoldItalic.pfb
EBGaramond-ExtraBoldItalic-sup-lgr EBGaramond-ExtraBoldItalic "AutoEnc_hfyizyzr4bsipesqmsfmfxla4g ReEncodeFont" <[ebgm_hfyizy.enc <EBGaramond-ExtraBoldItalic.pfb
EBGaramond-ExtraBoldItalic-lf-ot1 EBGaramond-ExtraBoldItalic "AutoEnc_xhqcffqmmxjrrica675ubbzdcg ReEncodeFont" <[ebgm_xhqcff.enc <EBGaramond-ExtraBoldItalic.pfb
EBGaramond-ExtraBoldItalic-lf-t1--base EBGaramond-ExtraBoldItalic "AutoEnc_utfkrlk7n6swnyxnxkzq6t2qng ReEncodeFont" <[ebgm_utfkrl.enc <EBGaramond-ExtraBoldItalic.pfb
EBGaramond-ExtraBoldItalic-lf-ly1 EBGaramond-ExtraBoldItalic "AutoEnc_5ysuwqimeevzz7u22fjkupsamc ReEncodeFont" <[ebgm_5ysuwq.enc <EBGaramond-ExtraBoldItalic.pfb
EBGaramond-ExtraBoldItalic-lf-lgr EBGaramond-ExtraBoldItalic "AutoEnc_h5djnb5jmnsvmky3suhpkkmo7c ReEncodeFont" <[ebgm_h5djnb.enc <EBGaramond-ExtraBoldItalic.pfb
EBGaramond-ExtraBoldItalic-lf-sc-ot1--base EBGaramond-ExtraBoldItalic "AutoEnc_qip76aljekhkapltnlznjm26tg ReEncodeFont" <[ebgm_qip76a.enc <EBGaramond-ExtraBoldItalic.pfb
EBGaramond-ExtraBoldItalic-lf-sc-t1--base EBGaramond-ExtraBoldItalic "AutoEnc_xoskheoavizix7q6vfcc7k34cd ReEncodeFont" <[ebgm_xoskhe.enc <EBGaramond-ExtraBoldItalic.pfb
EBGaramond-ExtraBoldItalic-lf-sc-ly1--base EBGaramond-ExtraBoldItalic "AutoEnc_4ljezabvqmresus6zvyoddfvog ReEncodeFont" <[ebgm_4ljeza.enc <EBGaramond-ExtraBoldItalic.pfb
EBGaramond-ExtraBoldItalic-lf-sc-lgr EBGaramond-ExtraBoldItalic "AutoEnc_zor4nhiektugl6piurglsov6ka ReEncodeFont" <[ebgm_zor4nh.enc <EBGaramond-ExtraBoldItalic.pfb
EBGaramond-ExtraBoldItalic-lf-swash-ot1 EBGaramond-ExtraBoldItalic "AutoEnc_rtavnulqqibih7itqnfy2bnnyg ReEncodeFont" <[ebgm_rtavnu.enc <EBGaramond-ExtraBoldItalic.pfb
EBGaramond-ExtraBoldItalic-lf-swash-t1--base EBGaramond-ExtraBoldItalic "AutoEnc_fc5dteu6tszfq4npawfq5cqpbe ReEncodeFont" <[ebgm_fc5dte.enc <EBGaramond-ExtraBoldItalic.pfb
EBGaramond-ExtraBoldItalic-lf-swash-ly1 EBGaramond-ExtraBoldItalic "AutoEnc_t6g5sqnpkcw7fdtynfov5a3twc ReEncodeFont" <[ebgm_t6g5sq.enc <EBGaramond-ExtraBoldItalic.pfb
EBGaramond-ExtraBoldItalic-lf-swash-lgr EBGaramond-ExtraBoldItalic "AutoEnc_h5djnb5jmnsvmky3suhpkkmo7c ReEncodeFont" <[ebgm_h5djnb.enc <EBGaramond-ExtraBoldItalic.pfb
EBGaramond-ExtraBoldItalic-lf-ts1--base EBGaramond-ExtraBoldItalic "AutoEnc_yddfsneogpgfw3a5axgk6w34nc ReEncodeFont" <[ebgm_yddfsn.enc <EBGaramond-ExtraBoldItalic.pfb
EBGaramond-ExtraBoldItalic-tosf-ot1 EBGaramond-ExtraBoldItalic "AutoEnc_hrbra6i2csytfjthk3llgqmsie ReEncodeFont" <[ebgm_hrbra6.enc <EBGaramond-ExtraBoldItalic.pfb
EBGaramond-ExtraBoldItalic-tosf-t1--base EBGaramond-ExtraBoldItalic "AutoEnc_a56nalezuofsdtatiphjmhjrhb ReEncodeFont" <[ebgm_a56nal.enc <EBGaramond-ExtraBoldItalic.pfb
EBGaramond-ExtraBoldItalic-tosf-ly1 EBGaramond-ExtraBoldItalic "AutoEnc_gspomovk7lyl4ombl5ekjjslwe ReEncodeFont" <[ebgm_gspomo.enc <EBGaramond-ExtraBoldItalic.pfb
EBGaramond-ExtraBoldItalic-tosf-lgr EBGaramond-ExtraBoldItalic "AutoEnc_h2c7fwk7hr7f6b726ltraghneg ReEncodeFont" <[ebgm_h2c7fw.enc <EBGaramond-ExtraBoldItalic.pfb
EBGaramond-ExtraBoldItalic-tosf-sc-ot1--base EBGaramond-ExtraBoldItalic "AutoEnc_vqv3w3jddu2yz2dnmvvx2bbzrd ReEncodeFont" <[ebgm_vqv3w3.enc <EBGaramond-ExtraBoldItalic.pfb
EBGaramond-ExtraBoldItalic-tosf-sc-t1--base EBGaramond-ExtraBoldItalic "AutoEnc_nhfy4vcyskj4jwrirusa4olqia ReEncodeFont" <[ebgm_nhfy4v.enc <EBGaramond-ExtraBoldItalic.pfb
EBGaramond-ExtraBoldItalic-tosf-sc-ly1--base EBGaramond-ExtraBoldItalic "AutoEnc_fhs5ay3xzuvj66nv5ukbup7brc ReEncodeFont" <[ebgm_fhs5ay.enc <EBGaramond-ExtraBoldItalic.pfb
EBGaramond-ExtraBoldItalic-tosf-sc-lgr EBGaramond-ExtraBoldItalic "AutoEnc_57ulwipygxpx44bhstzuxg7eeb ReEncodeFont" <[ebgm_57ulwi.enc <EBGaramond-ExtraBoldItalic.pfb
EBGaramond-ExtraBoldItalic-tosf-swash-ot1 EBGaramond-ExtraBoldItalic "AutoEnc_ybjcp2n3rqkpe6jzo7tywoy25b ReEncodeFont" <[ebgm_ybjcp2.enc <EBGaramond-ExtraBoldItalic.pfb
EBGaramond-ExtraBoldItalic-tosf-swash-t1--base EBGaramond-ExtraBoldItalic "AutoEnc_chpilvors6my3ehpbzcxgc6frb ReEncodeFont" <[ebgm_chpilv.enc <EBGaramond-ExtraBoldItalic.pfb
EBGaramond-ExtraBoldItalic-tosf-swash-ly1 EBGaramond-ExtraBoldItalic "AutoEnc_xgcnbwdsheuby7mx6lcn6pikec ReEncodeFont" <[ebgm_xgcnbw.enc <EBGaramond-ExtraBoldItalic.pfb
EBGaramond-ExtraBoldItalic-tosf-swash-lgr EBGaramond-ExtraBoldItalic "AutoEnc_h2c7fwk7hr7f6b726ltraghneg ReEncodeFont" <[ebgm_h2c7fw.enc <EBGaramond-ExtraBoldItalic.pfb
EBGaramond-ExtraBoldItalic-tosf-ts1--base EBGaramond-ExtraBoldItalic "AutoEnc_doset5jni7ptstijeczbezqvvd ReEncodeFont" <[ebgm_doset5.enc <EBGaramond-ExtraBoldItalic.pfb
EBGaramond-ExtraBoldItalic-osf-ot1 EBGaramond-ExtraBoldItalic "AutoEnc_tsrvmbxtiuaqna5damhcsmuo7a ReEncodeFont" <[ebgm_tsrvmb.enc <EBGaramond-ExtraBoldItalic.pfb
EBGaramond-ExtraBoldItalic-osf-t1--base EBGaramond-ExtraBoldItalic "AutoEnc_ljow5qyhjlyuzhmaqt2ib23byb ReEncodeFont" <[ebgm_ljow5q.enc <EBGaramond-ExtraBoldItalic.pfb
EBGaramond-ExtraBoldItalic-osf-ly1 EBGaramond-ExtraBoldItalic "AutoEnc_lybnupxzu2xdvf77n54qyc3hmf ReEncodeFont" <[ebgm_lybnup.enc <EBGaramond-ExtraBoldItalic.pfb
EBGaramond-ExtraBoldItalic-osf-lgr EBGaramond-ExtraBoldItalic "AutoEnc_d2h6ljvgfcffsjkildsxejswnc ReEncodeFont" <[ebgm_d2h6lj.enc <EBGaramond-ExtraBoldItalic.pfb
EBGaramond-ExtraBoldItalic-osf-sc-ot1--base EBGaramond-ExtraBoldItalic "AutoEnc_egoty6wpchcoxueschnlw73q6d ReEncodeFont" <[ebgm_egoty6.enc <EBGaramond-ExtraBoldItalic.pfb
EBGaramond-ExtraBoldItalic-osf-sc-t1--base EBGaramond-ExtraBoldItalic "AutoEnc_byuynix5r46fcpi7yc7qekcpbh ReEncodeFont" <[ebgm_byuyni.enc <EBGaramond-ExtraBoldItalic.pfb
EBGaramond-ExtraBoldItalic-osf-sc-ly1--base EBGaramond-ExtraBoldItalic "AutoEnc_w7jvgciavnrd4lpluc74loh5tc ReEncodeFont" <[ebgm_w7jvgc.enc <EBGaramond-ExtraBoldItalic.pfb
EBGaramond-ExtraBoldItalic-osf-sc-lgr EBGaramond-ExtraBoldItalic "AutoEnc_gf4ecrjohawsuircygk3z7dolf ReEncodeFont" <[ebgm_gf4ecr.enc <EBGaramond-ExtraBoldItalic.pfb
EBGaramond-ExtraBoldItalic-osf-swash-ot1 EBGaramond-ExtraBoldItalic "AutoEnc_fl2meaklzd5y4h4656nmpazm7g ReEncodeFont" <[ebgm_fl2mea.enc <EBGaramond-ExtraBoldItalic.pfb
EBGaramond-ExtraBoldItalic-osf-swash-t1--base EBGaramond-ExtraBoldItalic "AutoEnc_5xwr64xfbstsyzqm34el7wgyoa ReEncodeFont" <[ebgm_5xwr64.enc <EBGaramond-ExtraBoldItalic.pfb
EBGaramond-ExtraBoldItalic-osf-swash-ly1 EBGaramond-ExtraBoldItalic "AutoEnc_4v7kvs7llxqenpzq3jpe6t7smc ReEncodeFont" <[ebgm_4v7kvs.enc <EBGaramond-ExtraBoldItalic.pfb
EBGaramond-ExtraBoldItalic-osf-swash-lgr EBGaramond-ExtraBoldItalic "AutoEnc_d2h6ljvgfcffsjkildsxejswnc ReEncodeFont" <[ebgm_d2h6lj.enc <EBGaramond-ExtraBoldItalic.pfb
EBGaramond-ExtraBoldItalic-osf-ts1--base EBGaramond-ExtraBoldItalic "AutoEnc_yddfsneogpgfw3a5axgk6w34nc ReEncodeFont" <[ebgm_yddfsn.enc <EBGaramond-ExtraBoldItalic.pfb
EBGaramond-ExtraBold-tlf-ot1 EBGaramond-ExtraBold "AutoEnc_zcffwkx4jghwtzclmgb4vrul6f ReEncodeFont" <[ebgm_zcffwk.enc <EBGaramond-ExtraBold.pfb
EBGaramond-ExtraBold-tlf-t1--base EBGaramond-ExtraBold "AutoEnc_67ivnhsqlzzfjwyofd7idalr6c ReEncodeFont" <[ebgm_67ivnh.enc <EBGaramond-ExtraBold.pfb
EBGaramond-ExtraBold-tlf-ly1 EBGaramond-ExtraBold "AutoEnc_535mcmkatc3k7okg5zkd62wnwd ReEncodeFont" <[ebgm_535mcm.enc <EBGaramond-ExtraBold.pfb
EBGaramond-ExtraBold-tlf-lgr EBGaramond-ExtraBold "AutoEnc_7tc6veb5ti7ssiwh6gcsgl7tba ReEncodeFont" <[ebgm_7tc6ve.enc <EBGaramond-ExtraBold.pfb
EBGaramond-ExtraBold-tlf-sc-ot1--base EBGaramond-ExtraBold "AutoEnc_s7tpqtebt7fpaobhsv7o6g6p3d ReEncodeFont" <[ebgm_s7tpqt.enc <EBGaramond-ExtraBold.pfb
EBGaramond-ExtraBold-tlf-sc-t1--base EBGaramond-ExtraBold "AutoEnc_yjkoc2bxtyk5pymwhoiyarwopd ReEncodeFont" <[ebgm_yjkoc2.enc <EBGaramond-ExtraBold.pfb
EBGaramond-ExtraBold-tlf-sc-ly1--base EBGaramond-ExtraBold "AutoEnc_bj5npyi4fynrmukxpr6zuls5mb ReEncodeFont" <[ebgm_bj5npy.enc <EBGaramond-ExtraBold.pfb
EBGaramond-ExtraBold-tlf-sc-lgr EBGaramond-ExtraBold "AutoEnc_oahximbxglbv3wxpkrpj4y2s3a ReEncodeFont" <[ebgm_oahxim.enc <EBGaramond-ExtraBold.pfb
EBGaramond-ExtraBold-tlf-swash-ot1 EBGaramond-ExtraBold "AutoEnc_puit2nloz4jci7unygzovz7rah ReEncodeFont" <[ebgm_puit2n.enc <EBGaramond-ExtraBold.pfb
EBGaramond-ExtraBold-tlf-swash-t1--base EBGaramond-ExtraBold "AutoEnc_2ybfspue5bctl7gll276ebcmad ReEncodeFont" <[ebgm_2ybfsp.enc <EBGaramond-ExtraBold.pfb
EBGaramond-ExtraBold-tlf-swash-ly1 EBGaramond-ExtraBold "AutoEnc_zbngqq7w4fvvsebjrikxgrvhzd ReEncodeFont" <[ebgm_zbngqq.enc <EBGaramond-ExtraBold.pfb
EBGaramond-ExtraBold-tlf-swash-lgr EBGaramond-ExtraBold "AutoEnc_7tc6veb5ti7ssiwh6gcsgl7tba ReEncodeFont" <[ebgm_7tc6ve.enc <EBGaramond-ExtraBold.pfb
EBGaramond-ExtraBold-tlf-ts1--base EBGaramond-ExtraBold "AutoEnc_ld6df2x7jielfy7kpphsipzgeb ReEncodeFont" <[ebgm_ld6df2.enc <EBGaramond-ExtraBold.pfb
EBGaramond-ExtraBold-inf-ot1 EBGaramond-ExtraBold "AutoEnc_ao6kf7czm3kxufroii6io2txyb ReEncodeFont" <[ebgm_ao6kf7.enc <EBGaramond-ExtraBold.pfb
EBGaramond-ExtraBold-inf-t1--base EBGaramond-ExtraBold "AutoEnc_kfeykpdkdkfgcmiob2alq76d6b ReEncodeFont" <[ebgm_kfeykp.enc <EBGaramond-ExtraBold.pfb
EBGaramond-ExtraBold-inf-ly1 EBGaramond-ExtraBold "AutoEnc_524p5kfhkhbrmlob56raqstjhh ReEncodeFont" <[ebgm_524p5k.enc <EBGaramond-ExtraBold.pfb
EBGaramond-ExtraBold-inf-lgr EBGaramond-ExtraBold "AutoEnc_pdqo3av4kve7bqrw3rvhvxfhzd ReEncodeFont" <[ebgm_pdqo3a.enc <EBGaramond-ExtraBold.pfb
EBGaramond-ExtraBold-sup-ot1 EBGaramond-ExtraBold "AutoEnc_oge4zeph4qgrf2eqipj4avd4uf ReEncodeFont" <[ebgm_oge4ze.enc <EBGaramond-ExtraBold.pfb
EBGaramond-ExtraBold-sup-t1--base EBGaramond-ExtraBold "AutoEnc_bszlvlk6bkouv7yc5pd5xqbgld ReEncodeFont" <[ebgm_bszlvl.enc <EBGaramond-ExtraBold.pfb
EBGaramond-ExtraBold-sup-ly1 EBGaramond-ExtraBold "AutoEnc_ancicscmgqynsv3uhmrzuy63lc ReEncodeFont" <[ebgm_ancics.enc <EBGaramond-ExtraBold.pfb
EBGaramond-ExtraBold-sup-lgr EBGaramond-ExtraBold "AutoEnc_c6t5bpitf4sr3wr7yxdk44tzla ReEncodeFont" <[ebgm_c6t5bp.enc <EBGaramond-ExtraBold.pfb
EBGaramond-ExtraBold-lf-ot1 EBGaramond-ExtraBold "AutoEnc_gfppumj2niwzr7rvknb25lnijd ReEncodeFont" <[ebgm_gfppum.enc <EBGaramond-ExtraBold.pfb
EBGaramond-ExtraBold-lf-t1--base EBGaramond-ExtraBold "AutoEnc_ldtcglywtopractqcvck4apvwf ReEncodeFont" <[ebgm_ldtcgl.enc <EBGaramond-ExtraBold.pfb
EBGaramond-ExtraBold-lf-ly1 EBGaramond-ExtraBold "AutoEnc_k24cav3n2vooiafmr42yfwxnig ReEncodeFont" <[ebgm_k24cav.enc <EBGaramond-ExtraBold.pfb
EBGaramond-ExtraBold-lf-lgr EBGaramond-ExtraBold "AutoEnc_u7qtota2ag455cepax2sd2ckqd ReEncodeFont" <[ebgm_u7qtot.enc <EBGaramond-ExtraBold.pfb
EBGaramond-ExtraBold-lf-sc-ot1--base EBGaramond-ExtraBold "AutoEnc_qip76aljekhkapltnlznjm26tg ReEncodeFont" <[ebgm_qip76a.enc <EBGaramond-ExtraBold.pfb
EBGaramond-ExtraBold-lf-sc-t1--base EBGaramond-ExtraBold "AutoEnc_xoskheoavizix7q6vfcc7k34cd ReEncodeFont" <[ebgm_xoskhe.enc <EBGaramond-ExtraBold.pfb
EBGaramond-ExtraBold-lf-sc-ly1--base EBGaramond-ExtraBold "AutoEnc_k5z2jzdrvp4cxkgtha7q3hj3ic ReEncodeFont" <[ebgm_k5z2jz.enc <EBGaramond-ExtraBold.pfb
EBGaramond-ExtraBold-lf-sc-lgr EBGaramond-ExtraBold "AutoEnc_a37mnvqydlorqaald5plu4ojed ReEncodeFont" <[ebgm_a37mnv.enc <EBGaramond-ExtraBold.pfb
EBGaramond-ExtraBold-lf-swash-ot1 EBGaramond-ExtraBold "AutoEnc_qhp2audysmrephuwmg3n4k6rda ReEncodeFont" <[ebgm_qhp2au.enc <EBGaramond-ExtraBold.pfb
EBGaramond-ExtraBold-lf-swash-t1--base EBGaramond-ExtraBold "AutoEnc_qwnohrkd4g7ovht34zvdv4rxye ReEncodeFont" <[ebgm_qwnohr.enc <EBGaramond-ExtraBold.pfb
EBGaramond-ExtraBold-lf-swash-ly1 EBGaramond-ExtraBold "AutoEnc_ndsebzebomne5pur324xut6sob ReEncodeFont" <[ebgm_ndsebz.enc <EBGaramond-ExtraBold.pfb
EBGaramond-ExtraBold-lf-swash-lgr EBGaramond-ExtraBold "AutoEnc_u7qtota2ag455cepax2sd2ckqd ReEncodeFont" <[ebgm_u7qtot.enc <EBGaramond-ExtraBold.pfb
EBGaramond-ExtraBold-lf-ts1--base EBGaramond-ExtraBold "AutoEnc_ld6df2x7jielfy7kpphsipzgeb ReEncodeFont" <[ebgm_ld6df2.enc <EBGaramond-ExtraBold.pfb
EBGaramond-ExtraBold-tosf-ot1 EBGaramond-ExtraBold "AutoEnc_6qtp6p6j4z7jltsaazygzjbv4h ReEncodeFont" <[ebgm_6qtp6p.enc <EBGaramond-ExtraBold.pfb
EBGaramond-ExtraBold-tosf-t1--base EBGaramond-ExtraBold "AutoEnc_oskdwa7l2lpl3eabckeiyywzac ReEncodeFont" <[ebgm_oskdwa.enc <EBGaramond-ExtraBold.pfb
EBGaramond-ExtraBold-tosf-ly1 EBGaramond-ExtraBold "AutoEnc_z6ekgmyix66coapciojsnatnsd ReEncodeFont" <[ebgm_z6ekgm.enc <EBGaramond-ExtraBold.pfb
EBGaramond-ExtraBold-tosf-lgr EBGaramond-ExtraBold "AutoEnc_j4bgamcdqi3g7r5p3hqc4iyw7g ReEncodeFont" <[ebgm_j4bgam.enc <EBGaramond-ExtraBold.pfb
EBGaramond-ExtraBold-tosf-sc-ot1--base EBGaramond-ExtraBold "AutoEnc_vqv3w3jddu2yz2dnmvvx2bbzrd ReEncodeFont" <[ebgm_vqv3w3.enc <EBGaramond-ExtraBold.pfb
EBGaramond-ExtraBold-tosf-sc-t1--base EBGaramond-ExtraBold "AutoEnc_nhfy4vcyskj4jwrirusa4olqia ReEncodeFont" <[ebgm_nhfy4v.enc <EBGaramond-ExtraBold.pfb
EBGaramond-ExtraBold-tosf-sc-ly1--base EBGaramond-ExtraBold "AutoEnc_2hp5cx2riilbqpkbahujgy6q5d ReEncodeFont" <[ebgm_2hp5cx.enc <EBGaramond-ExtraBold.pfb
EBGaramond-ExtraBold-tosf-sc-lgr EBGaramond-ExtraBold "AutoEnc_7zgzergdqk64snrz5jrrhbnuia ReEncodeFont" <[ebgm_7zgzer.enc <EBGaramond-ExtraBold.pfb
EBGaramond-ExtraBold-tosf-swash-ot1 EBGaramond-ExtraBold "AutoEnc_i3ibnmrltnyzdi6mqew7p5ptpb ReEncodeFont" <[ebgm_i3ibnm.enc <EBGaramond-ExtraBold.pfb
EBGaramond-ExtraBold-tosf-swash-t1--base EBGaramond-ExtraBold "AutoEnc_fbpsnn4gedcdsmgeb3sv36kaoa ReEncodeFont" <[ebgm_fbpsnn.enc <EBGaramond-ExtraBold.pfb
EBGaramond-ExtraBold-tosf-swash-ly1 EBGaramond-ExtraBold "AutoEnc_k7jns3urrwjbeec6cxbmjtdeba ReEncodeFont" <[ebgm_k7jns3.enc <EBGaramond-ExtraBold.pfb
EBGaramond-ExtraBold-tosf-swash-lgr EBGaramond-ExtraBold "AutoEnc_j4bgamcdqi3g7r5p3hqc4iyw7g ReEncodeFont" <[ebgm_j4bgam.enc <EBGaramond-ExtraBold.pfb
EBGaramond-ExtraBold-tosf-ts1--base EBGaramond-ExtraBold "AutoEnc_ld6df2x7jielfy7kpphsipzgeb ReEncodeFont" <[ebgm_ld6df2.enc <EBGaramond-ExtraBold.pfb
EBGaramond-ExtraBold-osf-ot1 EBGaramond-ExtraBold "AutoEnc_fc2mbn3xtktdfxsxdv3khcb5dh ReEncodeFont" <[ebgm_fc2mbn.enc <EBGaramond-ExtraBold.pfb
EBGaramond-ExtraBold-osf-t1--base EBGaramond-ExtraBold "AutoEnc_tcdnmrnue2rp5jhik7fpez6o6c ReEncodeFont" <[ebgm_tcdnmr.enc <EBGaramond-ExtraBold.pfb
EBGaramond-ExtraBold-osf-ly1 EBGaramond-ExtraBold "AutoEnc_rdmgdpbfgczlsyeculwnih2dnb ReEncodeFont" <[ebgm_rdmgdp.enc <EBGaramond-ExtraBold.pfb
EBGaramond-ExtraBold-osf-lgr EBGaramond-ExtraBold "AutoEnc_j2crie3q3ql5vppmub5ulnuhme ReEncodeFont" <[ebgm_j2crie.enc <EBGaramond-ExtraBold.pfb
EBGaramond-ExtraBold-osf-sc-ot1--base EBGaramond-ExtraBold "AutoEnc_egoty6wpchcoxueschnlw73q6d ReEncodeFont" <[ebgm_egoty6.enc <EBGaramond-ExtraBold.pfb
EBGaramond-ExtraBold-osf-sc-t1--base EBGaramond-ExtraBold "AutoEnc_byuynix5r46fcpi7yc7qekcpbh ReEncodeFont" <[ebgm_byuyni.enc <EBGaramond-ExtraBold.pfb
EBGaramond-ExtraBold-osf-sc-ly1--base EBGaramond-ExtraBold "AutoEnc_3veehr3qlng7egxjmdt62spp4b ReEncodeFont" <[ebgm_3veehr.enc <EBGaramond-ExtraBold.pfb
EBGaramond-ExtraBold-osf-sc-lgr EBGaramond-ExtraBold "AutoEnc_a23bapsffzolzs2xp62zafejdf ReEncodeFont" <[ebgm_a23bap.enc <EBGaramond-ExtraBold.pfb
EBGaramond-ExtraBold-osf-swash-ot1 EBGaramond-ExtraBold "AutoEnc_5cvcse6zzhyqnzpcyyxf2c4jmd ReEncodeFont" <[ebgm_5cvcse.enc <EBGaramond-ExtraBold.pfb
EBGaramond-ExtraBold-osf-swash-t1--base EBGaramond-ExtraBold "AutoEnc_bisgyqvbye4j4z3a2eitsziioc ReEncodeFont" <[ebgm_bisgyq.enc <EBGaramond-ExtraBold.pfb
EBGaramond-ExtraBold-osf-swash-ly1 EBGaramond-ExtraBold "AutoEnc_lbrsczy3nobnrl57jk37hi67bg ReEncodeFont" <[ebgm_lbrscz.enc <EBGaramond-ExtraBold.pfb
EBGaramond-ExtraBold-osf-swash-lgr EBGaramond-ExtraBold "AutoEnc_j2crie3q3ql5vppmub5ulnuhme ReEncodeFont" <[ebgm_j2crie.enc <EBGaramond-ExtraBold.pfb
EBGaramond-ExtraBold-osf-ts1--base EBGaramond-ExtraBold "AutoEnc_ld6df2x7jielfy7kpphsipzgeb ReEncodeFont" <[ebgm_ld6df2.enc <EBGaramond-ExtraBold.pfb
EBGaramond-Italic-tlf-ot1 EBGaramond-Italic "AutoEnc_bevor6f4qe6rza4745ele7aydb ReEncodeFont" <[ebgm_bevor6.enc <EBGaramond-Italic.pfb
EBGaramond-Italic-tlf-t1--base EBGaramond-Italic "AutoEnc_3zuotsujx7tawnou2ocz4iiuea ReEncodeFont" <[ebgm_3zuots.enc <EBGaramond-Italic.pfb
EBGaramond-Italic-tlf-ly1 EBGaramond-Italic "AutoEnc_34tkjeiafamtukmk74dnwdkiwf ReEncodeFont" <[ebgm_34tkje.enc <EBGaramond-Italic.pfb
EBGaramond-Italic-tlf-lgr EBGaramond-Italic "AutoEnc_yqpahrs3wosnutq6ezrrbzbcad ReEncodeFont" <[ebgm_yqpahr.enc <EBGaramond-Italic.pfb
EBGaramond-Italic-tlf-sc-ot1--base EBGaramond-Italic "AutoEnc_s7tpqtebt7fpaobhsv7o6g6p3d ReEncodeFont" <[ebgm_s7tpqt.enc <EBGaramond-Italic.pfb
EBGaramond-Italic-tlf-sc-t1--base EBGaramond-Italic "AutoEnc_yjkoc2bxtyk5pymwhoiyarwopd ReEncodeFont" <[ebgm_yjkoc2.enc <EBGaramond-Italic.pfb
EBGaramond-Italic-tlf-sc-ly1--base EBGaramond-Italic "AutoEnc_t3ctnrct3uicefa2mm4axrgpyg ReEncodeFont" <[ebgm_t3ctnr.enc <EBGaramond-Italic.pfb
EBGaramond-Italic-tlf-sc-lgr EBGaramond-Italic "AutoEnc_sqqqn7irh2wewmm2lxxbrwlahg ReEncodeFont" <[ebgm_sqqqn7.enc <EBGaramond-Italic.pfb
EBGaramond-Italic-tlf-swash-ot1 EBGaramond-Italic "AutoEnc_lmhdpautlukhhaszf64lrhchif ReEncodeFont" <[ebgm_lmhdpa.enc <EBGaramond-Italic.pfb
EBGaramond-Italic-tlf-swash-t1--base EBGaramond-Italic "AutoEnc_cqx43slf7ljaurswzpgaigngcg ReEncodeFont" <[ebgm_cqx43s.enc <EBGaramond-Italic.pfb
EBGaramond-Italic-tlf-swash-ly1 EBGaramond-Italic "AutoEnc_gaaohpl5u2ikyzoyyyn4dfawde ReEncodeFont" <[ebgm_gaaohp.enc <EBGaramond-Italic.pfb
EBGaramond-Italic-tlf-swash-lgr EBGaramond-Italic "AutoEnc_yqpahrs3wosnutq6ezrrbzbcad ReEncodeFont" <[ebgm_yqpahr.enc <EBGaramond-Italic.pfb
EBGaramond-Italic-tlf-ts1--base EBGaramond-Italic "AutoEnc_doset5jni7ptstijeczbezqvvd ReEncodeFont" <[ebgm_doset5.enc <EBGaramond-Italic.pfb
EBGaramond-Italic-inf-ot1 EBGaramond-Italic "AutoEnc_ao6kf7czm3kxufroii6io2txyb ReEncodeFont" <[ebgm_ao6kf7.enc <EBGaramond-Italic.pfb
EBGaramond-Italic-inf-t1--base EBGaramond-Italic "AutoEnc_kfeykpdkdkfgcmiob2alq76d6b ReEncodeFont" <[ebgm_kfeykp.enc <EBGaramond-Italic.pfb
EBGaramond-Italic-inf-ly1 EBGaramond-Italic "AutoEnc_epwp2lils7xq2kbhppunmymawf ReEncodeFont" <[ebgm_epwp2l.enc <EBGaramond-Italic.pfb
EBGaramond-Italic-inf-lgr EBGaramond-Italic "AutoEnc_g63n4uojx3g7pgsfnlft7cw6sd ReEncodeFont" <[ebgm_g63n4u.enc <EBGaramond-Italic.pfb
EBGaramond-Italic-sup-ot1 EBGaramond-Italic "AutoEnc_oge4zeph4qgrf2eqipj4avd4uf ReEncodeFont" <[ebgm_oge4ze.enc <EBGaramond-Italic.pfb
EBGaramond-Italic-sup-t1--base EBGaramond-Italic "AutoEnc_bszlvlk6bkouv7yc5pd5xqbgld ReEncodeFont" <[ebgm_bszlvl.enc <EBGaramond-Italic.pfb
EBGaramond-Italic-sup-ly1 EBGaramond-Italic "AutoEnc_ipm435yylcknwb62m4tec5wq4c ReEncodeFont" <[ebgm_ipm435.enc <EBGaramond-Italic.pfb
EBGaramond-Italic-sup-lgr EBGaramond-Italic "AutoEnc_hfyizyzr4bsipesqmsfmfxla4g ReEncodeFont" <[ebgm_hfyizy.enc <EBGaramond-Italic.pfb
EBGaramond-Italic-lf-ot1 EBGaramond-Italic "AutoEnc_xhqcffqmmxjrrica675ubbzdcg ReEncodeFont" <[ebgm_xhqcff.enc <EBGaramond-Italic.pfb
EBGaramond-Italic-lf-t1--base EBGaramond-Italic "AutoEnc_utfkrlk7n6swnyxnxkzq6t2qng ReEncodeFont" <[ebgm_utfkrl.enc <EBGaramond-Italic.pfb
EBGaramond-Italic-lf-ly1 EBGaramond-Italic "AutoEnc_5ysuwqimeevzz7u22fjkupsamc ReEncodeFont" <[ebgm_5ysuwq.enc <EBGaramond-Italic.pfb
EBGaramond-Italic-lf-lgr EBGaramond-Italic "AutoEnc_h5djnb5jmnsvmky3suhpkkmo7c ReEncodeFont" <[ebgm_h5djnb.enc <EBGaramond-Italic.pfb
EBGaramond-Italic-lf-sc-ot1--base EBGaramond-Italic "AutoEnc_qip76aljekhkapltnlznjm26tg ReEncodeFont" <[ebgm_qip76a.enc <EBGaramond-Italic.pfb
EBGaramond-Italic-lf-sc-t1--base EBGaramond-Italic "AutoEnc_xoskheoavizix7q6vfcc7k34cd ReEncodeFont" <[ebgm_xoskhe.enc <EBGaramond-Italic.pfb
EBGaramond-Italic-lf-sc-ly1--base EBGaramond-Italic "AutoEnc_4ljezabvqmresus6zvyoddfvog ReEncodeFont" <[ebgm_4ljeza.enc <EBGaramond-Italic.pfb
EBGaramond-Italic-lf-sc-lgr EBGaramond-Italic "AutoEnc_zor4nhiektugl6piurglsov6ka ReEncodeFont" <[ebgm_zor4nh.enc <EBGaramond-Italic.pfb
EBGaramond-Italic-lf-swash-ot1 EBGaramond-Italic "AutoEnc_rtavnulqqibih7itqnfy2bnnyg ReEncodeFont" <[ebgm_rtavnu.enc <EBGaramond-Italic.pfb
EBGaramond-Italic-lf-swash-t1--base EBGaramond-Italic "AutoEnc_fc5dteu6tszfq4npawfq5cqpbe ReEncodeFont" <[ebgm_fc5dte.enc <EBGaramond-Italic.pfb
EBGaramond-Italic-lf-swash-ly1 EBGaramond-Italic "AutoEnc_t6g5sqnpkcw7fdtynfov5a3twc ReEncodeFont" <[ebgm_t6g5sq.enc <EBGaramond-Italic.pfb
EBGaramond-Italic-lf-swash-lgr EBGaramond-Italic "AutoEnc_h5djnb5jmnsvmky3suhpkkmo7c ReEncodeFont" <[ebgm_h5djnb.enc <EBGaramond-Italic.pfb
EBGaramond-Italic-lf-ts1--base EBGaramond-Italic "AutoEnc_yddfsneogpgfw3a5axgk6w34nc ReEncodeFont" <[ebgm_yddfsn.enc <EBGaramond-Italic.pfb
EBGaramond-Italic-tosf-ot1 EBGaramond-Italic "AutoEnc_hrbra6i2csytfjthk3llgqmsie ReEncodeFont" <[ebgm_hrbra6.enc <EBGaramond-Italic.pfb
EBGaramond-Italic-tosf-t1--base EBGaramond-Italic "AutoEnc_a56nalezuofsdtatiphjmhjrhb ReEncodeFont" <[ebgm_a56nal.enc <EBGaramond-Italic.pfb
EBGaramond-Italic-tosf-ly1 EBGaramond-Italic "AutoEnc_gspomovk7lyl4ombl5ekjjslwe ReEncodeFont" <[ebgm_gspomo.enc <EBGaramond-Italic.pfb
EBGaramond-Italic-tosf-lgr EBGaramond-Italic "AutoEnc_h2c7fwk7hr7f6b726ltraghneg ReEncodeFont" <[ebgm_h2c7fw.enc <EBGaramond-Italic.pfb
EBGaramond-Italic-tosf-sc-ot1--base EBGaramond-Italic "AutoEnc_vqv3w3jddu2yz2dnmvvx2bbzrd ReEncodeFont" <[ebgm_vqv3w3.enc <EBGaramond-Italic.pfb
EBGaramond-Italic-tosf-sc-t1--base EBGaramond-Italic "AutoEnc_nhfy4vcyskj4jwrirusa4olqia ReEncodeFont" <[ebgm_nhfy4v.enc <EBGaramond-Italic.pfb
EBGaramond-Italic-tosf-sc-ly1--base EBGaramond-Italic "AutoEnc_fhs5ay3xzuvj66nv5ukbup7brc ReEncodeFont" <[ebgm_fhs5ay.enc <EBGaramond-Italic.pfb
EBGaramond-Italic-tosf-sc-lgr EBGaramond-Italic "AutoEnc_57ulwipygxpx44bhstzuxg7eeb ReEncodeFont" <[ebgm_57ulwi.enc <EBGaramond-Italic.pfb
EBGaramond-Italic-tosf-swash-ot1 EBGaramond-Italic "AutoEnc_ybjcp2n3rqkpe6jzo7tywoy25b ReEncodeFont" <[ebgm_ybjcp2.enc <EBGaramond-Italic.pfb
EBGaramond-Italic-tosf-swash-t1--base EBGaramond-Italic "AutoEnc_chpilvors6my3ehpbzcxgc6frb ReEncodeFont" <[ebgm_chpilv.enc <EBGaramond-Italic.pfb
EBGaramond-Italic-tosf-swash-ly1 EBGaramond-Italic "AutoEnc_xgcnbwdsheuby7mx6lcn6pikec ReEncodeFont" <[ebgm_xgcnbw.enc <EBGaramond-Italic.pfb
EBGaramond-Italic-tosf-swash-lgr EBGaramond-Italic "AutoEnc_h2c7fwk7hr7f6b726ltraghneg ReEncodeFont" <[ebgm_h2c7fw.enc <EBGaramond-Italic.pfb
EBGaramond-Italic-tosf-ts1--base EBGaramond-Italic "AutoEnc_doset5jni7ptstijeczbezqvvd ReEncodeFont" <[ebgm_doset5.enc <EBGaramond-Italic.pfb
EBGaramond-Italic-osf-ot1 EBGaramond-Italic "AutoEnc_tsrvmbxtiuaqna5damhcsmuo7a ReEncodeFont" <[ebgm_tsrvmb.enc <EBGaramond-Italic.pfb
EBGaramond-Italic-osf-t1--base EBGaramond-Italic "AutoEnc_ljow5qyhjlyuzhmaqt2ib23byb ReEncodeFont" <[ebgm_ljow5q.enc <EBGaramond-Italic.pfb
EBGaramond-Italic-osf-ly1 EBGaramond-Italic "AutoEnc_lybnupxzu2xdvf77n54qyc3hmf ReEncodeFont" <[ebgm_lybnup.enc <EBGaramond-Italic.pfb
EBGaramond-Italic-osf-lgr EBGaramond-Italic "AutoEnc_d2h6ljvgfcffsjkildsxejswnc ReEncodeFont" <[ebgm_d2h6lj.enc <EBGaramond-Italic.pfb
EBGaramond-Italic-osf-sc-ot1--base EBGaramond-Italic "AutoEnc_egoty6wpchcoxueschnlw73q6d ReEncodeFont" <[ebgm_egoty6.enc <EBGaramond-Italic.pfb
EBGaramond-Italic-osf-sc-t1--base EBGaramond-Italic "AutoEnc_byuynix5r46fcpi7yc7qekcpbh ReEncodeFont" <[ebgm_byuyni.enc <EBGaramond-Italic.pfb
EBGaramond-Italic-osf-sc-ly1--base EBGaramond-Italic "AutoEnc_w7jvgciavnrd4lpluc74loh5tc ReEncodeFont" <[ebgm_w7jvgc.enc <EBGaramond-Italic.pfb
EBGaramond-Italic-osf-sc-lgr EBGaramond-Italic "AutoEnc_gf4ecrjohawsuircygk3z7dolf ReEncodeFont" <[ebgm_gf4ecr.enc <EBGaramond-Italic.pfb
EBGaramond-Italic-osf-swash-ot1 EBGaramond-Italic "AutoEnc_fl2meaklzd5y4h4656nmpazm7g ReEncodeFont" <[ebgm_fl2mea.enc <EBGaramond-Italic.pfb
EBGaramond-Italic-osf-swash-t1--base EBGaramond-Italic "AutoEnc_5xwr64xfbstsyzqm34el7wgyoa ReEncodeFont" <[ebgm_5xwr64.enc <EBGaramond-Italic.pfb
EBGaramond-Italic-osf-swash-ly1 EBGaramond-Italic "AutoEnc_4v7kvs7llxqenpzq3jpe6t7smc ReEncodeFont" <[ebgm_4v7kvs.enc <EBGaramond-Italic.pfb
EBGaramond-Italic-osf-swash-lgr EBGaramond-Italic "AutoEnc_d2h6ljvgfcffsjkildsxejswnc ReEncodeFont" <[ebgm_d2h6lj.enc <EBGaramond-Italic.pfb
EBGaramond-Italic-osf-ts1--base EBGaramond-Italic "AutoEnc_yddfsneogpgfw3a5axgk6w34nc ReEncodeFont" <[ebgm_yddfsn.enc <EBGaramond-Italic.pfb
EBGaramond-MediumItalic-tlf-ot1 EBGaramond-MediumItalic "AutoEnc_bevor6f4qe6rza4745ele7aydb ReEncodeFont" <[ebgm_bevor6.enc <EBGaramond-MediumItalic.pfb
EBGaramond-MediumItalic-tlf-t1--base EBGaramond-MediumItalic "AutoEnc_3zuotsujx7tawnou2ocz4iiuea ReEncodeFont" <[ebgm_3zuots.enc <EBGaramond-MediumItalic.pfb
EBGaramond-MediumItalic-tlf-ly1 EBGaramond-MediumItalic "AutoEnc_34tkjeiafamtukmk74dnwdkiwf ReEncodeFont" <[ebgm_34tkje.enc <EBGaramond-MediumItalic.pfb
EBGaramond-MediumItalic-tlf-lgr EBGaramond-MediumItalic "AutoEnc_yqpahrs3wosnutq6ezrrbzbcad ReEncodeFont" <[ebgm_yqpahr.enc <EBGaramond-MediumItalic.pfb
EBGaramond-MediumItalic-tlf-sc-ot1--base EBGaramond-MediumItalic "AutoEnc_s7tpqtebt7fpaobhsv7o6g6p3d ReEncodeFont" <[ebgm_s7tpqt.enc <EBGaramond-MediumItalic.pfb
EBGaramond-MediumItalic-tlf-sc-t1--base EBGaramond-MediumItalic "AutoEnc_yjkoc2bxtyk5pymwhoiyarwopd ReEncodeFont" <[ebgm_yjkoc2.enc <EBGaramond-MediumItalic.pfb
EBGaramond-MediumItalic-tlf-sc-ly1--base EBGaramond-MediumItalic "AutoEnc_t3ctnrct3uicefa2mm4axrgpyg ReEncodeFont" <[ebgm_t3ctnr.enc <EBGaramond-MediumItalic.pfb
EBGaramond-MediumItalic-tlf-sc-lgr EBGaramond-MediumItalic "AutoEnc_sqqqn7irh2wewmm2lxxbrwlahg ReEncodeFont" <[ebgm_sqqqn7.enc <EBGaramond-MediumItalic.pfb
EBGaramond-MediumItalic-tlf-swash-ot1 EBGaramond-MediumItalic "AutoEnc_lmhdpautlukhhaszf64lrhchif ReEncodeFont" <[ebgm_lmhdpa.enc <EBGaramond-MediumItalic.pfb
EBGaramond-MediumItalic-tlf-swash-t1--base EBGaramond-MediumItalic "AutoEnc_cqx43slf7ljaurswzpgaigngcg ReEncodeFont" <[ebgm_cqx43s.enc <EBGaramond-MediumItalic.pfb
EBGaramond-MediumItalic-tlf-swash-ly1 EBGaramond-MediumItalic "AutoEnc_gaaohpl5u2ikyzoyyyn4dfawde ReEncodeFont" <[ebgm_gaaohp.enc <EBGaramond-MediumItalic.pfb
EBGaramond-MediumItalic-tlf-swash-lgr EBGaramond-MediumItalic "AutoEnc_yqpahrs3wosnutq6ezrrbzbcad ReEncodeFont" <[ebgm_yqpahr.enc <EBGaramond-MediumItalic.pfb
EBGaramond-MediumItalic-tlf-ts1--base EBGaramond-MediumItalic "AutoEnc_doset5jni7ptstijeczbezqvvd ReEncodeFont" <[ebgm_doset5.enc <EBGaramond-MediumItalic.pfb
EBGaramond-MediumItalic-inf-ot1 EBGaramond-MediumItalic "AutoEnc_ao6kf7czm3kxufroii6io2txyb ReEncodeFont" <[ebgm_ao6kf7.enc <EBGaramond-MediumItalic.pfb
EBGaramond-MediumItalic-inf-t1--base EBGaramond-MediumItalic "AutoEnc_kfeykpdkdkfgcmiob2alq76d6b ReEncodeFont" <[ebgm_kfeykp.enc <EBGaramond-MediumItalic.pfb
EBGaramond-MediumItalic-inf-ly1 EBGaramond-MediumItalic "AutoEnc_epwp2lils7xq2kbhppunmymawf ReEncodeFont" <[ebgm_epwp2l.enc <EBGaramond-MediumItalic.pfb
EBGaramond-MediumItalic-inf-lgr EBGaramond-MediumItalic "AutoEnc_g63n4uojx3g7pgsfnlft7cw6sd ReEncodeFont" <[ebgm_g63n4u.enc <EBGaramond-MediumItalic.pfb
EBGaramond-MediumItalic-sup-ot1 EBGaramond-MediumItalic "AutoEnc_oge4zeph4qgrf2eqipj4avd4uf ReEncodeFont" <[ebgm_oge4ze.enc <EBGaramond-MediumItalic.pfb
EBGaramond-MediumItalic-sup-t1--base EBGaramond-MediumItalic "AutoEnc_bszlvlk6bkouv7yc5pd5xqbgld ReEncodeFont" <[ebgm_bszlvl.enc <EBGaramond-MediumItalic.pfb
EBGaramond-MediumItalic-sup-ly1 EBGaramond-MediumItalic "AutoEnc_ipm435yylcknwb62m4tec5wq4c ReEncodeFont" <[ebgm_ipm435.enc <EBGaramond-MediumItalic.pfb
EBGaramond-MediumItalic-sup-lgr EBGaramond-MediumItalic "AutoEnc_hfyizyzr4bsipesqmsfmfxla4g ReEncodeFont" <[ebgm_hfyizy.enc <EBGaramond-MediumItalic.pfb
EBGaramond-MediumItalic-lf-ot1 EBGaramond-MediumItalic "AutoEnc_xhqcffqmmxjrrica675ubbzdcg ReEncodeFont" <[ebgm_xhqcff.enc <EBGaramond-MediumItalic.pfb
EBGaramond-MediumItalic-lf-t1--base EBGaramond-MediumItalic "AutoEnc_utfkrlk7n6swnyxnxkzq6t2qng ReEncodeFont" <[ebgm_utfkrl.enc <EBGaramond-MediumItalic.pfb
EBGaramond-MediumItalic-lf-ly1 EBGaramond-MediumItalic "AutoEnc_5ysuwqimeevzz7u22fjkupsamc ReEncodeFont" <[ebgm_5ysuwq.enc <EBGaramond-MediumItalic.pfb
EBGaramond-MediumItalic-lf-lgr EBGaramond-MediumItalic "AutoEnc_h5djnb5jmnsvmky3suhpkkmo7c ReEncodeFont" <[ebgm_h5djnb.enc <EBGaramond-MediumItalic.pfb
EBGaramond-MediumItalic-lf-sc-ot1--base EBGaramond-MediumItalic "AutoEnc_qip76aljekhkapltnlznjm26tg ReEncodeFont" <[ebgm_qip76a.enc <EBGaramond-MediumItalic.pfb
EBGaramond-MediumItalic-lf-sc-t1--base EBGaramond-MediumItalic "AutoEnc_xoskheoavizix7q6vfcc7k34cd ReEncodeFont" <[ebgm_xoskhe.enc <EBGaramond-MediumItalic.pfb
EBGaramond-MediumItalic-lf-sc-ly1--base EBGaramond-MediumItalic "AutoEnc_4ljezabvqmresus6zvyoddfvog ReEncodeFont" <[ebgm_4ljeza.enc <EBGaramond-MediumItalic.pfb
EBGaramond-MediumItalic-lf-sc-lgr EBGaramond-MediumItalic "AutoEnc_zor4nhiektugl6piurglsov6ka ReEncodeFont" <[ebgm_zor4nh.enc <EBGaramond-MediumItalic.pfb
EBGaramond-MediumItalic-lf-swash-ot1 EBGaramond-MediumItalic "AutoEnc_rtavnulqqibih7itqnfy2bnnyg ReEncodeFont" <[ebgm_rtavnu.enc <EBGaramond-MediumItalic.pfb
EBGaramond-MediumItalic-lf-swash-t1--base EBGaramond-MediumItalic "AutoEnc_fc5dteu6tszfq4npawfq5cqpbe ReEncodeFont" <[ebgm_fc5dte.enc <EBGaramond-MediumItalic.pfb
EBGaramond-MediumItalic-lf-swash-ly1 EBGaramond-MediumItalic "AutoEnc_t6g5sqnpkcw7fdtynfov5a3twc ReEncodeFont" <[ebgm_t6g5sq.enc <EBGaramond-MediumItalic.pfb
EBGaramond-MediumItalic-lf-swash-lgr EBGaramond-MediumItalic "AutoEnc_h5djnb5jmnsvmky3suhpkkmo7c ReEncodeFont" <[ebgm_h5djnb.enc <EBGaramond-MediumItalic.pfb
EBGaramond-MediumItalic-lf-ts1--base EBGaramond-MediumItalic "AutoEnc_yddfsneogpgfw3a5axgk6w34nc ReEncodeFont" <[ebgm_yddfsn.enc <EBGaramond-MediumItalic.pfb
EBGaramond-MediumItalic-tosf-ot1 EBGaramond-MediumItalic "AutoEnc_hrbra6i2csytfjthk3llgqmsie ReEncodeFont" <[ebgm_hrbra6.enc <EBGaramond-MediumItalic.pfb
EBGaramond-MediumItalic-tosf-t1--base EBGaramond-MediumItalic "AutoEnc_a56nalezuofsdtatiphjmhjrhb ReEncodeFont" <[ebgm_a56nal.enc <EBGaramond-MediumItalic.pfb
EBGaramond-MediumItalic-tosf-ly1 EBGaramond-MediumItalic "AutoEnc_gspomovk7lyl4ombl5ekjjslwe ReEncodeFont" <[ebgm_gspomo.enc <EBGaramond-MediumItalic.pfb
EBGaramond-MediumItalic-tosf-lgr EBGaramond-MediumItalic "AutoEnc_h2c7fwk7hr7f6b726ltraghneg ReEncodeFont" <[ebgm_h2c7fw.enc <EBGaramond-MediumItalic.pfb
EBGaramond-MediumItalic-tosf-sc-ot1--base EBGaramond-MediumItalic "AutoEnc_vqv3w3jddu2yz2dnmvvx2bbzrd ReEncodeFont" <[ebgm_vqv3w3.enc <EBGaramond-MediumItalic.pfb
EBGaramond-MediumItalic-tosf-sc-t1--base EBGaramond-MediumItalic "AutoEnc_nhfy4vcyskj4jwrirusa4olqia ReEncodeFont" <[ebgm_nhfy4v.enc <EBGaramond-MediumItalic.pfb
EBGaramond-MediumItalic-tosf-sc-ly1--base EBGaramond-MediumItalic "AutoEnc_fhs5ay3xzuvj66nv5ukbup7brc ReEncodeFont" <[ebgm_fhs5ay.enc <EBGaramond-MediumItalic.pfb
EBGaramond-MediumItalic-tosf-sc-lgr EBGaramond-MediumItalic "AutoEnc_57ulwipygxpx44bhstzuxg7eeb ReEncodeFont" <[ebgm_57ulwi.enc <EBGaramond-MediumItalic.pfb
EBGaramond-MediumItalic-tosf-swash-ot1 EBGaramond-MediumItalic "AutoEnc_ybjcp2n3rqkpe6jzo7tywoy25b ReEncodeFont" <[ebgm_ybjcp2.enc <EBGaramond-MediumItalic.pfb
EBGaramond-MediumItalic-tosf-swash-t1--base EBGaramond-MediumItalic "AutoEnc_chpilvors6my3ehpbzcxgc6frb ReEncodeFont" <[ebgm_chpilv.enc <EBGaramond-MediumItalic.pfb
EBGaramond-MediumItalic-tosf-swash-ly1 EBGaramond-MediumItalic "AutoEnc_xgcnbwdsheuby7mx6lcn6pikec ReEncodeFont" <[ebgm_xgcnbw.enc <EBGaramond-MediumItalic.pfb
EBGaramond-MediumItalic-tosf-swash-lgr EBGaramond-MediumItalic "AutoEnc_h2c7fwk7hr7f6b726ltraghneg ReEncodeFont" <[ebgm_h2c7fw.enc <EBGaramond-MediumItalic.pfb
EBGaramond-MediumItalic-tosf-ts1--base EBGaramond-MediumItalic "AutoEnc_doset5jni7ptstijeczbezqvvd ReEncodeFont" <[ebgm_doset5.enc <EBGaramond-MediumItalic.pfb
EBGaramond-MediumItalic-osf-ot1 EBGaramond-MediumItalic "AutoEnc_tsrvmbxtiuaqna5damhcsmuo7a ReEncodeFont" <[ebgm_tsrvmb.enc <EBGaramond-MediumItalic.pfb
EBGaramond-MediumItalic-osf-t1--base EBGaramond-MediumItalic "AutoEnc_ljow5qyhjlyuzhmaqt2ib23byb ReEncodeFont" <[ebgm_ljow5q.enc <EBGaramond-MediumItalic.pfb
EBGaramond-MediumItalic-osf-ly1 EBGaramond-MediumItalic "AutoEnc_lybnupxzu2xdvf77n54qyc3hmf ReEncodeFont" <[ebgm_lybnup.enc <EBGaramond-MediumItalic.pfb
EBGaramond-MediumItalic-osf-lgr EBGaramond-MediumItalic "AutoEnc_d2h6ljvgfcffsjkildsxejswnc ReEncodeFont" <[ebgm_d2h6lj.enc <EBGaramond-MediumItalic.pfb
EBGaramond-MediumItalic-osf-sc-ot1--base EBGaramond-MediumItalic "AutoEnc_egoty6wpchcoxueschnlw73q6d ReEncodeFont" <[ebgm_egoty6.enc <EBGaramond-MediumItalic.pfb
EBGaramond-MediumItalic-osf-sc-t1--base EBGaramond-MediumItalic "AutoEnc_byuynix5r46fcpi7yc7qekcpbh ReEncodeFont" <[ebgm_byuyni.enc <EBGaramond-MediumItalic.pfb
EBGaramond-MediumItalic-osf-sc-ly1--base EBGaramond-MediumItalic "AutoEnc_w7jvgciavnrd4lpluc74loh5tc ReEncodeFont" <[ebgm_w7jvgc.enc <EBGaramond-MediumItalic.pfb
EBGaramond-MediumItalic-osf-sc-lgr EBGaramond-MediumItalic "AutoEnc_gf4ecrjohawsuircygk3z7dolf ReEncodeFont" <[ebgm_gf4ecr.enc <EBGaramond-MediumItalic.pfb
EBGaramond-MediumItalic-osf-swash-ot1 EBGaramond-MediumItalic "AutoEnc_fl2meaklzd5y4h4656nmpazm7g ReEncodeFont" <[ebgm_fl2mea.enc <EBGaramond-MediumItalic.pfb
EBGaramond-MediumItalic-osf-swash-t1--base EBGaramond-MediumItalic "AutoEnc_5xwr64xfbstsyzqm34el7wgyoa ReEncodeFont" <[ebgm_5xwr64.enc <EBGaramond-MediumItalic.pfb
EBGaramond-MediumItalic-osf-swash-ly1 EBGaramond-MediumItalic "AutoEnc_4v7kvs7llxqenpzq3jpe6t7smc ReEncodeFont" <[ebgm_4v7kvs.enc <EBGaramond-MediumItalic.pfb
EBGaramond-MediumItalic-osf-swash-lgr EBGaramond-MediumItalic "AutoEnc_d2h6ljvgfcffsjkildsxejswnc ReEncodeFont" <[ebgm_d2h6lj.enc <EBGaramond-MediumItalic.pfb
EBGaramond-MediumItalic-osf-ts1--base EBGaramond-MediumItalic "AutoEnc_yddfsneogpgfw3a5axgk6w34nc ReEncodeFont" <[ebgm_yddfsn.enc <EBGaramond-MediumItalic.pfb
EBGaramond-Medium-tlf-ot1 EBGaramond-Medium "AutoEnc_zcffwkx4jghwtzclmgb4vrul6f ReEncodeFont" <[ebgm_zcffwk.enc <EBGaramond-Medium.pfb
EBGaramond-Medium-tlf-t1--base EBGaramond-Medium "AutoEnc_67ivnhsqlzzfjwyofd7idalr6c ReEncodeFont" <[ebgm_67ivnh.enc <EBGaramond-Medium.pfb
EBGaramond-Medium-tlf-ly1 EBGaramond-Medium "AutoEnc_535mcmkatc3k7okg5zkd62wnwd ReEncodeFont" <[ebgm_535mcm.enc <EBGaramond-Medium.pfb
EBGaramond-Medium-tlf-lgr EBGaramond-Medium "AutoEnc_7tc6veb5ti7ssiwh6gcsgl7tba ReEncodeFont" <[ebgm_7tc6ve.enc <EBGaramond-Medium.pfb
EBGaramond-Medium-tlf-sc-ot1--base EBGaramond-Medium "AutoEnc_s7tpqtebt7fpaobhsv7o6g6p3d ReEncodeFont" <[ebgm_s7tpqt.enc <EBGaramond-Medium.pfb
EBGaramond-Medium-tlf-sc-t1--base EBGaramond-Medium "AutoEnc_yjkoc2bxtyk5pymwhoiyarwopd ReEncodeFont" <[ebgm_yjkoc2.enc <EBGaramond-Medium.pfb
EBGaramond-Medium-tlf-sc-ly1--base EBGaramond-Medium "AutoEnc_bj5npyi4fynrmukxpr6zuls5mb ReEncodeFont" <[ebgm_bj5npy.enc <EBGaramond-Medium.pfb
EBGaramond-Medium-tlf-sc-lgr EBGaramond-Medium "AutoEnc_oahximbxglbv3wxpkrpj4y2s3a ReEncodeFont" <[ebgm_oahxim.enc <EBGaramond-Medium.pfb
EBGaramond-Medium-tlf-swash-ot1 EBGaramond-Medium "AutoEnc_puit2nloz4jci7unygzovz7rah ReEncodeFont" <[ebgm_puit2n.enc <EBGaramond-Medium.pfb
EBGaramond-Medium-tlf-swash-t1--base EBGaramond-Medium "AutoEnc_2ybfspue5bctl7gll276ebcmad ReEncodeFont" <[ebgm_2ybfsp.enc <EBGaramond-Medium.pfb
EBGaramond-Medium-tlf-swash-ly1 EBGaramond-Medium "AutoEnc_zbngqq7w4fvvsebjrikxgrvhzd ReEncodeFont" <[ebgm_zbngqq.enc <EBGaramond-Medium.pfb
EBGaramond-Medium-tlf-swash-lgr EBGaramond-Medium "AutoEnc_7tc6veb5ti7ssiwh6gcsgl7tba ReEncodeFont" <[ebgm_7tc6ve.enc <EBGaramond-Medium.pfb
EBGaramond-Medium-tlf-ts1--base EBGaramond-Medium "AutoEnc_ld6df2x7jielfy7kpphsipzgeb ReEncodeFont" <[ebgm_ld6df2.enc <EBGaramond-Medium.pfb
EBGaramond-Medium-inf-ot1 EBGaramond-Medium "AutoEnc_ao6kf7czm3kxufroii6io2txyb ReEncodeFont" <[ebgm_ao6kf7.enc <EBGaramond-Medium.pfb
EBGaramond-Medium-inf-t1--base EBGaramond-Medium "AutoEnc_kfeykpdkdkfgcmiob2alq76d6b ReEncodeFont" <[ebgm_kfeykp.enc <EBGaramond-Medium.pfb
EBGaramond-Medium-inf-ly1 EBGaramond-Medium "AutoEnc_524p5kfhkhbrmlob56raqstjhh ReEncodeFont" <[ebgm_524p5k.enc <EBGaramond-Medium.pfb
EBGaramond-Medium-inf-lgr EBGaramond-Medium "AutoEnc_pdqo3av4kve7bqrw3rvhvxfhzd ReEncodeFont" <[ebgm_pdqo3a.enc <EBGaramond-Medium.pfb
EBGaramond-Medium-sup-ot1 EBGaramond-Medium "AutoEnc_oge4zeph4qgrf2eqipj4avd4uf ReEncodeFont" <[ebgm_oge4ze.enc <EBGaramond-Medium.pfb
EBGaramond-Medium-sup-t1--base EBGaramond-Medium "AutoEnc_bszlvlk6bkouv7yc5pd5xqbgld ReEncodeFont" <[ebgm_bszlvl.enc <EBGaramond-Medium.pfb
EBGaramond-Medium-sup-ly1 EBGaramond-Medium "AutoEnc_ancicscmgqynsv3uhmrzuy63lc ReEncodeFont" <[ebgm_ancics.enc <EBGaramond-Medium.pfb
EBGaramond-Medium-sup-lgr EBGaramond-Medium "AutoEnc_c6t5bpitf4sr3wr7yxdk44tzla ReEncodeFont" <[ebgm_c6t5bp.enc <EBGaramond-Medium.pfb
EBGaramond-Medium-lf-ot1 EBGaramond-Medium "AutoEnc_gfppumj2niwzr7rvknb25lnijd ReEncodeFont" <[ebgm_gfppum.enc <EBGaramond-Medium.pfb
EBGaramond-Medium-lf-t1--base EBGaramond-Medium "AutoEnc_ldtcglywtopractqcvck4apvwf ReEncodeFont" <[ebgm_ldtcgl.enc <EBGaramond-Medium.pfb
EBGaramond-Medium-lf-ly1 EBGaramond-Medium "AutoEnc_k24cav3n2vooiafmr42yfwxnig ReEncodeFont" <[ebgm_k24cav.enc <EBGaramond-Medium.pfb
EBGaramond-Medium-lf-lgr EBGaramond-Medium "AutoEnc_u7qtota2ag455cepax2sd2ckqd ReEncodeFont" <[ebgm_u7qtot.enc <EBGaramond-Medium.pfb
EBGaramond-Medium-lf-sc-ot1--base EBGaramond-Medium "AutoEnc_qip76aljekhkapltnlznjm26tg ReEncodeFont" <[ebgm_qip76a.enc <EBGaramond-Medium.pfb
EBGaramond-Medium-lf-sc-t1--base EBGaramond-Medium "AutoEnc_xoskheoavizix7q6vfcc7k34cd ReEncodeFont" <[ebgm_xoskhe.enc <EBGaramond-Medium.pfb
EBGaramond-Medium-lf-sc-ly1--base EBGaramond-Medium "AutoEnc_k5z2jzdrvp4cxkgtha7q3hj3ic ReEncodeFont" <[ebgm_k5z2jz.enc <EBGaramond-Medium.pfb
EBGaramond-Medium-lf-sc-lgr EBGaramond-Medium "AutoEnc_a37mnvqydlorqaald5plu4ojed ReEncodeFont" <[ebgm_a37mnv.enc <EBGaramond-Medium.pfb
EBGaramond-Medium-lf-swash-ot1 EBGaramond-Medium "AutoEnc_qhp2audysmrephuwmg3n4k6rda ReEncodeFont" <[ebgm_qhp2au.enc <EBGaramond-Medium.pfb
EBGaramond-Medium-lf-swash-t1--base EBGaramond-Medium "AutoEnc_qwnohrkd4g7ovht34zvdv4rxye ReEncodeFont" <[ebgm_qwnohr.enc <EBGaramond-Medium.pfb
EBGaramond-Medium-lf-swash-ly1 EBGaramond-Medium "AutoEnc_ndsebzebomne5pur324xut6sob ReEncodeFont" <[ebgm_ndsebz.enc <EBGaramond-Medium.pfb
EBGaramond-Medium-lf-swash-lgr EBGaramond-Medium "AutoEnc_u7qtota2ag455cepax2sd2ckqd ReEncodeFont" <[ebgm_u7qtot.enc <EBGaramond-Medium.pfb
EBGaramond-Medium-lf-ts1--base EBGaramond-Medium "AutoEnc_ld6df2x7jielfy7kpphsipzgeb ReEncodeFont" <[ebgm_ld6df2.enc <EBGaramond-Medium.pfb
EBGaramond-Medium-tosf-ot1 EBGaramond-Medium "AutoEnc_6qtp6p6j4z7jltsaazygzjbv4h ReEncodeFont" <[ebgm_6qtp6p.enc <EBGaramond-Medium.pfb
EBGaramond-Medium-tosf-t1--base EBGaramond-Medium "AutoEnc_oskdwa7l2lpl3eabckeiyywzac ReEncodeFont" <[ebgm_oskdwa.enc <EBGaramond-Medium.pfb
EBGaramond-Medium-tosf-ly1 EBGaramond-Medium "AutoEnc_z6ekgmyix66coapciojsnatnsd ReEncodeFont" <[ebgm_z6ekgm.enc <EBGaramond-Medium.pfb
EBGaramond-Medium-tosf-lgr EBGaramond-Medium "AutoEnc_j4bgamcdqi3g7r5p3hqc4iyw7g ReEncodeFont" <[ebgm_j4bgam.enc <EBGaramond-Medium.pfb
EBGaramond-Medium-tosf-sc-ot1--base EBGaramond-Medium "AutoEnc_vqv3w3jddu2yz2dnmvvx2bbzrd ReEncodeFont" <[ebgm_vqv3w3.enc <EBGaramond-Medium.pfb
EBGaramond-Medium-tosf-sc-t1--base EBGaramond-Medium "AutoEnc_nhfy4vcyskj4jwrirusa4olqia ReEncodeFont" <[ebgm_nhfy4v.enc <EBGaramond-Medium.pfb
EBGaramond-Medium-tosf-sc-ly1--base EBGaramond-Medium "AutoEnc_2hp5cx2riilbqpkbahujgy6q5d ReEncodeFont" <[ebgm_2hp5cx.enc <EBGaramond-Medium.pfb
EBGaramond-Medium-tosf-sc-lgr EBGaramond-Medium "AutoEnc_7zgzergdqk64snrz5jrrhbnuia ReEncodeFont" <[ebgm_7zgzer.enc <EBGaramond-Medium.pfb
EBGaramond-Medium-tosf-swash-ot1 EBGaramond-Medium "AutoEnc_i3ibnmrltnyzdi6mqew7p5ptpb ReEncodeFont" <[ebgm_i3ibnm.enc <EBGaramond-Medium.pfb
EBGaramond-Medium-tosf-swash-t1--base EBGaramond-Medium "AutoEnc_fbpsnn4gedcdsmgeb3sv36kaoa ReEncodeFont" <[ebgm_fbpsnn.enc <EBGaramond-Medium.pfb
EBGaramond-Medium-tosf-swash-ly1 EBGaramond-Medium "AutoEnc_k7jns3urrwjbeec6cxbmjtdeba ReEncodeFont" <[ebgm_k7jns3.enc <EBGaramond-Medium.pfb
EBGaramond-Medium-tosf-swash-lgr EBGaramond-Medium "AutoEnc_j4bgamcdqi3g7r5p3hqc4iyw7g ReEncodeFont" <[ebgm_j4bgam.enc <EBGaramond-Medium.pfb
EBGaramond-Medium-tosf-ts1--base EBGaramond-Medium "AutoEnc_ld6df2x7jielfy7kpphsipzgeb ReEncodeFont" <[ebgm_ld6df2.enc <EBGaramond-Medium.pfb
EBGaramond-Medium-osf-ot1 EBGaramond-Medium "AutoEnc_fc2mbn3xtktdfxsxdv3khcb5dh ReEncodeFont" <[ebgm_fc2mbn.enc <EBGaramond-Medium.pfb
EBGaramond-Medium-osf-t1--base EBGaramond-Medium "AutoEnc_tcdnmrnue2rp5jhik7fpez6o6c ReEncodeFont" <[ebgm_tcdnmr.enc <EBGaramond-Medium.pfb
EBGaramond-Medium-osf-ly1 EBGaramond-Medium "AutoEnc_rdmgdpbfgczlsyeculwnih2dnb ReEncodeFont" <[ebgm_rdmgdp.enc <EBGaramond-Medium.pfb
EBGaramond-Medium-osf-lgr EBGaramond-Medium "AutoEnc_j2crie3q3ql5vppmub5ulnuhme ReEncodeFont" <[ebgm_j2crie.enc <EBGaramond-Medium.pfb
EBGaramond-Medium-osf-sc-ot1--base EBGaramond-Medium "AutoEnc_egoty6wpchcoxueschnlw73q6d ReEncodeFont" <[ebgm_egoty6.enc <EBGaramond-Medium.pfb
EBGaramond-Medium-osf-sc-t1--base EBGaramond-Medium "AutoEnc_byuynix5r46fcpi7yc7qekcpbh ReEncodeFont" <[ebgm_byuyni.enc <EBGaramond-Medium.pfb
EBGaramond-Medium-osf-sc-ly1--base EBGaramond-Medium "AutoEnc_3veehr3qlng7egxjmdt62spp4b ReEncodeFont" <[ebgm_3veehr.enc <EBGaramond-Medium.pfb
EBGaramond-Medium-osf-sc-lgr EBGaramond-Medium "AutoEnc_a23bapsffzolzs2xp62zafejdf ReEncodeFont" <[ebgm_a23bap.enc <EBGaramond-Medium.pfb
EBGaramond-Medium-osf-swash-ot1 EBGaramond-Medium "AutoEnc_5cvcse6zzhyqnzpcyyxf2c4jmd ReEncodeFont" <[ebgm_5cvcse.enc <EBGaramond-Medium.pfb
EBGaramond-Medium-osf-swash-t1--base EBGaramond-Medium "AutoEnc_bisgyqvbye4j4z3a2eitsziioc ReEncodeFont" <[ebgm_bisgyq.enc <EBGaramond-Medium.pfb
EBGaramond-Medium-osf-swash-ly1 EBGaramond-Medium "AutoEnc_lbrsczy3nobnrl57jk37hi67bg ReEncodeFont" <[ebgm_lbrscz.enc <EBGaramond-Medium.pfb
EBGaramond-Medium-osf-swash-lgr EBGaramond-Medium "AutoEnc_j2crie3q3ql5vppmub5ulnuhme ReEncodeFont" <[ebgm_j2crie.enc <EBGaramond-Medium.pfb
EBGaramond-Medium-osf-ts1--base EBGaramond-Medium "AutoEnc_ld6df2x7jielfy7kpphsipzgeb ReEncodeFont" <[ebgm_ld6df2.enc <EBGaramond-Medium.pfb
EBGaramond-Regular-tlf-ot1 EBGaramond-Regular "AutoEnc_zcffwkx4jghwtzclmgb4vrul6f ReEncodeFont" <[ebgm_zcffwk.enc <EBGaramond-Regular.pfb
EBGaramond-Regular-tlf-t1--base EBGaramond-Regular "AutoEnc_67ivnhsqlzzfjwyofd7idalr6c ReEncodeFont" <[ebgm_67ivnh.enc <EBGaramond-Regular.pfb
EBGaramond-Regular-tlf-ly1 EBGaramond-Regular "AutoEnc_535mcmkatc3k7okg5zkd62wnwd ReEncodeFont" <[ebgm_535mcm.enc <EBGaramond-Regular.pfb
EBGaramond-Regular-tlf-lgr EBGaramond-Regular "AutoEnc_7tc6veb5ti7ssiwh6gcsgl7tba ReEncodeFont" <[ebgm_7tc6ve.enc <EBGaramond-Regular.pfb
EBGaramond-Regular-tlf-sc-ot1--base EBGaramond-Regular "AutoEnc_s7tpqtebt7fpaobhsv7o6g6p3d ReEncodeFont" <[ebgm_s7tpqt.enc <EBGaramond-Regular.pfb
EBGaramond-Regular-tlf-sc-t1--base EBGaramond-Regular "AutoEnc_yjkoc2bxtyk5pymwhoiyarwopd ReEncodeFont" <[ebgm_yjkoc2.enc <EBGaramond-Regular.pfb
EBGaramond-Regular-tlf-sc-ly1--base EBGaramond-Regular "AutoEnc_bj5npyi4fynrmukxpr6zuls5mb ReEncodeFont" <[ebgm_bj5npy.enc <EBGaramond-Regular.pfb
EBGaramond-Regular-tlf-sc-lgr EBGaramond-Regular "AutoEnc_oahximbxglbv3wxpkrpj4y2s3a ReEncodeFont" <[ebgm_oahxim.enc <EBGaramond-Regular.pfb
EBGaramond-Regular-tlf-swash-ot1 EBGaramond-Regular "AutoEnc_puit2nloz4jci7unygzovz7rah ReEncodeFont" <[ebgm_puit2n.enc <EBGaramond-Regular.pfb
EBGaramond-Regular-tlf-swash-t1--base EBGaramond-Regular "AutoEnc_2ybfspue5bctl7gll276ebcmad ReEncodeFont" <[ebgm_2ybfsp.enc <EBGaramond-Regular.pfb
EBGaramond-Regular-tlf-swash-ly1 EBGaramond-Regular "AutoEnc_zbngqq7w4fvvsebjrikxgrvhzd ReEncodeFont" <[ebgm_zbngqq.enc <EBGaramond-Regular.pfb
EBGaramond-Regular-tlf-swash-lgr EBGaramond-Regular "AutoEnc_7tc6veb5ti7ssiwh6gcsgl7tba ReEncodeFont" <[ebgm_7tc6ve.enc <EBGaramond-Regular.pfb
EBGaramond-Regular-tlf-ts1--base EBGaramond-Regular "AutoEnc_ld6df2x7jielfy7kpphsipzgeb ReEncodeFont" <[ebgm_ld6df2.enc <EBGaramond-Regular.pfb
EBGaramond-Regular-inf-ot1 EBGaramond-Regular "AutoEnc_ao6kf7czm3kxufroii6io2txyb ReEncodeFont" <[ebgm_ao6kf7.enc <EBGaramond-Regular.pfb
EBGaramond-Regular-inf-t1--base EBGaramond-Regular "AutoEnc_kfeykpdkdkfgcmiob2alq76d6b ReEncodeFont" <[ebgm_kfeykp.enc <EBGaramond-Regular.pfb
EBGaramond-Regular-inf-ly1 EBGaramond-Regular "AutoEnc_524p5kfhkhbrmlob56raqstjhh ReEncodeFont" <[ebgm_524p5k.enc <EBGaramond-Regular.pfb
EBGaramond-Regular-inf-lgr EBGaramond-Regular "AutoEnc_pdqo3av4kve7bqrw3rvhvxfhzd ReEncodeFont" <[ebgm_pdqo3a.enc <EBGaramond-Regular.pfb
EBGaramond-Regular-sup-ot1 EBGaramond-Regular "AutoEnc_oge4zeph4qgrf2eqipj4avd4uf ReEncodeFont" <[ebgm_oge4ze.enc <EBGaramond-Regular.pfb
EBGaramond-Regular-sup-t1--base EBGaramond-Regular "AutoEnc_bszlvlk6bkouv7yc5pd5xqbgld ReEncodeFont" <[ebgm_bszlvl.enc <EBGaramond-Regular.pfb
EBGaramond-Regular-sup-ly1 EBGaramond-Regular "AutoEnc_ancicscmgqynsv3uhmrzuy63lc ReEncodeFont" <[ebgm_ancics.enc <EBGaramond-Regular.pfb
EBGaramond-Regular-sup-lgr EBGaramond-Regular "AutoEnc_c6t5bpitf4sr3wr7yxdk44tzla ReEncodeFont" <[ebgm_c6t5bp.enc <EBGaramond-Regular.pfb
EBGaramond-Regular-lf-ot1 EBGaramond-Regular "AutoEnc_gfppumj2niwzr7rvknb25lnijd ReEncodeFont" <[ebgm_gfppum.enc <EBGaramond-Regular.pfb
EBGaramond-Regular-lf-t1--base EBGaramond-Regular "AutoEnc_ldtcglywtopractqcvck4apvwf ReEncodeFont" <[ebgm_ldtcgl.enc <EBGaramond-Regular.pfb
EBGaramond-Regular-lf-ly1 EBGaramond-Regular "AutoEnc_k24cav3n2vooiafmr42yfwxnig ReEncodeFont" <[ebgm_k24cav.enc <EBGaramond-Regular.pfb
EBGaramond-Regular-lf-lgr EBGaramond-Regular "AutoEnc_u7qtota2ag455cepax2sd2ckqd ReEncodeFont" <[ebgm_u7qtot.enc <EBGaramond-Regular.pfb
EBGaramond-Regular-lf-sc-ot1--base EBGaramond-Regular "AutoEnc_qip76aljekhkapltnlznjm26tg ReEncodeFont" <[ebgm_qip76a.enc <EBGaramond-Regular.pfb
EBGaramond-Regular-lf-sc-t1--base EBGaramond-Regular "AutoEnc_xoskheoavizix7q6vfcc7k34cd ReEncodeFont" <[ebgm_xoskhe.enc <EBGaramond-Regular.pfb
EBGaramond-Regular-lf-sc-ly1--base EBGaramond-Regular "AutoEnc_k5z2jzdrvp4cxkgtha7q3hj3ic ReEncodeFont" <[ebgm_k5z2jz.enc <EBGaramond-Regular.pfb
EBGaramond-Regular-lf-sc-lgr EBGaramond-Regular "AutoEnc_a37mnvqydlorqaald5plu4ojed ReEncodeFont" <[ebgm_a37mnv.enc <EBGaramond-Regular.pfb
EBGaramond-Regular-lf-swash-ot1 EBGaramond-Regular "AutoEnc_qhp2audysmrephuwmg3n4k6rda ReEncodeFont" <[ebgm_qhp2au.enc <EBGaramond-Regular.pfb
EBGaramond-Regular-lf-swash-t1--base EBGaramond-Regular "AutoEnc_qwnohrkd4g7ovht34zvdv4rxye ReEncodeFont" <[ebgm_qwnohr.enc <EBGaramond-Regular.pfb
EBGaramond-Regular-lf-swash-ly1 EBGaramond-Regular "AutoEnc_ndsebzebomne5pur324xut6sob ReEncodeFont" <[ebgm_ndsebz.enc <EBGaramond-Regular.pfb
EBGaramond-Regular-lf-swash-lgr EBGaramond-Regular "AutoEnc_u7qtota2ag455cepax2sd2ckqd ReEncodeFont" <[ebgm_u7qtot.enc <EBGaramond-Regular.pfb
EBGaramond-Regular-lf-ts1--base EBGaramond-Regular "AutoEnc_ld6df2x7jielfy7kpphsipzgeb ReEncodeFont" <[ebgm_ld6df2.enc <EBGaramond-Regular.pfb
EBGaramond-Regular-tosf-ot1 EBGaramond-Regular "AutoEnc_6qtp6p6j4z7jltsaazygzjbv4h ReEncodeFont" <[ebgm_6qtp6p.enc <EBGaramond-Regular.pfb
EBGaramond-Regular-tosf-t1--base EBGaramond-Regular "AutoEnc_oskdwa7l2lpl3eabckeiyywzac ReEncodeFont" <[ebgm_oskdwa.enc <EBGaramond-Regular.pfb
EBGaramond-Regular-tosf-ly1 EBGaramond-Regular "AutoEnc_z6ekgmyix66coapciojsnatnsd ReEncodeFont" <[ebgm_z6ekgm.enc <EBGaramond-Regular.pfb
EBGaramond-Regular-tosf-lgr EBGaramond-Regular "AutoEnc_j4bgamcdqi3g7r5p3hqc4iyw7g ReEncodeFont" <[ebgm_j4bgam.enc <EBGaramond-Regular.pfb
EBGaramond-Regular-tosf-sc-ot1--base EBGaramond-Regular "AutoEnc_vqv3w3jddu2yz2dnmvvx2bbzrd ReEncodeFont" <[ebgm_vqv3w3.enc <EBGaramond-Regular.pfb
EBGaramond-Regular-tosf-sc-t1--base EBGaramond-Regular "AutoEnc_nhfy4vcyskj4jwrirusa4olqia ReEncodeFont" <[ebgm_nhfy4v.enc <EBGaramond-Regular.pfb
EBGaramond-Regular-tosf-sc-ly1--base EBGaramond-Regular "AutoEnc_2hp5cx2riilbqpkbahujgy6q5d ReEncodeFont" <[ebgm_2hp5cx.enc <EBGaramond-Regular.pfb
EBGaramond-Regular-tosf-sc-lgr EBGaramond-Regular "AutoEnc_7zgzergdqk64snrz5jrrhbnuia ReEncodeFont" <[ebgm_7zgzer.enc <EBGaramond-Regular.pfb
EBGaramond-Regular-tosf-swash-ot1 EBGaramond-Regular "AutoEnc_i3ibnmrltnyzdi6mqew7p5ptpb ReEncodeFont" <[ebgm_i3ibnm.enc <EBGaramond-Regular.pfb
EBGaramond-Regular-tosf-swash-t1--base EBGaramond-Regular "AutoEnc_fbpsnn4gedcdsmgeb3sv36kaoa ReEncodeFont" <[ebgm_fbpsnn.enc <EBGaramond-Regular.pfb
EBGaramond-Regular-tosf-swash-ly1 EBGaramond-Regular "AutoEnc_k7jns3urrwjbeec6cxbmjtdeba ReEncodeFont" <[ebgm_k7jns3.enc <EBGaramond-Regular.pfb
EBGaramond-Regular-tosf-swash-lgr EBGaramond-Regular "AutoEnc_j4bgamcdqi3g7r5p3hqc4iyw7g ReEncodeFont" <[ebgm_j4bgam.enc <EBGaramond-Regular.pfb
EBGaramond-Regular-tosf-ts1--base EBGaramond-Regular "AutoEnc_ld6df2x7jielfy7kpphsipzgeb ReEncodeFont" <[ebgm_ld6df2.enc <EBGaramond-Regular.pfb
EBGaramond-Regular-osf-ot1 EBGaramond-Regular "AutoEnc_fc2mbn3xtktdfxsxdv3khcb5dh ReEncodeFont" <[ebgm_fc2mbn.enc <EBGaramond-Regular.pfb
EBGaramond-Regular-osf-t1--base EBGaramond-Regular "AutoEnc_tcdnmrnue2rp5jhik7fpez6o6c ReEncodeFont" <[ebgm_tcdnmr.enc <EBGaramond-Regular.pfb
EBGaramond-Regular-osf-ly1 EBGaramond-Regular "AutoEnc_rdmgdpbfgczlsyeculwnih2dnb ReEncodeFont" <[ebgm_rdmgdp.enc <EBGaramond-Regular.pfb
EBGaramond-Regular-osf-lgr EBGaramond-Regular "AutoEnc_j2crie3q3ql5vppmub5ulnuhme ReEncodeFont" <[ebgm_j2crie.enc <EBGaramond-Regular.pfb
EBGaramond-Regular-osf-sc-ot1--base EBGaramond-Regular "AutoEnc_egoty6wpchcoxueschnlw73q6d ReEncodeFont" <[ebgm_egoty6.enc <EBGaramond-Regular.pfb
EBGaramond-Regular-osf-sc-t1--base EBGaramond-Regular "AutoEnc_byuynix5r46fcpi7yc7qekcpbh ReEncodeFont" <[ebgm_byuyni.enc <EBGaramond-Regular.pfb
EBGaramond-Regular-osf-sc-ly1--base EBGaramond-Regular "AutoEnc_3veehr3qlng7egxjmdt62spp4b ReEncodeFont" <[ebgm_3veehr.enc <EBGaramond-Regular.pfb
EBGaramond-Regular-osf-sc-lgr EBGaramond-Regular "AutoEnc_a23bapsffzolzs2xp62zafejdf ReEncodeFont" <[ebgm_a23bap.enc <EBGaramond-Regular.pfb
EBGaramond-Regular-osf-swash-ot1 EBGaramond-Regular "AutoEnc_5cvcse6zzhyqnzpcyyxf2c4jmd ReEncodeFont" <[ebgm_5cvcse.enc <EBGaramond-Regular.pfb
EBGaramond-Regular-osf-swash-t1--base EBGaramond-Regular "AutoEnc_bisgyqvbye4j4z3a2eitsziioc ReEncodeFont" <[ebgm_bisgyq.enc <EBGaramond-Regular.pfb
EBGaramond-Regular-osf-swash-ly1 EBGaramond-Regular "AutoEnc_lbrsczy3nobnrl57jk37hi67bg ReEncodeFont" <[ebgm_lbrscz.enc <EBGaramond-Regular.pfb
EBGaramond-Regular-osf-swash-lgr EBGaramond-Regular "AutoEnc_j2crie3q3ql5vppmub5ulnuhme ReEncodeFont" <[ebgm_j2crie.enc <EBGaramond-Regular.pfb
EBGaramond-Regular-osf-ts1--base EBGaramond-Regular "AutoEnc_ld6df2x7jielfy7kpphsipzgeb ReEncodeFont" <[ebgm_ld6df2.enc <EBGaramond-Regular.pfb
EBGaramond-SemiBoldItalic-tlf-ot1 EBGaramond-SemiBoldItalic "AutoEnc_bevor6f4qe6rza4745ele7aydb ReEncodeFont" <[ebgm_bevor6.enc <EBGaramond-SemiBoldItalic.pfb
EBGaramond-SemiBoldItalic-tlf-t1--base EBGaramond-SemiBoldItalic "AutoEnc_3zuotsujx7tawnou2ocz4iiuea ReEncodeFont" <[ebgm_3zuots.enc <EBGaramond-SemiBoldItalic.pfb
EBGaramond-SemiBoldItalic-tlf-ly1 EBGaramond-SemiBoldItalic "AutoEnc_34tkjeiafamtukmk74dnwdkiwf ReEncodeFont" <[ebgm_34tkje.enc <EBGaramond-SemiBoldItalic.pfb
EBGaramond-SemiBoldItalic-tlf-lgr EBGaramond-SemiBoldItalic "AutoEnc_yqpahrs3wosnutq6ezrrbzbcad ReEncodeFont" <[ebgm_yqpahr.enc <EBGaramond-SemiBoldItalic.pfb
EBGaramond-SemiBoldItalic-tlf-sc-ot1--base EBGaramond-SemiBoldItalic "AutoEnc_s7tpqtebt7fpaobhsv7o6g6p3d ReEncodeFont" <[ebgm_s7tpqt.enc <EBGaramond-SemiBoldItalic.pfb
EBGaramond-SemiBoldItalic-tlf-sc-t1--base EBGaramond-SemiBoldItalic "AutoEnc_yjkoc2bxtyk5pymwhoiyarwopd ReEncodeFont" <[ebgm_yjkoc2.enc <EBGaramond-SemiBoldItalic.pfb
EBGaramond-SemiBoldItalic-tlf-sc-ly1--base EBGaramond-SemiBoldItalic "AutoEnc_t3ctnrct3uicefa2mm4axrgpyg ReEncodeFont" <[ebgm_t3ctnr.enc <EBGaramond-SemiBoldItalic.pfb
EBGaramond-SemiBoldItalic-tlf-sc-lgr EBGaramond-SemiBoldItalic "AutoEnc_sqqqn7irh2wewmm2lxxbrwlahg ReEncodeFont" <[ebgm_sqqqn7.enc <EBGaramond-SemiBoldItalic.pfb
EBGaramond-SemiBoldItalic-tlf-swash-ot1 EBGaramond-SemiBoldItalic "AutoEnc_lmhdpautlukhhaszf64lrhchif ReEncodeFont" <[ebgm_lmhdpa.enc <EBGaramond-SemiBoldItalic.pfb
EBGaramond-SemiBoldItalic-tlf-swash-t1--base EBGaramond-SemiBoldItalic "AutoEnc_cqx43slf7ljaurswzpgaigngcg ReEncodeFont" <[ebgm_cqx43s.enc <EBGaramond-SemiBoldItalic.pfb
EBGaramond-SemiBoldItalic-tlf-swash-ly1 EBGaramond-SemiBoldItalic "AutoEnc_gaaohpl5u2ikyzoyyyn4dfawde ReEncodeFont" <[ebgm_gaaohp.enc <EBGaramond-SemiBoldItalic.pfb
EBGaramond-SemiBoldItalic-tlf-swash-lgr EBGaramond-SemiBoldItalic "AutoEnc_yqpahrs3wosnutq6ezrrbzbcad ReEncodeFont" <[ebgm_yqpahr.enc <EBGaramond-SemiBoldItalic.pfb
EBGaramond-SemiBoldItalic-tlf-ts1--base EBGaramond-SemiBoldItalic "AutoEnc_doset5jni7ptstijeczbezqvvd ReEncodeFont" <[ebgm_doset5.enc <EBGaramond-SemiBoldItalic.pfb
EBGaramond-SemiBoldItalic-inf-ot1 EBGaramond-SemiBoldItalic "AutoEnc_ao6kf7czm3kxufroii6io2txyb ReEncodeFont" <[ebgm_ao6kf7.enc <EBGaramond-SemiBoldItalic.pfb
EBGaramond-SemiBoldItalic-inf-t1--base EBGaramond-SemiBoldItalic "AutoEnc_kfeykpdkdkfgcmiob2alq76d6b ReEncodeFont" <[ebgm_kfeykp.enc <EBGaramond-SemiBoldItalic.pfb
EBGaramond-SemiBoldItalic-inf-ly1 EBGaramond-SemiBoldItalic "AutoEnc_epwp2lils7xq2kbhppunmymawf ReEncodeFont" <[ebgm_epwp2l.enc <EBGaramond-SemiBoldItalic.pfb
EBGaramond-SemiBoldItalic-inf-lgr EBGaramond-SemiBoldItalic "AutoEnc_g63n4uojx3g7pgsfnlft7cw6sd ReEncodeFont" <[ebgm_g63n4u.enc <EBGaramond-SemiBoldItalic.pfb
EBGaramond-SemiBoldItalic-sup-ot1 EBGaramond-SemiBoldItalic "AutoEnc_oge4zeph4qgrf2eqipj4avd4uf ReEncodeFont" <[ebgm_oge4ze.enc <EBGaramond-SemiBoldItalic.pfb
EBGaramond-SemiBoldItalic-sup-t1--base EBGaramond-SemiBoldItalic "AutoEnc_bszlvlk6bkouv7yc5pd5xqbgld ReEncodeFont" <[ebgm_bszlvl.enc <EBGaramond-SemiBoldItalic.pfb
EBGaramond-SemiBoldItalic-sup-ly1 EBGaramond-SemiBoldItalic "AutoEnc_ipm435yylcknwb62m4tec5wq4c ReEncodeFont" <[ebgm_ipm435.enc <EBGaramond-SemiBoldItalic.pfb
EBGaramond-SemiBoldItalic-sup-lgr EBGaramond-SemiBoldItalic "AutoEnc_hfyizyzr4bsipesqmsfmfxla4g ReEncodeFont" <[ebgm_hfyizy.enc <EBGaramond-SemiBoldItalic.pfb
EBGaramond-SemiBoldItalic-lf-ot1 EBGaramond-SemiBoldItalic "AutoEnc_xhqcffqmmxjrrica675ubbzdcg ReEncodeFont" <[ebgm_xhqcff.enc <EBGaramond-SemiBoldItalic.pfb
EBGaramond-SemiBoldItalic-lf-t1--base EBGaramond-SemiBoldItalic "AutoEnc_utfkrlk7n6swnyxnxkzq6t2qng ReEncodeFont" <[ebgm_utfkrl.enc <EBGaramond-SemiBoldItalic.pfb
EBGaramond-SemiBoldItalic-lf-ly1 EBGaramond-SemiBoldItalic "AutoEnc_5ysuwqimeevzz7u22fjkupsamc ReEncodeFont" <[ebgm_5ysuwq.enc <EBGaramond-SemiBoldItalic.pfb
EBGaramond-SemiBoldItalic-lf-lgr EBGaramond-SemiBoldItalic "AutoEnc_h5djnb5jmnsvmky3suhpkkmo7c ReEncodeFont" <[ebgm_h5djnb.enc <EBGaramond-SemiBoldItalic.pfb
EBGaramond-SemiBoldItalic-lf-sc-ot1--base EBGaramond-SemiBoldItalic "AutoEnc_qip76aljekhkapltnlznjm26tg ReEncodeFont" <[ebgm_qip76a.enc <EBGaramond-SemiBoldItalic.pfb
EBGaramond-SemiBoldItalic-lf-sc-t1--base EBGaramond-SemiBoldItalic "AutoEnc_xoskheoavizix7q6vfcc7k34cd ReEncodeFont" <[ebgm_xoskhe.enc <EBGaramond-SemiBoldItalic.pfb
EBGaramond-SemiBoldItalic-lf-sc-ly1--base EBGaramond-SemiBoldItalic "AutoEnc_4ljezabvqmresus6zvyoddfvog ReEncodeFont" <[ebgm_4ljeza.enc <EBGaramond-SemiBoldItalic.pfb
EBGaramond-SemiBoldItalic-lf-sc-lgr EBGaramond-SemiBoldItalic "AutoEnc_zor4nhiektugl6piurglsov6ka ReEncodeFont" <[ebgm_zor4nh.enc <EBGaramond-SemiBoldItalic.pfb
EBGaramond-SemiBoldItalic-lf-swash-ot1 EBGaramond-SemiBoldItalic "AutoEnc_rtavnulqqibih7itqnfy2bnnyg ReEncodeFont" <[ebgm_rtavnu.enc <EBGaramond-SemiBoldItalic.pfb
EBGaramond-SemiBoldItalic-lf-swash-t1--base EBGaramond-SemiBoldItalic "AutoEnc_fc5dteu6tszfq4npawfq5cqpbe ReEncodeFont" <[ebgm_fc5dte.enc <EBGaramond-SemiBoldItalic.pfb
EBGaramond-SemiBoldItalic-lf-swash-ly1 EBGaramond-SemiBoldItalic "AutoEnc_t6g5sqnpkcw7fdtynfov5a3twc ReEncodeFont" <[ebgm_t6g5sq.enc <EBGaramond-SemiBoldItalic.pfb
EBGaramond-SemiBoldItalic-lf-swash-lgr EBGaramond-SemiBoldItalic "AutoEnc_h5djnb5jmnsvmky3suhpkkmo7c ReEncodeFont" <[ebgm_h5djnb.enc <EBGaramond-SemiBoldItalic.pfb
EBGaramond-SemiBoldItalic-lf-ts1--base EBGaramond-SemiBoldItalic "AutoEnc_yddfsneogpgfw3a5axgk6w34nc ReEncodeFont" <[ebgm_yddfsn.enc <EBGaramond-SemiBoldItalic.pfb
EBGaramond-SemiBoldItalic-tosf-ot1 EBGaramond-SemiBoldItalic "AutoEnc_hrbra6i2csytfjthk3llgqmsie ReEncodeFont" <[ebgm_hrbra6.enc <EBGaramond-SemiBoldItalic.pfb
EBGaramond-SemiBoldItalic-tosf-t1--base EBGaramond-SemiBoldItalic "AutoEnc_a56nalezuofsdtatiphjmhjrhb ReEncodeFont" <[ebgm_a56nal.enc <EBGaramond-SemiBoldItalic.pfb
EBGaramond-SemiBoldItalic-tosf-ly1 EBGaramond-SemiBoldItalic "AutoEnc_gspomovk7lyl4ombl5ekjjslwe ReEncodeFont" <[ebgm_gspomo.enc <EBGaramond-SemiBoldItalic.pfb
EBGaramond-SemiBoldItalic-tosf-lgr EBGaramond-SemiBoldItalic "AutoEnc_h2c7fwk7hr7f6b726ltraghneg ReEncodeFont" <[ebgm_h2c7fw.enc <EBGaramond-SemiBoldItalic.pfb
EBGaramond-SemiBoldItalic-tosf-sc-ot1--base EBGaramond-SemiBoldItalic "AutoEnc_vqv3w3jddu2yz2dnmvvx2bbzrd ReEncodeFont" <[ebgm_vqv3w3.enc <EBGaramond-SemiBoldItalic.pfb
EBGaramond-SemiBoldItalic-tosf-sc-t1--base EBGaramond-SemiBoldItalic "AutoEnc_nhfy4vcyskj4jwrirusa4olqia ReEncodeFont" <[ebgm_nhfy4v.enc <EBGaramond-SemiBoldItalic.pfb
EBGaramond-SemiBoldItalic-tosf-sc-ly1--base EBGaramond-SemiBoldItalic "AutoEnc_fhs5ay3xzuvj66nv5ukbup7brc ReEncodeFont" <[ebgm_fhs5ay.enc <EBGaramond-SemiBoldItalic.pfb
EBGaramond-SemiBoldItalic-tosf-sc-lgr EBGaramond-SemiBoldItalic "AutoEnc_57ulwipygxpx44bhstzuxg7eeb ReEncodeFont" <[ebgm_57ulwi.enc <EBGaramond-SemiBoldItalic.pfb
EBGaramond-SemiBoldItalic-tosf-swash-ot1 EBGaramond-SemiBoldItalic "AutoEnc_ybjcp2n3rqkpe6jzo7tywoy25b ReEncodeFont" <[ebgm_ybjcp2.enc <EBGaramond-SemiBoldItalic.pfb
EBGaramond-SemiBoldItalic-tosf-swash-t1--base EBGaramond-SemiBoldItalic "AutoEnc_chpilvors6my3ehpbzcxgc6frb ReEncodeFont" <[ebgm_chpilv.enc <EBGaramond-SemiBoldItalic.pfb
EBGaramond-SemiBoldItalic-tosf-swash-ly1 EBGaramond-SemiBoldItalic "AutoEnc_xgcnbwdsheuby7mx6lcn6pikec ReEncodeFont" <[ebgm_xgcnbw.enc <EBGaramond-SemiBoldItalic.pfb
EBGaramond-SemiBoldItalic-tosf-swash-lgr EBGaramond-SemiBoldItalic "AutoEnc_h2c7fwk7hr7f6b726ltraghneg ReEncodeFont" <[ebgm_h2c7fw.enc <EBGaramond-SemiBoldItalic.pfb
EBGaramond-SemiBoldItalic-tosf-ts1--base EBGaramond-SemiBoldItalic "AutoEnc_doset5jni7ptstijeczbezqvvd ReEncodeFont" <[ebgm_doset5.enc <EBGaramond-SemiBoldItalic.pfb
EBGaramond-SemiBoldItalic-osf-ot1 EBGaramond-SemiBoldItalic "AutoEnc_tsrvmbxtiuaqna5damhcsmuo7a ReEncodeFont" <[ebgm_tsrvmb.enc <EBGaramond-SemiBoldItalic.pfb
EBGaramond-SemiBoldItalic-osf-t1--base EBGaramond-SemiBoldItalic "AutoEnc_ljow5qyhjlyuzhmaqt2ib23byb ReEncodeFont" <[ebgm_ljow5q.enc <EBGaramond-SemiBoldItalic.pfb
EBGaramond-SemiBoldItalic-osf-ly1 EBGaramond-SemiBoldItalic "AutoEnc_lybnupxzu2xdvf77n54qyc3hmf ReEncodeFont" <[ebgm_lybnup.enc <EBGaramond-SemiBoldItalic.pfb
EBGaramond-SemiBoldItalic-osf-lgr EBGaramond-SemiBoldItalic "AutoEnc_d2h6ljvgfcffsjkildsxejswnc ReEncodeFont" <[ebgm_d2h6lj.enc <EBGaramond-SemiBoldItalic.pfb
EBGaramond-SemiBoldItalic-osf-sc-ot1--base EBGaramond-SemiBoldItalic "AutoEnc_egoty6wpchcoxueschnlw73q6d ReEncodeFont" <[ebgm_egoty6.enc <EBGaramond-SemiBoldItalic.pfb
EBGaramond-SemiBoldItalic-osf-sc-t1--base EBGaramond-SemiBoldItalic "AutoEnc_byuynix5r46fcpi7yc7qekcpbh ReEncodeFont" <[ebgm_byuyni.enc <EBGaramond-SemiBoldItalic.pfb
EBGaramond-SemiBoldItalic-osf-sc-ly1--base EBGaramond-SemiBoldItalic "AutoEnc_w7jvgciavnrd4lpluc74loh5tc ReEncodeFont" <[ebgm_w7jvgc.enc <EBGaramond-SemiBoldItalic.pfb
EBGaramond-SemiBoldItalic-osf-sc-lgr EBGaramond-SemiBoldItalic "AutoEnc_gf4ecrjohawsuircygk3z7dolf ReEncodeFont" <[ebgm_gf4ecr.enc <EBGaramond-SemiBoldItalic.pfb
EBGaramond-SemiBoldItalic-osf-swash-ot1 EBGaramond-SemiBoldItalic "AutoEnc_fl2meaklzd5y4h4656nmpazm7g ReEncodeFont" <[ebgm_fl2mea.enc <EBGaramond-SemiBoldItalic.pfb
EBGaramond-SemiBoldItalic-osf-swash-t1--base EBGaramond-SemiBoldItalic "AutoEnc_5xwr64xfbstsyzqm34el7wgyoa ReEncodeFont" <[ebgm_5xwr64.enc <EBGaramond-SemiBoldItalic.pfb
EBGaramond-SemiBoldItalic-osf-swash-ly1 EBGaramond-SemiBoldItalic "AutoEnc_4v7kvs7llxqenpzq3jpe6t7smc ReEncodeFont" <[ebgm_4v7kvs.enc <EBGaramond-SemiBoldItalic.pfb
EBGaramond-SemiBoldItalic-osf-swash-lgr EBGaramond-SemiBoldItalic "AutoEnc_d2h6ljvgfcffsjkildsxejswnc ReEncodeFont" <[ebgm_d2h6lj.enc <EBGaramond-SemiBoldItalic.pfb
EBGaramond-SemiBoldItalic-osf-ts1--base EBGaramond-SemiBoldItalic "AutoEnc_yddfsneogpgfw3a5axgk6w34nc ReEncodeFont" <[ebgm_yddfsn.enc <EBGaramond-SemiBoldItalic.pfb
EBGaramond-SemiBold-tlf-ot1 EBGaramond-SemiBold "AutoEnc_zcffwkx4jghwtzclmgb4vrul6f ReEncodeFont" <[ebgm_zcffwk.enc <EBGaramond-SemiBold.pfb
EBGaramond-SemiBold-tlf-t1--base EBGaramond-SemiBold "AutoEnc_67ivnhsqlzzfjwyofd7idalr6c ReEncodeFont" <[ebgm_67ivnh.enc <EBGaramond-SemiBold.pfb
EBGaramond-SemiBold-tlf-ly1 EBGaramond-SemiBold "AutoEnc_535mcmkatc3k7okg5zkd62wnwd ReEncodeFont" <[ebgm_535mcm.enc <EBGaramond-SemiBold.pfb
EBGaramond-SemiBold-tlf-lgr EBGaramond-SemiBold "AutoEnc_7tc6veb5ti7ssiwh6gcsgl7tba ReEncodeFont" <[ebgm_7tc6ve.enc <EBGaramond-SemiBold.pfb
EBGaramond-SemiBold-tlf-sc-ot1--base EBGaramond-SemiBold "AutoEnc_s7tpqtebt7fpaobhsv7o6g6p3d ReEncodeFont" <[ebgm_s7tpqt.enc <EBGaramond-SemiBold.pfb
EBGaramond-SemiBold-tlf-sc-t1--base EBGaramond-SemiBold "AutoEnc_yjkoc2bxtyk5pymwhoiyarwopd ReEncodeFont" <[ebgm_yjkoc2.enc <EBGaramond-SemiBold.pfb
EBGaramond-SemiBold-tlf-sc-ly1--base EBGaramond-SemiBold "AutoEnc_bj5npyi4fynrmukxpr6zuls5mb ReEncodeFont" <[ebgm_bj5npy.enc <EBGaramond-SemiBold.pfb
EBGaramond-SemiBold-tlf-sc-lgr EBGaramond-SemiBold "AutoEnc_oahximbxglbv3wxpkrpj4y2s3a ReEncodeFont" <[ebgm_oahxim.enc <EBGaramond-SemiBold.pfb
EBGaramond-SemiBold-tlf-swash-ot1 EBGaramond-SemiBold "AutoEnc_puit2nloz4jci7unygzovz7rah ReEncodeFont" <[ebgm_puit2n.enc <EBGaramond-SemiBold.pfb
EBGaramond-SemiBold-tlf-swash-t1--base EBGaramond-SemiBold "AutoEnc_2ybfspue5bctl7gll276ebcmad ReEncodeFont" <[ebgm_2ybfsp.enc <EBGaramond-SemiBold.pfb
EBGaramond-SemiBold-tlf-swash-ly1 EBGaramond-SemiBold "AutoEnc_zbngqq7w4fvvsebjrikxgrvhzd ReEncodeFont" <[ebgm_zbngqq.enc <EBGaramond-SemiBold.pfb
EBGaramond-SemiBold-tlf-swash-lgr EBGaramond-SemiBold "AutoEnc_7tc6veb5ti7ssiwh6gcsgl7tba ReEncodeFont" <[ebgm_7tc6ve.enc <EBGaramond-SemiBold.pfb
EBGaramond-SemiBold-tlf-ts1--base EBGaramond-SemiBold "AutoEnc_ld6df2x7jielfy7kpphsipzgeb ReEncodeFont" <[ebgm_ld6df2.enc <EBGaramond-SemiBold.pfb
EBGaramond-SemiBold-inf-ot1 EBGaramond-SemiBold "AutoEnc_ao6kf7czm3kxufroii6io2txyb ReEncodeFont" <[ebgm_ao6kf7.enc <EBGaramond-SemiBold.pfb
EBGaramond-SemiBold-inf-t1--base EBGaramond-SemiBold "AutoEnc_kfeykpdkdkfgcmiob2alq76d6b ReEncodeFont" <[ebgm_kfeykp.enc <EBGaramond-SemiBold.pfb
EBGaramond-SemiBold-inf-ly1 EBGaramond-SemiBold "AutoEnc_524p5kfhkhbrmlob56raqstjhh ReEncodeFont" <[ebgm_524p5k.enc <EBGaramond-SemiBold.pfb
EBGaramond-SemiBold-inf-lgr EBGaramond-SemiBold "AutoEnc_pdqo3av4kve7bqrw3rvhvxfhzd ReEncodeFont" <[ebgm_pdqo3a.enc <EBGaramond-SemiBold.pfb
EBGaramond-SemiBold-sup-ot1 EBGaramond-SemiBold "AutoEnc_oge4zeph4qgrf2eqipj4avd4uf ReEncodeFont" <[ebgm_oge4ze.enc <EBGaramond-SemiBold.pfb
EBGaramond-SemiBold-sup-t1--base EBGaramond-SemiBold "AutoEnc_bszlvlk6bkouv7yc5pd5xqbgld ReEncodeFont" <[ebgm_bszlvl.enc <EBGaramond-SemiBold.pfb
EBGaramond-SemiBold-sup-ly1 EBGaramond-SemiBold "AutoEnc_ancicscmgqynsv3uhmrzuy63lc ReEncodeFont" <[ebgm_ancics.enc <EBGaramond-SemiBold.pfb
EBGaramond-SemiBold-sup-lgr EBGaramond-SemiBold "AutoEnc_c6t5bpitf4sr3wr7yxdk44tzla ReEncodeFont" <[ebgm_c6t5bp.enc <EBGaramond-SemiBold.pfb
EBGaramond-SemiBold-lf-ot1 EBGaramond-SemiBold "AutoEnc_gfppumj2niwzr7rvknb25lnijd ReEncodeFont" <[ebgm_gfppum.enc <EBGaramond-SemiBold.pfb
EBGaramond-SemiBold-lf-t1--base EBGaramond-SemiBold "AutoEnc_ldtcglywtopractqcvck4apvwf ReEncodeFont" <[ebgm_ldtcgl.enc <EBGaramond-SemiBold.pfb
EBGaramond-SemiBold-lf-ly1 EBGaramond-SemiBold "AutoEnc_k24cav3n2vooiafmr42yfwxnig ReEncodeFont" <[ebgm_k24cav.enc <EBGaramond-SemiBold.pfb
EBGaramond-SemiBold-lf-lgr EBGaramond-SemiBold "AutoEnc_u7qtota2ag455cepax2sd2ckqd ReEncodeFont" <[ebgm_u7qtot.enc <EBGaramond-SemiBold.pfb
EBGaramond-SemiBold-lf-sc-ot1--base EBGaramond-SemiBold "AutoEnc_qip76aljekhkapltnlznjm26tg ReEncodeFont" <[ebgm_qip76a.enc <EBGaramond-SemiBold.pfb
EBGaramond-SemiBold-lf-sc-t1--base EBGaramond-SemiBold "AutoEnc_xoskheoavizix7q6vfcc7k34cd ReEncodeFont" <[ebgm_xoskhe.enc <EBGaramond-SemiBold.pfb
EBGaramond-SemiBold-lf-sc-ly1--base EBGaramond-SemiBold "AutoEnc_k5z2jzdrvp4cxkgtha7q3hj3ic ReEncodeFont" <[ebgm_k5z2jz.enc <EBGaramond-SemiBold.pfb
EBGaramond-SemiBold-lf-sc-lgr EBGaramond-SemiBold "AutoEnc_a37mnvqydlorqaald5plu4ojed ReEncodeFont" <[ebgm_a37mnv.enc <EBGaramond-SemiBold.pfb
EBGaramond-SemiBold-lf-swash-ot1 EBGaramond-SemiBold "AutoEnc_qhp2audysmrephuwmg3n4k6rda ReEncodeFont" <[ebgm_qhp2au.enc <EBGaramond-SemiBold.pfb
EBGaramond-SemiBold-lf-swash-t1--base EBGaramond-SemiBold "AutoEnc_qwnohrkd4g7ovht34zvdv4rxye ReEncodeFont" <[ebgm_qwnohr.enc <EBGaramond-SemiBold.pfb
EBGaramond-SemiBold-lf-swash-ly1 EBGaramond-SemiBold "AutoEnc_ndsebzebomne5pur324xut6sob ReEncodeFont" <[ebgm_ndsebz.enc <EBGaramond-SemiBold.pfb
EBGaramond-SemiBold-lf-swash-lgr EBGaramond-SemiBold "AutoEnc_u7qtota2ag455cepax2sd2ckqd ReEncodeFont" <[ebgm_u7qtot.enc <EBGaramond-SemiBold.pfb
EBGaramond-SemiBold-lf-ts1--base EBGaramond-SemiBold "AutoEnc_ld6df2x7jielfy7kpphsipzgeb ReEncodeFont" <[ebgm_ld6df2.enc <EBGaramond-SemiBold.pfb
EBGaramond-SemiBold-tosf-ot1 EBGaramond-SemiBold "AutoEnc_6qtp6p6j4z7jltsaazygzjbv4h ReEncodeFont" <[ebgm_6qtp6p.enc <EBGaramond-SemiBold.pfb
EBGaramond-SemiBold-tosf-t1--base EBGaramond-SemiBold "AutoEnc_oskdwa7l2lpl3eabckeiyywzac ReEncodeFont" <[ebgm_oskdwa.enc <EBGaramond-SemiBold.pfb
EBGaramond-SemiBold-tosf-ly1 EBGaramond-SemiBold "AutoEnc_z6ekgmyix66coapciojsnatnsd ReEncodeFont" <[ebgm_z6ekgm.enc <EBGaramond-SemiBold.pfb
EBGaramond-SemiBold-tosf-lgr EBGaramond-SemiBold "AutoEnc_j4bgamcdqi3g7r5p3hqc4iyw7g ReEncodeFont" <[ebgm_j4bgam.enc <EBGaramond-SemiBold.pfb
EBGaramond-SemiBold-tosf-sc-ot1--base EBGaramond-SemiBold "AutoEnc_vqv3w3jddu2yz2dnmvvx2bbzrd ReEncodeFont" <[ebgm_vqv3w3.enc <EBGaramond-SemiBold.pfb
EBGaramond-SemiBold-tosf-sc-t1--base EBGaramond-SemiBold "AutoEnc_nhfy4vcyskj4jwrirusa4olqia ReEncodeFont" <[ebgm_nhfy4v.enc <EBGaramond-SemiBold.pfb
EBGaramond-SemiBold-tosf-sc-ly1--base EBGaramond-SemiBold "AutoEnc_2hp5cx2riilbqpkbahujgy6q5d ReEncodeFont" <[ebgm_2hp5cx.enc <EBGaramond-SemiBold.pfb
EBGaramond-SemiBold-tosf-sc-lgr EBGaramond-SemiBold "AutoEnc_7zgzergdqk64snrz5jrrhbnuia ReEncodeFont" <[ebgm_7zgzer.enc <EBGaramond-SemiBold.pfb
EBGaramond-SemiBold-tosf-swash-ot1 EBGaramond-SemiBold "AutoEnc_i3ibnmrltnyzdi6mqew7p5ptpb ReEncodeFont" <[ebgm_i3ibnm.enc <EBGaramond-SemiBold.pfb
EBGaramond-SemiBold-tosf-swash-t1--base EBGaramond-SemiBold "AutoEnc_fbpsnn4gedcdsmgeb3sv36kaoa ReEncodeFont" <[ebgm_fbpsnn.enc <EBGaramond-SemiBold.pfb
EBGaramond-SemiBold-tosf-swash-ly1 EBGaramond-SemiBold "AutoEnc_k7jns3urrwjbeec6cxbmjtdeba ReEncodeFont" <[ebgm_k7jns3.enc <EBGaramond-SemiBold.pfb
EBGaramond-SemiBold-tosf-swash-lgr EBGaramond-SemiBold "AutoEnc_j4bgamcdqi3g7r5p3hqc4iyw7g ReEncodeFont" <[ebgm_j4bgam.enc <EBGaramond-SemiBold.pfb
EBGaramond-SemiBold-tosf-ts1--base EBGaramond-SemiBold "AutoEnc_ld6df2x7jielfy7kpphsipzgeb ReEncodeFont" <[ebgm_ld6df2.enc <EBGaramond-SemiBold.pfb
EBGaramond-SemiBold-osf-ot1 EBGaramond-SemiBold "AutoEnc_fc2mbn3xtktdfxsxdv3khcb5dh ReEncodeFont" <[ebgm_fc2mbn.enc <EBGaramond-SemiBold.pfb
EBGaramond-SemiBold-osf-t1--base EBGaramond-SemiBold "AutoEnc_tcdnmrnue2rp5jhik7fpez6o6c ReEncodeFont" <[ebgm_tcdnmr.enc <EBGaramond-SemiBold.pfb
EBGaramond-SemiBold-osf-ly1 EBGaramond-SemiBold "AutoEnc_rdmgdpbfgczlsyeculwnih2dnb ReEncodeFont" <[ebgm_rdmgdp.enc <EBGaramond-SemiBold.pfb
EBGaramond-SemiBold-osf-lgr EBGaramond-SemiBold "AutoEnc_j2crie3q3ql5vppmub5ulnuhme ReEncodeFont" <[ebgm_j2crie.enc <EBGaramond-SemiBold.pfb
EBGaramond-SemiBold-osf-sc-ot1--base EBGaramond-SemiBold "AutoEnc_egoty6wpchcoxueschnlw73q6d ReEncodeFont" <[ebgm_egoty6.enc <EBGaramond-SemiBold.pfb
EBGaramond-SemiBold-osf-sc-t1--base EBGaramond-SemiBold "AutoEnc_byuynix5r46fcpi7yc7qekcpbh ReEncodeFont" <[ebgm_byuyni.enc <EBGaramond-SemiBold.pfb
EBGaramond-SemiBold-osf-sc-ly1--base EBGaramond-SemiBold "AutoEnc_3veehr3qlng7egxjmdt62spp4b ReEncodeFont" <[ebgm_3veehr.enc <EBGaramond-SemiBold.pfb
EBGaramond-SemiBold-osf-sc-lgr EBGaramond-SemiBold "AutoEnc_a23bapsffzolzs2xp62zafejdf ReEncodeFont" <[ebgm_a23bap.enc <EBGaramond-SemiBold.pfb
EBGaramond-SemiBold-osf-swash-ot1 EBGaramond-SemiBold "AutoEnc_5cvcse6zzhyqnzpcyyxf2c4jmd ReEncodeFont" <[ebgm_5cvcse.enc <EBGaramond-SemiBold.pfb
EBGaramond-SemiBold-osf-swash-t1--base EBGaramond-SemiBold "AutoEnc_bisgyqvbye4j4z3a2eitsziioc ReEncodeFont" <[ebgm_bisgyq.enc <EBGaramond-SemiBold.pfb
EBGaramond-SemiBold-osf-swash-ly1 EBGaramond-SemiBold "AutoEnc_lbrsczy3nobnrl57jk37hi67bg ReEncodeFont" <[ebgm_lbrscz.enc <EBGaramond-SemiBold.pfb
EBGaramond-SemiBold-osf-swash-lgr EBGaramond-SemiBold "AutoEnc_j2crie3q3ql5vppmub5ulnuhme ReEncodeFont" <[ebgm_j2crie.enc <EBGaramond-SemiBold.pfb
EBGaramond-SemiBold-osf-ts1--base EBGaramond-SemiBold "AutoEnc_ld6df2x7jielfy7kpphsipzgeb ReEncodeFont" <[ebgm_ld6df2.enc <EBGaramond-SemiBold.pfb
