CrimsonPro-BlackItalic-tlf-ot1 CrimsonPro-BlackItalic "AutoEnc_kpggsyt4yf5xcieamtt5dhsgia ReEncodeFont" <[crp_kpggsy.enc <CrimsonPro-BlackItalic.pfb
CrimsonPro-BlackItalic-tlf-t1--base CrimsonPro-BlackItalic "AutoEnc_bapnwuqvw5kwdgscrwja53ydrc ReEncodeFont" <[crp_bapnwu.enc <CrimsonPro-BlackItalic.pfb
CrimsonPro-BlackItalic-tlf-ly1--base CrimsonPro-BlackItalic "AutoEnc_3lrgtjt5wmxbv4cukdcz3abezh ReEncodeFont" <[crp_3lrgtj.enc <CrimsonPro-BlackItalic.pfb
CrimsonPro-BlackItalic-tlf-ts1--base CrimsonPro-BlackItalic "AutoEnc_krtxg6jyxkm7zzralrdwbxihke ReEncodeFont" <[crp_krtxg6.enc <CrimsonPro-BlackItalic.pfb
CrimsonPro-BlackItalic-inf-ot1 CrimsonPro-BlackItalic "AutoEnc_izapv76yrbf76w2qwgrstob7wd ReEncodeFont" <[crp_izapv7.enc <CrimsonPro-BlackItalic.pfb
CrimsonPro-BlackItalic-inf-t1--base CrimsonPro-BlackItalic "AutoEnc_ylc3fo3cb22ysxdaevucwsarqa ReEncodeFont" <[crp_ylc3fo.enc <CrimsonPro-BlackItalic.pfb
CrimsonPro-BlackItalic-inf-ly1--base CrimsonPro-BlackItalic "AutoEnc_jvsxekyhlk5wzne3bjzgkgu3nh ReEncodeFont" <[crp_jvsxek.enc <CrimsonPro-BlackItalic.pfb
CrimsonPro-BlackItalic-sup-ot1 CrimsonPro-BlackItalic "AutoEnc_yyrdtmjwmqgqz2zeolasf32k4h ReEncodeFont" <[crp_yyrdtm.enc <CrimsonPro-BlackItalic.pfb
CrimsonPro-BlackItalic-sup-t1--base CrimsonPro-BlackItalic "AutoEnc_2sgwqlavbtnq6474s65cbbxbqg ReEncodeFont" <[crp_2sgwql.enc <CrimsonPro-BlackItalic.pfb
CrimsonPro-BlackItalic-sup-ly1--base CrimsonPro-BlackItalic "AutoEnc_spbxfw5fggzp42o7zrkdwszskd ReEncodeFont" <[crp_spbxfw.enc <CrimsonPro-BlackItalic.pfb
CrimsonPro-BlackItalic-lf-ot1 CrimsonPro-BlackItalic "AutoEnc_hxzdi6me5ke32duychql4tfzla ReEncodeFont" <[crp_hxzdi6.enc <CrimsonPro-BlackItalic.pfb
CrimsonPro-BlackItalic-lf-t1--base CrimsonPro-BlackItalic "AutoEnc_umrhwxuejprkmrnyrjfbuiezeg ReEncodeFont" <[crp_umrhwx.enc <CrimsonPro-BlackItalic.pfb
CrimsonPro-BlackItalic-lf-ly1--base CrimsonPro-BlackItalic "AutoEnc_xsutkk5qpbtpithjvjqe7koprd ReEncodeFont" <[crp_xsutkk.enc <CrimsonPro-BlackItalic.pfb
CrimsonPro-BlackItalic-lf-ts1--base CrimsonPro-BlackItalic "AutoEnc_krtxg6jyxkm7zzralrdwbxihke ReEncodeFont" <[crp_krtxg6.enc <CrimsonPro-BlackItalic.pfb
CrimsonPro-BlackItalic-tosf-ot1 CrimsonPro-BlackItalic "AutoEnc_wslvgtu4e3dk2am4vigizcflnh ReEncodeFont" <[crp_wslvgt.enc <CrimsonPro-BlackItalic.pfb
CrimsonPro-BlackItalic-tosf-t1--base CrimsonPro-BlackItalic "AutoEnc_b4nxopbu5z6mb5uqabjfu4ojoh ReEncodeFont" <[crp_b4nxop.enc <CrimsonPro-BlackItalic.pfb
CrimsonPro-BlackItalic-tosf-ly1--base CrimsonPro-BlackItalic "AutoEnc_qlkdbrreyajhhzkickftrz53zd ReEncodeFont" <[crp_qlkdbr.enc <CrimsonPro-BlackItalic.pfb
CrimsonPro-BlackItalic-tosf-ts1--base CrimsonPro-BlackItalic "AutoEnc_krtxg6jyxkm7zzralrdwbxihke ReEncodeFont" <[crp_krtxg6.enc <CrimsonPro-BlackItalic.pfb
CrimsonPro-BlackItalic-osf-ot1 CrimsonPro-BlackItalic "AutoEnc_ldjqepge64ylvujkqqx3bjtoib ReEncodeFont" <[crp_ldjqep.enc <CrimsonPro-BlackItalic.pfb
CrimsonPro-BlackItalic-osf-t1--base CrimsonPro-BlackItalic "AutoEnc_q22ex3bp7r26wfiuqnju5crj3f ReEncodeFont" <[crp_q22ex3.enc <CrimsonPro-BlackItalic.pfb
CrimsonPro-BlackItalic-osf-ly1--base CrimsonPro-BlackItalic "AutoEnc_iqth5t7x6oque6tyjnjnf2iu4f ReEncodeFont" <[crp_iqth5t.enc <CrimsonPro-BlackItalic.pfb
CrimsonPro-BlackItalic-osf-ts1--base CrimsonPro-BlackItalic "AutoEnc_krtxg6jyxkm7zzralrdwbxihke ReEncodeFont" <[crp_krtxg6.enc <CrimsonPro-BlackItalic.pfb
CrimsonPro-Black-tlf-ot1 CrimsonPro-Black "AutoEnc_kpggsyt4yf5xcieamtt5dhsgia ReEncodeFont" <[crp_kpggsy.enc <CrimsonPro-Black.pfb
CrimsonPro-Black-tlf-t1--base CrimsonPro-Black "AutoEnc_bapnwuqvw5kwdgscrwja53ydrc ReEncodeFont" <[crp_bapnwu.enc <CrimsonPro-Black.pfb
CrimsonPro-Black-tlf-ly1--base CrimsonPro-Black "AutoEnc_3lrgtjt5wmxbv4cukdcz3abezh ReEncodeFont" <[crp_3lrgtj.enc <CrimsonPro-Black.pfb
CrimsonPro-Black-tlf-ts1--base CrimsonPro-Black "AutoEnc_krtxg6jyxkm7zzralrdwbxihke ReEncodeFont" <[crp_krtxg6.enc <CrimsonPro-Black.pfb
CrimsonPro-Black-inf-ot1 CrimsonPro-Black "AutoEnc_izapv76yrbf76w2qwgrstob7wd ReEncodeFont" <[crp_izapv7.enc <CrimsonPro-Black.pfb
CrimsonPro-Black-inf-t1--base CrimsonPro-Black "AutoEnc_ylc3fo3cb22ysxdaevucwsarqa ReEncodeFont" <[crp_ylc3fo.enc <CrimsonPro-Black.pfb
CrimsonPro-Black-inf-ly1--base CrimsonPro-Black "AutoEnc_jvsxekyhlk5wzne3bjzgkgu3nh ReEncodeFont" <[crp_jvsxek.enc <CrimsonPro-Black.pfb
CrimsonPro-Black-sup-ot1 CrimsonPro-Black "AutoEnc_yyrdtmjwmqgqz2zeolasf32k4h ReEncodeFont" <[crp_yyrdtm.enc <CrimsonPro-Black.pfb
CrimsonPro-Black-sup-t1--base CrimsonPro-Black "AutoEnc_2sgwqlavbtnq6474s65cbbxbqg ReEncodeFont" <[crp_2sgwql.enc <CrimsonPro-Black.pfb
CrimsonPro-Black-sup-ly1--base CrimsonPro-Black "AutoEnc_spbxfw5fggzp42o7zrkdwszskd ReEncodeFont" <[crp_spbxfw.enc <CrimsonPro-Black.pfb
CrimsonPro-Black-lf-ot1 CrimsonPro-Black "AutoEnc_hxzdi6me5ke32duychql4tfzla ReEncodeFont" <[crp_hxzdi6.enc <CrimsonPro-Black.pfb
CrimsonPro-Black-lf-t1--base CrimsonPro-Black "AutoEnc_umrhwxuejprkmrnyrjfbuiezeg ReEncodeFont" <[crp_umrhwx.enc <CrimsonPro-Black.pfb
CrimsonPro-Black-lf-ly1--base CrimsonPro-Black "AutoEnc_xsutkk5qpbtpithjvjqe7koprd ReEncodeFont" <[crp_xsutkk.enc <CrimsonPro-Black.pfb
CrimsonPro-Black-lf-ts1--base CrimsonPro-Black "AutoEnc_krtxg6jyxkm7zzralrdwbxihke ReEncodeFont" <[crp_krtxg6.enc <CrimsonPro-Black.pfb
CrimsonPro-Black-tosf-ot1 CrimsonPro-Black "AutoEnc_wslvgtu4e3dk2am4vigizcflnh ReEncodeFont" <[crp_wslvgt.enc <CrimsonPro-Black.pfb
CrimsonPro-Black-tosf-t1--base CrimsonPro-Black "AutoEnc_b4nxopbu5z6mb5uqabjfu4ojoh ReEncodeFont" <[crp_b4nxop.enc <CrimsonPro-Black.pfb
CrimsonPro-Black-tosf-ly1--base CrimsonPro-Black "AutoEnc_qlkdbrreyajhhzkickftrz53zd ReEncodeFont" <[crp_qlkdbr.enc <CrimsonPro-Black.pfb
CrimsonPro-Black-tosf-ts1--base CrimsonPro-Black "AutoEnc_krtxg6jyxkm7zzralrdwbxihke ReEncodeFont" <[crp_krtxg6.enc <CrimsonPro-Black.pfb
CrimsonPro-Black-osf-ot1 CrimsonPro-Black "AutoEnc_ldjqepge64ylvujkqqx3bjtoib ReEncodeFont" <[crp_ldjqep.enc <CrimsonPro-Black.pfb
CrimsonPro-Black-osf-t1--base CrimsonPro-Black "AutoEnc_q22ex3bp7r26wfiuqnju5crj3f ReEncodeFont" <[crp_q22ex3.enc <CrimsonPro-Black.pfb
CrimsonPro-Black-osf-ly1--base CrimsonPro-Black "AutoEnc_iqth5t7x6oque6tyjnjnf2iu4f ReEncodeFont" <[crp_iqth5t.enc <CrimsonPro-Black.pfb
CrimsonPro-Black-osf-ts1--base CrimsonPro-Black "AutoEnc_krtxg6jyxkm7zzralrdwbxihke ReEncodeFont" <[crp_krtxg6.enc <CrimsonPro-Black.pfb
CrimsonPro-BoldItalic-tlf-ot1 CrimsonPro-BoldItalic "AutoEnc_kpggsyt4yf5xcieamtt5dhsgia ReEncodeFont" <[crp_kpggsy.enc <CrimsonPro-BoldItalic.pfb
CrimsonPro-BoldItalic-tlf-t1--base CrimsonPro-BoldItalic "AutoEnc_bapnwuqvw5kwdgscrwja53ydrc ReEncodeFont" <[crp_bapnwu.enc <CrimsonPro-BoldItalic.pfb
CrimsonPro-BoldItalic-tlf-ly1--base CrimsonPro-BoldItalic "AutoEnc_3lrgtjt5wmxbv4cukdcz3abezh ReEncodeFont" <[crp_3lrgtj.enc <CrimsonPro-BoldItalic.pfb
CrimsonPro-BoldItalic-tlf-ts1--base CrimsonPro-BoldItalic "AutoEnc_krtxg6jyxkm7zzralrdwbxihke ReEncodeFont" <[crp_krtxg6.enc <CrimsonPro-BoldItalic.pfb
CrimsonPro-BoldItalic-inf-ot1 CrimsonPro-BoldItalic "AutoEnc_izapv76yrbf76w2qwgrstob7wd ReEncodeFont" <[crp_izapv7.enc <CrimsonPro-BoldItalic.pfb
CrimsonPro-BoldItalic-inf-t1--base CrimsonPro-BoldItalic "AutoEnc_ylc3fo3cb22ysxdaevucwsarqa ReEncodeFont" <[crp_ylc3fo.enc <CrimsonPro-BoldItalic.pfb
CrimsonPro-BoldItalic-inf-ly1--base CrimsonPro-BoldItalic "AutoEnc_jvsxekyhlk5wzne3bjzgkgu3nh ReEncodeFont" <[crp_jvsxek.enc <CrimsonPro-BoldItalic.pfb
CrimsonPro-BoldItalic-sup-ot1 CrimsonPro-BoldItalic "AutoEnc_yyrdtmjwmqgqz2zeolasf32k4h ReEncodeFont" <[crp_yyrdtm.enc <CrimsonPro-BoldItalic.pfb
CrimsonPro-BoldItalic-sup-t1--base CrimsonPro-BoldItalic "AutoEnc_2sgwqlavbtnq6474s65cbbxbqg ReEncodeFont" <[crp_2sgwql.enc <CrimsonPro-BoldItalic.pfb
CrimsonPro-BoldItalic-sup-ly1--base CrimsonPro-BoldItalic "AutoEnc_spbxfw5fggzp42o7zrkdwszskd ReEncodeFont" <[crp_spbxfw.enc <CrimsonPro-BoldItalic.pfb
CrimsonPro-BoldItalic-lf-ot1 CrimsonPro-BoldItalic "AutoEnc_hxzdi6me5ke32duychql4tfzla ReEncodeFont" <[crp_hxzdi6.enc <CrimsonPro-BoldItalic.pfb
CrimsonPro-BoldItalic-lf-t1--base CrimsonPro-BoldItalic "AutoEnc_umrhwxuejprkmrnyrjfbuiezeg ReEncodeFont" <[crp_umrhwx.enc <CrimsonPro-BoldItalic.pfb
CrimsonPro-BoldItalic-lf-ly1--base CrimsonPro-BoldItalic "AutoEnc_xsutkk5qpbtpithjvjqe7koprd ReEncodeFont" <[crp_xsutkk.enc <CrimsonPro-BoldItalic.pfb
CrimsonPro-BoldItalic-lf-ts1--base CrimsonPro-BoldItalic "AutoEnc_krtxg6jyxkm7zzralrdwbxihke ReEncodeFont" <[crp_krtxg6.enc <CrimsonPro-BoldItalic.pfb
CrimsonPro-BoldItalic-tosf-ot1 CrimsonPro-BoldItalic "AutoEnc_wslvgtu4e3dk2am4vigizcflnh ReEncodeFont" <[crp_wslvgt.enc <CrimsonPro-BoldItalic.pfb
CrimsonPro-BoldItalic-tosf-t1--base CrimsonPro-BoldItalic "AutoEnc_b4nxopbu5z6mb5uqabjfu4ojoh ReEncodeFont" <[crp_b4nxop.enc <CrimsonPro-BoldItalic.pfb
CrimsonPro-BoldItalic-tosf-ly1--base CrimsonPro-BoldItalic "AutoEnc_qlkdbrreyajhhzkickftrz53zd ReEncodeFont" <[crp_qlkdbr.enc <CrimsonPro-BoldItalic.pfb
CrimsonPro-BoldItalic-tosf-ts1--base CrimsonPro-BoldItalic "AutoEnc_krtxg6jyxkm7zzralrdwbxihke ReEncodeFont" <[crp_krtxg6.enc <CrimsonPro-BoldItalic.pfb
CrimsonPro-BoldItalic-osf-ot1 CrimsonPro-BoldItalic "AutoEnc_ldjqepge64ylvujkqqx3bjtoib ReEncodeFont" <[crp_ldjqep.enc <CrimsonPro-BoldItalic.pfb
CrimsonPro-BoldItalic-osf-t1--base CrimsonPro-BoldItalic "AutoEnc_q22ex3bp7r26wfiuqnju5crj3f ReEncodeFont" <[crp_q22ex3.enc <CrimsonPro-BoldItalic.pfb
CrimsonPro-BoldItalic-osf-ly1--base CrimsonPro-BoldItalic "AutoEnc_iqth5t7x6oque6tyjnjnf2iu4f ReEncodeFont" <[crp_iqth5t.enc <CrimsonPro-BoldItalic.pfb
CrimsonPro-BoldItalic-osf-ts1--base CrimsonPro-BoldItalic "AutoEnc_krtxg6jyxkm7zzralrdwbxihke ReEncodeFont" <[crp_krtxg6.enc <CrimsonPro-BoldItalic.pfb
CrimsonPro-Bold-tlf-ot1 CrimsonPro-Bold "AutoEnc_kpggsyt4yf5xcieamtt5dhsgia ReEncodeFont" <[crp_kpggsy.enc <CrimsonPro-Bold.pfb
CrimsonPro-Bold-tlf-t1--base CrimsonPro-Bold "AutoEnc_bapnwuqvw5kwdgscrwja53ydrc ReEncodeFont" <[crp_bapnwu.enc <CrimsonPro-Bold.pfb
CrimsonPro-Bold-tlf-ly1--base CrimsonPro-Bold "AutoEnc_3lrgtjt5wmxbv4cukdcz3abezh ReEncodeFont" <[crp_3lrgtj.enc <CrimsonPro-Bold.pfb
CrimsonPro-Bold-tlf-ts1--base CrimsonPro-Bold "AutoEnc_krtxg6jyxkm7zzralrdwbxihke ReEncodeFont" <[crp_krtxg6.enc <CrimsonPro-Bold.pfb
CrimsonPro-Bold-inf-ot1 CrimsonPro-Bold "AutoEnc_izapv76yrbf76w2qwgrstob7wd ReEncodeFont" <[crp_izapv7.enc <CrimsonPro-Bold.pfb
CrimsonPro-Bold-inf-t1--base CrimsonPro-Bold "AutoEnc_ylc3fo3cb22ysxdaevucwsarqa ReEncodeFont" <[crp_ylc3fo.enc <CrimsonPro-Bold.pfb
CrimsonPro-Bold-inf-ly1--base CrimsonPro-Bold "AutoEnc_jvsxekyhlk5wzne3bjzgkgu3nh ReEncodeFont" <[crp_jvsxek.enc <CrimsonPro-Bold.pfb
CrimsonPro-Bold-sup-ot1 CrimsonPro-Bold "AutoEnc_yyrdtmjwmqgqz2zeolasf32k4h ReEncodeFont" <[crp_yyrdtm.enc <CrimsonPro-Bold.pfb
CrimsonPro-Bold-sup-t1--base CrimsonPro-Bold "AutoEnc_2sgwqlavbtnq6474s65cbbxbqg ReEncodeFont" <[crp_2sgwql.enc <CrimsonPro-Bold.pfb
CrimsonPro-Bold-sup-ly1--base CrimsonPro-Bold "AutoEnc_spbxfw5fggzp42o7zrkdwszskd ReEncodeFont" <[crp_spbxfw.enc <CrimsonPro-Bold.pfb
CrimsonPro-Bold-lf-ot1 CrimsonPro-Bold "AutoEnc_hxzdi6me5ke32duychql4tfzla ReEncodeFont" <[crp_hxzdi6.enc <CrimsonPro-Bold.pfb
CrimsonPro-Bold-lf-t1--base CrimsonPro-Bold "AutoEnc_umrhwxuejprkmrnyrjfbuiezeg ReEncodeFont" <[crp_umrhwx.enc <CrimsonPro-Bold.pfb
CrimsonPro-Bold-lf-ly1--base CrimsonPro-Bold "AutoEnc_xsutkk5qpbtpithjvjqe7koprd ReEncodeFont" <[crp_xsutkk.enc <CrimsonPro-Bold.pfb
CrimsonPro-Bold-lf-ts1--base CrimsonPro-Bold "AutoEnc_krtxg6jyxkm7zzralrdwbxihke ReEncodeFont" <[crp_krtxg6.enc <CrimsonPro-Bold.pfb
CrimsonPro-Bold-tosf-ot1 CrimsonPro-Bold "AutoEnc_wslvgtu4e3dk2am4vigizcflnh ReEncodeFont" <[crp_wslvgt.enc <CrimsonPro-Bold.pfb
CrimsonPro-Bold-tosf-t1--base CrimsonPro-Bold "AutoEnc_b4nxopbu5z6mb5uqabjfu4ojoh ReEncodeFont" <[crp_b4nxop.enc <CrimsonPro-Bold.pfb
CrimsonPro-Bold-tosf-ly1--base CrimsonPro-Bold "AutoEnc_qlkdbrreyajhhzkickftrz53zd ReEncodeFont" <[crp_qlkdbr.enc <CrimsonPro-Bold.pfb
CrimsonPro-Bold-tosf-ts1--base CrimsonPro-Bold "AutoEnc_krtxg6jyxkm7zzralrdwbxihke ReEncodeFont" <[crp_krtxg6.enc <CrimsonPro-Bold.pfb
CrimsonPro-Bold-osf-ot1 CrimsonPro-Bold "AutoEnc_ldjqepge64ylvujkqqx3bjtoib ReEncodeFont" <[crp_ldjqep.enc <CrimsonPro-Bold.pfb
CrimsonPro-Bold-osf-t1--base CrimsonPro-Bold "AutoEnc_q22ex3bp7r26wfiuqnju5crj3f ReEncodeFont" <[crp_q22ex3.enc <CrimsonPro-Bold.pfb
CrimsonPro-Bold-osf-ly1--base CrimsonPro-Bold "AutoEnc_iqth5t7x6oque6tyjnjnf2iu4f ReEncodeFont" <[crp_iqth5t.enc <CrimsonPro-Bold.pfb
CrimsonPro-Bold-osf-ts1--base CrimsonPro-Bold "AutoEnc_krtxg6jyxkm7zzralrdwbxihke ReEncodeFont" <[crp_krtxg6.enc <CrimsonPro-Bold.pfb
CrimsonPro-ExtraBoldItalic-tlf-ot1 CrimsonPro-ExtraBoldItalic "AutoEnc_kpggsyt4yf5xcieamtt5dhsgia ReEncodeFont" <[crp_kpggsy.enc <CrimsonPro-ExtraBoldItalic.pfb
CrimsonPro-ExtraBoldItalic-tlf-t1--base CrimsonPro-ExtraBoldItalic "AutoEnc_bapnwuqvw5kwdgscrwja53ydrc ReEncodeFont" <[crp_bapnwu.enc <CrimsonPro-ExtraBoldItalic.pfb
CrimsonPro-ExtraBoldItalic-tlf-ly1--base CrimsonPro-ExtraBoldItalic "AutoEnc_3lrgtjt5wmxbv4cukdcz3abezh ReEncodeFont" <[crp_3lrgtj.enc <CrimsonPro-ExtraBoldItalic.pfb
CrimsonPro-ExtraBoldItalic-tlf-ts1--base CrimsonPro-ExtraBoldItalic "AutoEnc_krtxg6jyxkm7zzralrdwbxihke ReEncodeFont" <[crp_krtxg6.enc <CrimsonPro-ExtraBoldItalic.pfb
CrimsonPro-ExtraBoldItalic-inf-ot1 CrimsonPro-ExtraBoldItalic "AutoEnc_izapv76yrbf76w2qwgrstob7wd ReEncodeFont" <[crp_izapv7.enc <CrimsonPro-ExtraBoldItalic.pfb
CrimsonPro-ExtraBoldItalic-inf-t1--base CrimsonPro-ExtraBoldItalic "AutoEnc_ylc3fo3cb22ysxdaevucwsarqa ReEncodeFont" <[crp_ylc3fo.enc <CrimsonPro-ExtraBoldItalic.pfb
CrimsonPro-ExtraBoldItalic-inf-ly1--base CrimsonPro-ExtraBoldItalic "AutoEnc_jvsxekyhlk5wzne3bjzgkgu3nh ReEncodeFont" <[crp_jvsxek.enc <CrimsonPro-ExtraBoldItalic.pfb
CrimsonPro-ExtraBoldItalic-sup-ot1 CrimsonPro-ExtraBoldItalic "AutoEnc_yyrdtmjwmqgqz2zeolasf32k4h ReEncodeFont" <[crp_yyrdtm.enc <CrimsonPro-ExtraBoldItalic.pfb
CrimsonPro-ExtraBoldItalic-sup-t1--base CrimsonPro-ExtraBoldItalic "AutoEnc_2sgwqlavbtnq6474s65cbbxbqg ReEncodeFont" <[crp_2sgwql.enc <CrimsonPro-ExtraBoldItalic.pfb
CrimsonPro-ExtraBoldItalic-sup-ly1--base CrimsonPro-ExtraBoldItalic "AutoEnc_spbxfw5fggzp42o7zrkdwszskd ReEncodeFont" <[crp_spbxfw.enc <CrimsonPro-ExtraBoldItalic.pfb
CrimsonPro-ExtraBoldItalic-lf-ot1 CrimsonPro-ExtraBoldItalic "AutoEnc_hxzdi6me5ke32duychql4tfzla ReEncodeFont" <[crp_hxzdi6.enc <CrimsonPro-ExtraBoldItalic.pfb
CrimsonPro-ExtraBoldItalic-lf-t1--base CrimsonPro-ExtraBoldItalic "AutoEnc_umrhwxuejprkmrnyrjfbuiezeg ReEncodeFont" <[crp_umrhwx.enc <CrimsonPro-ExtraBoldItalic.pfb
CrimsonPro-ExtraBoldItalic-lf-ly1--base CrimsonPro-ExtraBoldItalic "AutoEnc_xsutkk5qpbtpithjvjqe7koprd ReEncodeFont" <[crp_xsutkk.enc <CrimsonPro-ExtraBoldItalic.pfb
CrimsonPro-ExtraBoldItalic-lf-ts1--base CrimsonPro-ExtraBoldItalic "AutoEnc_krtxg6jyxkm7zzralrdwbxihke ReEncodeFont" <[crp_krtxg6.enc <CrimsonPro-ExtraBoldItalic.pfb
CrimsonPro-ExtraBoldItalic-tosf-ot1 CrimsonPro-ExtraBoldItalic "AutoEnc_wslvgtu4e3dk2am4vigizcflnh ReEncodeFont" <[crp_wslvgt.enc <CrimsonPro-ExtraBoldItalic.pfb
CrimsonPro-ExtraBoldItalic-tosf-t1--base CrimsonPro-ExtraBoldItalic "AutoEnc_b4nxopbu5z6mb5uqabjfu4ojoh ReEncodeFont" <[crp_b4nxop.enc <CrimsonPro-ExtraBoldItalic.pfb
CrimsonPro-ExtraBoldItalic-tosf-ly1--base CrimsonPro-ExtraBoldItalic "AutoEnc_qlkdbrreyajhhzkickftrz53zd ReEncodeFont" <[crp_qlkdbr.enc <CrimsonPro-ExtraBoldItalic.pfb
CrimsonPro-ExtraBoldItalic-tosf-ts1--base CrimsonPro-ExtraBoldItalic "AutoEnc_krtxg6jyxkm7zzralrdwbxihke ReEncodeFont" <[crp_krtxg6.enc <CrimsonPro-ExtraBoldItalic.pfb
CrimsonPro-ExtraBoldItalic-osf-ot1 CrimsonPro-ExtraBoldItalic "AutoEnc_ldjqepge64ylvujkqqx3bjtoib ReEncodeFont" <[crp_ldjqep.enc <CrimsonPro-ExtraBoldItalic.pfb
CrimsonPro-ExtraBoldItalic-osf-t1--base CrimsonPro-ExtraBoldItalic "AutoEnc_q22ex3bp7r26wfiuqnju5crj3f ReEncodeFont" <[crp_q22ex3.enc <CrimsonPro-ExtraBoldItalic.pfb
CrimsonPro-ExtraBoldItalic-osf-ly1--base CrimsonPro-ExtraBoldItalic "AutoEnc_iqth5t7x6oque6tyjnjnf2iu4f ReEncodeFont" <[crp_iqth5t.enc <CrimsonPro-ExtraBoldItalic.pfb
CrimsonPro-ExtraBoldItalic-osf-ts1--base CrimsonPro-ExtraBoldItalic "AutoEnc_krtxg6jyxkm7zzralrdwbxihke ReEncodeFont" <[crp_krtxg6.enc <CrimsonPro-ExtraBoldItalic.pfb
CrimsonPro-ExtraBold-tlf-ot1 CrimsonPro-ExtraBold "AutoEnc_kpggsyt4yf5xcieamtt5dhsgia ReEncodeFont" <[crp_kpggsy.enc <CrimsonPro-ExtraBold.pfb
CrimsonPro-ExtraBold-tlf-t1--base CrimsonPro-ExtraBold "AutoEnc_bapnwuqvw5kwdgscrwja53ydrc ReEncodeFont" <[crp_bapnwu.enc <CrimsonPro-ExtraBold.pfb
CrimsonPro-ExtraBold-tlf-ly1--base CrimsonPro-ExtraBold "AutoEnc_3lrgtjt5wmxbv4cukdcz3abezh ReEncodeFont" <[crp_3lrgtj.enc <CrimsonPro-ExtraBold.pfb
CrimsonPro-ExtraBold-tlf-ts1--base CrimsonPro-ExtraBold "AutoEnc_krtxg6jyxkm7zzralrdwbxihke ReEncodeFont" <[crp_krtxg6.enc <CrimsonPro-ExtraBold.pfb
CrimsonPro-ExtraBold-inf-ot1 CrimsonPro-ExtraBold "AutoEnc_izapv76yrbf76w2qwgrstob7wd ReEncodeFont" <[crp_izapv7.enc <CrimsonPro-ExtraBold.pfb
CrimsonPro-ExtraBold-inf-t1--base CrimsonPro-ExtraBold "AutoEnc_ylc3fo3cb22ysxdaevucwsarqa ReEncodeFont" <[crp_ylc3fo.enc <CrimsonPro-ExtraBold.pfb
CrimsonPro-ExtraBold-inf-ly1--base CrimsonPro-ExtraBold "AutoEnc_jvsxekyhlk5wzne3bjzgkgu3nh ReEncodeFont" <[crp_jvsxek.enc <CrimsonPro-ExtraBold.pfb
CrimsonPro-ExtraBold-sup-ot1 CrimsonPro-ExtraBold "AutoEnc_yyrdtmjwmqgqz2zeolasf32k4h ReEncodeFont" <[crp_yyrdtm.enc <CrimsonPro-ExtraBold.pfb
CrimsonPro-ExtraBold-sup-t1--base CrimsonPro-ExtraBold "AutoEnc_2sgwqlavbtnq6474s65cbbxbqg ReEncodeFont" <[crp_2sgwql.enc <CrimsonPro-ExtraBold.pfb
CrimsonPro-ExtraBold-sup-ly1--base CrimsonPro-ExtraBold "AutoEnc_spbxfw5fggzp42o7zrkdwszskd ReEncodeFont" <[crp_spbxfw.enc <CrimsonPro-ExtraBold.pfb
CrimsonPro-ExtraBold-lf-ot1 CrimsonPro-ExtraBold "AutoEnc_hxzdi6me5ke32duychql4tfzla ReEncodeFont" <[crp_hxzdi6.enc <CrimsonPro-ExtraBold.pfb
CrimsonPro-ExtraBold-lf-t1--base CrimsonPro-ExtraBold "AutoEnc_umrhwxuejprkmrnyrjfbuiezeg ReEncodeFont" <[crp_umrhwx.enc <CrimsonPro-ExtraBold.pfb
CrimsonPro-ExtraBold-lf-ly1--base CrimsonPro-ExtraBold "AutoEnc_xsutkk5qpbtpithjvjqe7koprd ReEncodeFont" <[crp_xsutkk.enc <CrimsonPro-ExtraBold.pfb
CrimsonPro-ExtraBold-lf-ts1--base CrimsonPro-ExtraBold "AutoEnc_krtxg6jyxkm7zzralrdwbxihke ReEncodeFont" <[crp_krtxg6.enc <CrimsonPro-ExtraBold.pfb
CrimsonPro-ExtraBold-tosf-ot1 CrimsonPro-ExtraBold "AutoEnc_wslvgtu4e3dk2am4vigizcflnh ReEncodeFont" <[crp_wslvgt.enc <CrimsonPro-ExtraBold.pfb
CrimsonPro-ExtraBold-tosf-t1--base CrimsonPro-ExtraBold "AutoEnc_b4nxopbu5z6mb5uqabjfu4ojoh ReEncodeFont" <[crp_b4nxop.enc <CrimsonPro-ExtraBold.pfb
CrimsonPro-ExtraBold-tosf-ly1--base CrimsonPro-ExtraBold "AutoEnc_qlkdbrreyajhhzkickftrz53zd ReEncodeFont" <[crp_qlkdbr.enc <CrimsonPro-ExtraBold.pfb
CrimsonPro-ExtraBold-tosf-ts1--base CrimsonPro-ExtraBold "AutoEnc_krtxg6jyxkm7zzralrdwbxihke ReEncodeFont" <[crp_krtxg6.enc <CrimsonPro-ExtraBold.pfb
CrimsonPro-ExtraBold-osf-ot1 CrimsonPro-ExtraBold "AutoEnc_ldjqepge64ylvujkqqx3bjtoib ReEncodeFont" <[crp_ldjqep.enc <CrimsonPro-ExtraBold.pfb
CrimsonPro-ExtraBold-osf-t1--base CrimsonPro-ExtraBold "AutoEnc_q22ex3bp7r26wfiuqnju5crj3f ReEncodeFont" <[crp_q22ex3.enc <CrimsonPro-ExtraBold.pfb
CrimsonPro-ExtraBold-osf-ly1--base CrimsonPro-ExtraBold "AutoEnc_iqth5t7x6oque6tyjnjnf2iu4f ReEncodeFont" <[crp_iqth5t.enc <CrimsonPro-ExtraBold.pfb
CrimsonPro-ExtraBold-osf-ts1--base CrimsonPro-ExtraBold "AutoEnc_krtxg6jyxkm7zzralrdwbxihke ReEncodeFont" <[crp_krtxg6.enc <CrimsonPro-ExtraBold.pfb
CrimsonPro-ExtraLightItalic-tlf-ot1 CrimsonPro-ExtraLightItalic "AutoEnc_kpggsyt4yf5xcieamtt5dhsgia ReEncodeFont" <[crp_kpggsy.enc <CrimsonPro-ExtraLightItalic.pfb
CrimsonPro-ExtraLightItalic-tlf-t1--base CrimsonPro-ExtraLightItalic "AutoEnc_bapnwuqvw5kwdgscrwja53ydrc ReEncodeFont" <[crp_bapnwu.enc <CrimsonPro-ExtraLightItalic.pfb
CrimsonPro-ExtraLightItalic-tlf-ly1--base CrimsonPro-ExtraLightItalic "AutoEnc_3lrgtjt5wmxbv4cukdcz3abezh ReEncodeFont" <[crp_3lrgtj.enc <CrimsonPro-ExtraLightItalic.pfb
CrimsonPro-ExtraLightItalic-tlf-ts1--base CrimsonPro-ExtraLightItalic "AutoEnc_krtxg6jyxkm7zzralrdwbxihke ReEncodeFont" <[crp_krtxg6.enc <CrimsonPro-ExtraLightItalic.pfb
CrimsonPro-ExtraLightItalic-inf-ot1 CrimsonPro-ExtraLightItalic "AutoEnc_izapv76yrbf76w2qwgrstob7wd ReEncodeFont" <[crp_izapv7.enc <CrimsonPro-ExtraLightItalic.pfb
CrimsonPro-ExtraLightItalic-inf-t1--base CrimsonPro-ExtraLightItalic "AutoEnc_ylc3fo3cb22ysxdaevucwsarqa ReEncodeFont" <[crp_ylc3fo.enc <CrimsonPro-ExtraLightItalic.pfb
CrimsonPro-ExtraLightItalic-inf-ly1--base CrimsonPro-ExtraLightItalic "AutoEnc_jvsxekyhlk5wzne3bjzgkgu3nh ReEncodeFont" <[crp_jvsxek.enc <CrimsonPro-ExtraLightItalic.pfb
CrimsonPro-ExtraLightItalic-sup-ot1 CrimsonPro-ExtraLightItalic "AutoEnc_yyrdtmjwmqgqz2zeolasf32k4h ReEncodeFont" <[crp_yyrdtm.enc <CrimsonPro-ExtraLightItalic.pfb
CrimsonPro-ExtraLightItalic-sup-t1--base CrimsonPro-ExtraLightItalic "AutoEnc_2sgwqlavbtnq6474s65cbbxbqg ReEncodeFont" <[crp_2sgwql.enc <CrimsonPro-ExtraLightItalic.pfb
CrimsonPro-ExtraLightItalic-sup-ly1--base CrimsonPro-ExtraLightItalic "AutoEnc_spbxfw5fggzp42o7zrkdwszskd ReEncodeFont" <[crp_spbxfw.enc <CrimsonPro-ExtraLightItalic.pfb
CrimsonPro-ExtraLightItalic-lf-ot1 CrimsonPro-ExtraLightItalic "AutoEnc_hxzdi6me5ke32duychql4tfzla ReEncodeFont" <[crp_hxzdi6.enc <CrimsonPro-ExtraLightItalic.pfb
CrimsonPro-ExtraLightItalic-lf-t1--base CrimsonPro-ExtraLightItalic "AutoEnc_umrhwxuejprkmrnyrjfbuiezeg ReEncodeFont" <[crp_umrhwx.enc <CrimsonPro-ExtraLightItalic.pfb
CrimsonPro-ExtraLightItalic-lf-ly1--base CrimsonPro-ExtraLightItalic "AutoEnc_xsutkk5qpbtpithjvjqe7koprd ReEncodeFont" <[crp_xsutkk.enc <CrimsonPro-ExtraLightItalic.pfb
CrimsonPro-ExtraLightItalic-lf-ts1--base CrimsonPro-ExtraLightItalic "AutoEnc_krtxg6jyxkm7zzralrdwbxihke ReEncodeFont" <[crp_krtxg6.enc <CrimsonPro-ExtraLightItalic.pfb
CrimsonPro-ExtraLightItalic-tosf-ot1 CrimsonPro-ExtraLightItalic "AutoEnc_wslvgtu4e3dk2am4vigizcflnh ReEncodeFont" <[crp_wslvgt.enc <CrimsonPro-ExtraLightItalic.pfb
CrimsonPro-ExtraLightItalic-tosf-t1--base CrimsonPro-ExtraLightItalic "AutoEnc_b4nxopbu5z6mb5uqabjfu4ojoh ReEncodeFont" <[crp_b4nxop.enc <CrimsonPro-ExtraLightItalic.pfb
CrimsonPro-ExtraLightItalic-tosf-ly1--base CrimsonPro-ExtraLightItalic "AutoEnc_qlkdbrreyajhhzkickftrz53zd ReEncodeFont" <[crp_qlkdbr.enc <CrimsonPro-ExtraLightItalic.pfb
CrimsonPro-ExtraLightItalic-tosf-ts1--base CrimsonPro-ExtraLightItalic "AutoEnc_krtxg6jyxkm7zzralrdwbxihke ReEncodeFont" <[crp_krtxg6.enc <CrimsonPro-ExtraLightItalic.pfb
CrimsonPro-ExtraLightItalic-osf-ot1 CrimsonPro-ExtraLightItalic "AutoEnc_ldjqepge64ylvujkqqx3bjtoib ReEncodeFont" <[crp_ldjqep.enc <CrimsonPro-ExtraLightItalic.pfb
CrimsonPro-ExtraLightItalic-osf-t1--base CrimsonPro-ExtraLightItalic "AutoEnc_q22ex3bp7r26wfiuqnju5crj3f ReEncodeFont" <[crp_q22ex3.enc <CrimsonPro-ExtraLightItalic.pfb
CrimsonPro-ExtraLightItalic-osf-ly1--base CrimsonPro-ExtraLightItalic "AutoEnc_iqth5t7x6oque6tyjnjnf2iu4f ReEncodeFont" <[crp_iqth5t.enc <CrimsonPro-ExtraLightItalic.pfb
CrimsonPro-ExtraLightItalic-osf-ts1--base CrimsonPro-ExtraLightItalic "AutoEnc_krtxg6jyxkm7zzralrdwbxihke ReEncodeFont" <[crp_krtxg6.enc <CrimsonPro-ExtraLightItalic.pfb
CrimsonPro-ExtraLight-tlf-ot1 CrimsonPro-ExtraLight "AutoEnc_kpggsyt4yf5xcieamtt5dhsgia ReEncodeFont" <[crp_kpggsy.enc <CrimsonPro-ExtraLight.pfb
CrimsonPro-ExtraLight-tlf-t1--base CrimsonPro-ExtraLight "AutoEnc_bapnwuqvw5kwdgscrwja53ydrc ReEncodeFont" <[crp_bapnwu.enc <CrimsonPro-ExtraLight.pfb
CrimsonPro-ExtraLight-tlf-ly1--base CrimsonPro-ExtraLight "AutoEnc_3lrgtjt5wmxbv4cukdcz3abezh ReEncodeFont" <[crp_3lrgtj.enc <CrimsonPro-ExtraLight.pfb
CrimsonPro-ExtraLight-tlf-ts1--base CrimsonPro-ExtraLight "AutoEnc_krtxg6jyxkm7zzralrdwbxihke ReEncodeFont" <[crp_krtxg6.enc <CrimsonPro-ExtraLight.pfb
CrimsonPro-ExtraLight-inf-ot1 CrimsonPro-ExtraLight "AutoEnc_izapv76yrbf76w2qwgrstob7wd ReEncodeFont" <[crp_izapv7.enc <CrimsonPro-ExtraLight.pfb
CrimsonPro-ExtraLight-inf-t1--base CrimsonPro-ExtraLight "AutoEnc_ylc3fo3cb22ysxdaevucwsarqa ReEncodeFont" <[crp_ylc3fo.enc <CrimsonPro-ExtraLight.pfb
CrimsonPro-ExtraLight-inf-ly1--base CrimsonPro-ExtraLight "AutoEnc_jvsxekyhlk5wzne3bjzgkgu3nh ReEncodeFont" <[crp_jvsxek.enc <CrimsonPro-ExtraLight.pfb
CrimsonPro-ExtraLight-sup-ot1 CrimsonPro-ExtraLight "AutoEnc_yyrdtmjwmqgqz2zeolasf32k4h ReEncodeFont" <[crp_yyrdtm.enc <CrimsonPro-ExtraLight.pfb
CrimsonPro-ExtraLight-sup-t1--base CrimsonPro-ExtraLight "AutoEnc_2sgwqlavbtnq6474s65cbbxbqg ReEncodeFont" <[crp_2sgwql.enc <CrimsonPro-ExtraLight.pfb
CrimsonPro-ExtraLight-sup-ly1--base CrimsonPro-ExtraLight "AutoEnc_spbxfw5fggzp42o7zrkdwszskd ReEncodeFont" <[crp_spbxfw.enc <CrimsonPro-ExtraLight.pfb
CrimsonPro-ExtraLight-lf-ot1 CrimsonPro-ExtraLight "AutoEnc_hxzdi6me5ke32duychql4tfzla ReEncodeFont" <[crp_hxzdi6.enc <CrimsonPro-ExtraLight.pfb
CrimsonPro-ExtraLight-lf-t1--base CrimsonPro-ExtraLight "AutoEnc_umrhwxuejprkmrnyrjfbuiezeg ReEncodeFont" <[crp_umrhwx.enc <CrimsonPro-ExtraLight.pfb
CrimsonPro-ExtraLight-lf-ly1--base CrimsonPro-ExtraLight "AutoEnc_xsutkk5qpbtpithjvjqe7koprd ReEncodeFont" <[crp_xsutkk.enc <CrimsonPro-ExtraLight.pfb
CrimsonPro-ExtraLight-lf-ts1--base CrimsonPro-ExtraLight "AutoEnc_krtxg6jyxkm7zzralrdwbxihke ReEncodeFont" <[crp_krtxg6.enc <CrimsonPro-ExtraLight.pfb
CrimsonPro-ExtraLight-tosf-ot1 CrimsonPro-ExtraLight "AutoEnc_wslvgtu4e3dk2am4vigizcflnh ReEncodeFont" <[crp_wslvgt.enc <CrimsonPro-ExtraLight.pfb
CrimsonPro-ExtraLight-tosf-t1--base CrimsonPro-ExtraLight "AutoEnc_b4nxopbu5z6mb5uqabjfu4ojoh ReEncodeFont" <[crp_b4nxop.enc <CrimsonPro-ExtraLight.pfb
CrimsonPro-ExtraLight-tosf-ly1--base CrimsonPro-ExtraLight "AutoEnc_qlkdbrreyajhhzkickftrz53zd ReEncodeFont" <[crp_qlkdbr.enc <CrimsonPro-ExtraLight.pfb
CrimsonPro-ExtraLight-tosf-ts1--base CrimsonPro-ExtraLight "AutoEnc_krtxg6jyxkm7zzralrdwbxihke ReEncodeFont" <[crp_krtxg6.enc <CrimsonPro-ExtraLight.pfb
CrimsonPro-ExtraLight-osf-ot1 CrimsonPro-ExtraLight "AutoEnc_ldjqepge64ylvujkqqx3bjtoib ReEncodeFont" <[crp_ldjqep.enc <CrimsonPro-ExtraLight.pfb
CrimsonPro-ExtraLight-osf-t1--base CrimsonPro-ExtraLight "AutoEnc_q22ex3bp7r26wfiuqnju5crj3f ReEncodeFont" <[crp_q22ex3.enc <CrimsonPro-ExtraLight.pfb
CrimsonPro-ExtraLight-osf-ly1--base CrimsonPro-ExtraLight "AutoEnc_iqth5t7x6oque6tyjnjnf2iu4f ReEncodeFont" <[crp_iqth5t.enc <CrimsonPro-ExtraLight.pfb
CrimsonPro-ExtraLight-osf-ts1--base CrimsonPro-ExtraLight "AutoEnc_krtxg6jyxkm7zzralrdwbxihke ReEncodeFont" <[crp_krtxg6.enc <CrimsonPro-ExtraLight.pfb
CrimsonPro-Italic-tlf-ot1 CrimsonPro-Italic "AutoEnc_kpggsyt4yf5xcieamtt5dhsgia ReEncodeFont" <[crp_kpggsy.enc <CrimsonPro-Italic.pfb
CrimsonPro-Italic-tlf-t1--base CrimsonPro-Italic "AutoEnc_bapnwuqvw5kwdgscrwja53ydrc ReEncodeFont" <[crp_bapnwu.enc <CrimsonPro-Italic.pfb
CrimsonPro-Italic-tlf-ly1--base CrimsonPro-Italic "AutoEnc_3lrgtjt5wmxbv4cukdcz3abezh ReEncodeFont" <[crp_3lrgtj.enc <CrimsonPro-Italic.pfb
CrimsonPro-Italic-tlf-ts1--base CrimsonPro-Italic "AutoEnc_krtxg6jyxkm7zzralrdwbxihke ReEncodeFont" <[crp_krtxg6.enc <CrimsonPro-Italic.pfb
CrimsonPro-Italic-inf-ot1 CrimsonPro-Italic "AutoEnc_izapv76yrbf76w2qwgrstob7wd ReEncodeFont" <[crp_izapv7.enc <CrimsonPro-Italic.pfb
CrimsonPro-Italic-inf-t1--base CrimsonPro-Italic "AutoEnc_ylc3fo3cb22ysxdaevucwsarqa ReEncodeFont" <[crp_ylc3fo.enc <CrimsonPro-Italic.pfb
CrimsonPro-Italic-inf-ly1--base CrimsonPro-Italic "AutoEnc_jvsxekyhlk5wzne3bjzgkgu3nh ReEncodeFont" <[crp_jvsxek.enc <CrimsonPro-Italic.pfb
CrimsonPro-Italic-sup-ot1 CrimsonPro-Italic "AutoEnc_yyrdtmjwmqgqz2zeolasf32k4h ReEncodeFont" <[crp_yyrdtm.enc <CrimsonPro-Italic.pfb
CrimsonPro-Italic-sup-t1--base CrimsonPro-Italic "AutoEnc_2sgwqlavbtnq6474s65cbbxbqg ReEncodeFont" <[crp_2sgwql.enc <CrimsonPro-Italic.pfb
CrimsonPro-Italic-sup-ly1--base CrimsonPro-Italic "AutoEnc_spbxfw5fggzp42o7zrkdwszskd ReEncodeFont" <[crp_spbxfw.enc <CrimsonPro-Italic.pfb
CrimsonPro-Italic-lf-ot1 CrimsonPro-Italic "AutoEnc_hxzdi6me5ke32duychql4tfzla ReEncodeFont" <[crp_hxzdi6.enc <CrimsonPro-Italic.pfb
CrimsonPro-Italic-lf-t1--base CrimsonPro-Italic "AutoEnc_umrhwxuejprkmrnyrjfbuiezeg ReEncodeFont" <[crp_umrhwx.enc <CrimsonPro-Italic.pfb
CrimsonPro-Italic-lf-ly1--base CrimsonPro-Italic "AutoEnc_xsutkk5qpbtpithjvjqe7koprd ReEncodeFont" <[crp_xsutkk.enc <CrimsonPro-Italic.pfb
CrimsonPro-Italic-lf-ts1--base CrimsonPro-Italic "AutoEnc_krtxg6jyxkm7zzralrdwbxihke ReEncodeFont" <[crp_krtxg6.enc <CrimsonPro-Italic.pfb
CrimsonPro-Italic-tosf-ot1 CrimsonPro-Italic "AutoEnc_wslvgtu4e3dk2am4vigizcflnh ReEncodeFont" <[crp_wslvgt.enc <CrimsonPro-Italic.pfb
CrimsonPro-Italic-tosf-t1--base CrimsonPro-Italic "AutoEnc_b4nxopbu5z6mb5uqabjfu4ojoh ReEncodeFont" <[crp_b4nxop.enc <CrimsonPro-Italic.pfb
CrimsonPro-Italic-tosf-ly1--base CrimsonPro-Italic "AutoEnc_qlkdbrreyajhhzkickftrz53zd ReEncodeFont" <[crp_qlkdbr.enc <CrimsonPro-Italic.pfb
CrimsonPro-Italic-tosf-ts1--base CrimsonPro-Italic "AutoEnc_krtxg6jyxkm7zzralrdwbxihke ReEncodeFont" <[crp_krtxg6.enc <CrimsonPro-Italic.pfb
CrimsonPro-Italic-osf-ot1 CrimsonPro-Italic "AutoEnc_ldjqepge64ylvujkqqx3bjtoib ReEncodeFont" <[crp_ldjqep.enc <CrimsonPro-Italic.pfb
CrimsonPro-Italic-osf-t1--base CrimsonPro-Italic "AutoEnc_q22ex3bp7r26wfiuqnju5crj3f ReEncodeFont" <[crp_q22ex3.enc <CrimsonPro-Italic.pfb
CrimsonPro-Italic-osf-ly1--base CrimsonPro-Italic "AutoEnc_iqth5t7x6oque6tyjnjnf2iu4f ReEncodeFont" <[crp_iqth5t.enc <CrimsonPro-Italic.pfb
CrimsonPro-Italic-osf-ts1--base CrimsonPro-Italic "AutoEnc_krtxg6jyxkm7zzralrdwbxihke ReEncodeFont" <[crp_krtxg6.enc <CrimsonPro-Italic.pfb
CrimsonPro-LightItalic-tlf-ot1 CrimsonPro-LightItalic "AutoEnc_kpggsyt4yf5xcieamtt5dhsgia ReEncodeFont" <[crp_kpggsy.enc <CrimsonPro-LightItalic.pfb
CrimsonPro-LightItalic-tlf-t1--base CrimsonPro-LightItalic "AutoEnc_bapnwuqvw5kwdgscrwja53ydrc ReEncodeFont" <[crp_bapnwu.enc <CrimsonPro-LightItalic.pfb
CrimsonPro-LightItalic-tlf-ly1--base CrimsonPro-LightItalic "AutoEnc_3lrgtjt5wmxbv4cukdcz3abezh ReEncodeFont" <[crp_3lrgtj.enc <CrimsonPro-LightItalic.pfb
CrimsonPro-LightItalic-tlf-ts1--base CrimsonPro-LightItalic "AutoEnc_krtxg6jyxkm7zzralrdwbxihke ReEncodeFont" <[crp_krtxg6.enc <CrimsonPro-LightItalic.pfb
CrimsonPro-LightItalic-inf-ot1 CrimsonPro-LightItalic "AutoEnc_izapv76yrbf76w2qwgrstob7wd ReEncodeFont" <[crp_izapv7.enc <CrimsonPro-LightItalic.pfb
CrimsonPro-LightItalic-inf-t1--base CrimsonPro-LightItalic "AutoEnc_ylc3fo3cb22ysxdaevucwsarqa ReEncodeFont" <[crp_ylc3fo.enc <CrimsonPro-LightItalic.pfb
CrimsonPro-LightItalic-inf-ly1--base CrimsonPro-LightItalic "AutoEnc_jvsxekyhlk5wzne3bjzgkgu3nh ReEncodeFont" <[crp_jvsxek.enc <CrimsonPro-LightItalic.pfb
CrimsonPro-LightItalic-sup-ot1 CrimsonPro-LightItalic "AutoEnc_yyrdtmjwmqgqz2zeolasf32k4h ReEncodeFont" <[crp_yyrdtm.enc <CrimsonPro-LightItalic.pfb
CrimsonPro-LightItalic-sup-t1--base CrimsonPro-LightItalic "AutoEnc_2sgwqlavbtnq6474s65cbbxbqg ReEncodeFont" <[crp_2sgwql.enc <CrimsonPro-LightItalic.pfb
CrimsonPro-LightItalic-sup-ly1--base CrimsonPro-LightItalic "AutoEnc_spbxfw5fggzp42o7zrkdwszskd ReEncodeFont" <[crp_spbxfw.enc <CrimsonPro-LightItalic.pfb
CrimsonPro-LightItalic-lf-ot1 CrimsonPro-LightItalic "AutoEnc_hxzdi6me5ke32duychql4tfzla ReEncodeFont" <[crp_hxzdi6.enc <CrimsonPro-LightItalic.pfb
CrimsonPro-LightItalic-lf-t1--base CrimsonPro-LightItalic "AutoEnc_umrhwxuejprkmrnyrjfbuiezeg ReEncodeFont" <[crp_umrhwx.enc <CrimsonPro-LightItalic.pfb
CrimsonPro-LightItalic-lf-ly1--base CrimsonPro-LightItalic "AutoEnc_xsutkk5qpbtpithjvjqe7koprd ReEncodeFont" <[crp_xsutkk.enc <CrimsonPro-LightItalic.pfb
CrimsonPro-LightItalic-lf-ts1--base CrimsonPro-LightItalic "AutoEnc_krtxg6jyxkm7zzralrdwbxihke ReEncodeFont" <[crp_krtxg6.enc <CrimsonPro-LightItalic.pfb
CrimsonPro-LightItalic-tosf-ot1 CrimsonPro-LightItalic "AutoEnc_wslvgtu4e3dk2am4vigizcflnh ReEncodeFont" <[crp_wslvgt.enc <CrimsonPro-LightItalic.pfb
CrimsonPro-LightItalic-tosf-t1--base CrimsonPro-LightItalic "AutoEnc_b4nxopbu5z6mb5uqabjfu4ojoh ReEncodeFont" <[crp_b4nxop.enc <CrimsonPro-LightItalic.pfb
CrimsonPro-LightItalic-tosf-ly1--base CrimsonPro-LightItalic "AutoEnc_qlkdbrreyajhhzkickftrz53zd ReEncodeFont" <[crp_qlkdbr.enc <CrimsonPro-LightItalic.pfb
CrimsonPro-LightItalic-tosf-ts1--base CrimsonPro-LightItalic "AutoEnc_krtxg6jyxkm7zzralrdwbxihke ReEncodeFont" <[crp_krtxg6.enc <CrimsonPro-LightItalic.pfb
CrimsonPro-LightItalic-osf-ot1 CrimsonPro-LightItalic "AutoEnc_ldjqepge64ylvujkqqx3bjtoib ReEncodeFont" <[crp_ldjqep.enc <CrimsonPro-LightItalic.pfb
CrimsonPro-LightItalic-osf-t1--base CrimsonPro-LightItalic "AutoEnc_q22ex3bp7r26wfiuqnju5crj3f ReEncodeFont" <[crp_q22ex3.enc <CrimsonPro-LightItalic.pfb
CrimsonPro-LightItalic-osf-ly1--base CrimsonPro-LightItalic "AutoEnc_iqth5t7x6oque6tyjnjnf2iu4f ReEncodeFont" <[crp_iqth5t.enc <CrimsonPro-LightItalic.pfb
CrimsonPro-LightItalic-osf-ts1--base CrimsonPro-LightItalic "AutoEnc_krtxg6jyxkm7zzralrdwbxihke ReEncodeFont" <[crp_krtxg6.enc <CrimsonPro-LightItalic.pfb
CrimsonPro-Light-tlf-ot1 CrimsonPro-Light "AutoEnc_kpggsyt4yf5xcieamtt5dhsgia ReEncodeFont" <[crp_kpggsy.enc <CrimsonPro-Light.pfb
CrimsonPro-Light-tlf-t1--base CrimsonPro-Light "AutoEnc_bapnwuqvw5kwdgscrwja53ydrc ReEncodeFont" <[crp_bapnwu.enc <CrimsonPro-Light.pfb
CrimsonPro-Light-tlf-ly1--base CrimsonPro-Light "AutoEnc_3lrgtjt5wmxbv4cukdcz3abezh ReEncodeFont" <[crp_3lrgtj.enc <CrimsonPro-Light.pfb
CrimsonPro-Light-tlf-ts1--base CrimsonPro-Light "AutoEnc_krtxg6jyxkm7zzralrdwbxihke ReEncodeFont" <[crp_krtxg6.enc <CrimsonPro-Light.pfb
CrimsonPro-Light-inf-ot1 CrimsonPro-Light "AutoEnc_izapv76yrbf76w2qwgrstob7wd ReEncodeFont" <[crp_izapv7.enc <CrimsonPro-Light.pfb
CrimsonPro-Light-inf-t1--base CrimsonPro-Light "AutoEnc_ylc3fo3cb22ysxdaevucwsarqa ReEncodeFont" <[crp_ylc3fo.enc <CrimsonPro-Light.pfb
CrimsonPro-Light-inf-ly1--base CrimsonPro-Light "AutoEnc_jvsxekyhlk5wzne3bjzgkgu3nh ReEncodeFont" <[crp_jvsxek.enc <CrimsonPro-Light.pfb
CrimsonPro-Light-sup-ot1 CrimsonPro-Light "AutoEnc_yyrdtmjwmqgqz2zeolasf32k4h ReEncodeFont" <[crp_yyrdtm.enc <CrimsonPro-Light.pfb
CrimsonPro-Light-sup-t1--base CrimsonPro-Light "AutoEnc_2sgwqlavbtnq6474s65cbbxbqg ReEncodeFont" <[crp_2sgwql.enc <CrimsonPro-Light.pfb
CrimsonPro-Light-sup-ly1--base CrimsonPro-Light "AutoEnc_spbxfw5fggzp42o7zrkdwszskd ReEncodeFont" <[crp_spbxfw.enc <CrimsonPro-Light.pfb
CrimsonPro-Light-lf-ot1 CrimsonPro-Light "AutoEnc_hxzdi6me5ke32duychql4tfzla ReEncodeFont" <[crp_hxzdi6.enc <CrimsonPro-Light.pfb
CrimsonPro-Light-lf-t1--base CrimsonPro-Light "AutoEnc_umrhwxuejprkmrnyrjfbuiezeg ReEncodeFont" <[crp_umrhwx.enc <CrimsonPro-Light.pfb
CrimsonPro-Light-lf-ly1--base CrimsonPro-Light "AutoEnc_xsutkk5qpbtpithjvjqe7koprd ReEncodeFont" <[crp_xsutkk.enc <CrimsonPro-Light.pfb
CrimsonPro-Light-lf-ts1--base CrimsonPro-Light "AutoEnc_krtxg6jyxkm7zzralrdwbxihke ReEncodeFont" <[crp_krtxg6.enc <CrimsonPro-Light.pfb
CrimsonPro-Light-tosf-ot1 CrimsonPro-Light "AutoEnc_wslvgtu4e3dk2am4vigizcflnh ReEncodeFont" <[crp_wslvgt.enc <CrimsonPro-Light.pfb
CrimsonPro-Light-tosf-t1--base CrimsonPro-Light "AutoEnc_b4nxopbu5z6mb5uqabjfu4ojoh ReEncodeFont" <[crp_b4nxop.enc <CrimsonPro-Light.pfb
CrimsonPro-Light-tosf-ly1--base CrimsonPro-Light "AutoEnc_qlkdbrreyajhhzkickftrz53zd ReEncodeFont" <[crp_qlkdbr.enc <CrimsonPro-Light.pfb
CrimsonPro-Light-tosf-ts1--base CrimsonPro-Light "AutoEnc_krtxg6jyxkm7zzralrdwbxihke ReEncodeFont" <[crp_krtxg6.enc <CrimsonPro-Light.pfb
CrimsonPro-Light-osf-ot1 CrimsonPro-Light "AutoEnc_ldjqepge64ylvujkqqx3bjtoib ReEncodeFont" <[crp_ldjqep.enc <CrimsonPro-Light.pfb
CrimsonPro-Light-osf-t1--base CrimsonPro-Light "AutoEnc_q22ex3bp7r26wfiuqnju5crj3f ReEncodeFont" <[crp_q22ex3.enc <CrimsonPro-Light.pfb
CrimsonPro-Light-osf-ly1--base CrimsonPro-Light "AutoEnc_iqth5t7x6oque6tyjnjnf2iu4f ReEncodeFont" <[crp_iqth5t.enc <CrimsonPro-Light.pfb
CrimsonPro-Light-osf-ts1--base CrimsonPro-Light "AutoEnc_krtxg6jyxkm7zzralrdwbxihke ReEncodeFont" <[crp_krtxg6.enc <CrimsonPro-Light.pfb
CrimsonPro-MediumItalic-tlf-ot1 CrimsonPro-MediumItalic "AutoEnc_kpggsyt4yf5xcieamtt5dhsgia ReEncodeFont" <[crp_kpggsy.enc <CrimsonPro-MediumItalic.pfb
CrimsonPro-MediumItalic-tlf-t1--base CrimsonPro-MediumItalic "AutoEnc_bapnwuqvw5kwdgscrwja53ydrc ReEncodeFont" <[crp_bapnwu.enc <CrimsonPro-MediumItalic.pfb
CrimsonPro-MediumItalic-tlf-ly1--base CrimsonPro-MediumItalic "AutoEnc_3lrgtjt5wmxbv4cukdcz3abezh ReEncodeFont" <[crp_3lrgtj.enc <CrimsonPro-MediumItalic.pfb
CrimsonPro-MediumItalic-tlf-ts1--base CrimsonPro-MediumItalic "AutoEnc_krtxg6jyxkm7zzralrdwbxihke ReEncodeFont" <[crp_krtxg6.enc <CrimsonPro-MediumItalic.pfb
CrimsonPro-MediumItalic-inf-ot1 CrimsonPro-MediumItalic "AutoEnc_izapv76yrbf76w2qwgrstob7wd ReEncodeFont" <[crp_izapv7.enc <CrimsonPro-MediumItalic.pfb
CrimsonPro-MediumItalic-inf-t1--base CrimsonPro-MediumItalic "AutoEnc_ylc3fo3cb22ysxdaevucwsarqa ReEncodeFont" <[crp_ylc3fo.enc <CrimsonPro-MediumItalic.pfb
CrimsonPro-MediumItalic-inf-ly1--base CrimsonPro-MediumItalic "AutoEnc_jvsxekyhlk5wzne3bjzgkgu3nh ReEncodeFont" <[crp_jvsxek.enc <CrimsonPro-MediumItalic.pfb
CrimsonPro-MediumItalic-sup-ot1 CrimsonPro-MediumItalic "AutoEnc_yyrdtmjwmqgqz2zeolasf32k4h ReEncodeFont" <[crp_yyrdtm.enc <CrimsonPro-MediumItalic.pfb
CrimsonPro-MediumItalic-sup-t1--base CrimsonPro-MediumItalic "AutoEnc_2sgwqlavbtnq6474s65cbbxbqg ReEncodeFont" <[crp_2sgwql.enc <CrimsonPro-MediumItalic.pfb
CrimsonPro-MediumItalic-sup-ly1--base CrimsonPro-MediumItalic "AutoEnc_spbxfw5fggzp42o7zrkdwszskd ReEncodeFont" <[crp_spbxfw.enc <CrimsonPro-MediumItalic.pfb
CrimsonPro-MediumItalic-lf-ot1 CrimsonPro-MediumItalic "AutoEnc_hxzdi6me5ke32duychql4tfzla ReEncodeFont" <[crp_hxzdi6.enc <CrimsonPro-MediumItalic.pfb
CrimsonPro-MediumItalic-lf-t1--base CrimsonPro-MediumItalic "AutoEnc_umrhwxuejprkmrnyrjfbuiezeg ReEncodeFont" <[crp_umrhwx.enc <CrimsonPro-MediumItalic.pfb
CrimsonPro-MediumItalic-lf-ly1--base CrimsonPro-MediumItalic "AutoEnc_xsutkk5qpbtpithjvjqe7koprd ReEncodeFont" <[crp_xsutkk.enc <CrimsonPro-MediumItalic.pfb
CrimsonPro-MediumItalic-lf-ts1--base CrimsonPro-MediumItalic "AutoEnc_krtxg6jyxkm7zzralrdwbxihke ReEncodeFont" <[crp_krtxg6.enc <CrimsonPro-MediumItalic.pfb
CrimsonPro-MediumItalic-tosf-ot1 CrimsonPro-MediumItalic "AutoEnc_wslvgtu4e3dk2am4vigizcflnh ReEncodeFont" <[crp_wslvgt.enc <CrimsonPro-MediumItalic.pfb
CrimsonPro-MediumItalic-tosf-t1--base CrimsonPro-MediumItalic "AutoEnc_b4nxopbu5z6mb5uqabjfu4ojoh ReEncodeFont" <[crp_b4nxop.enc <CrimsonPro-MediumItalic.pfb
CrimsonPro-MediumItalic-tosf-ly1--base CrimsonPro-MediumItalic "AutoEnc_qlkdbrreyajhhzkickftrz53zd ReEncodeFont" <[crp_qlkdbr.enc <CrimsonPro-MediumItalic.pfb
CrimsonPro-MediumItalic-tosf-ts1--base CrimsonPro-MediumItalic "AutoEnc_krtxg6jyxkm7zzralrdwbxihke ReEncodeFont" <[crp_krtxg6.enc <CrimsonPro-MediumItalic.pfb
CrimsonPro-MediumItalic-osf-ot1 CrimsonPro-MediumItalic "AutoEnc_ldjqepge64ylvujkqqx3bjtoib ReEncodeFont" <[crp_ldjqep.enc <CrimsonPro-MediumItalic.pfb
CrimsonPro-MediumItalic-osf-t1--base CrimsonPro-MediumItalic "AutoEnc_q22ex3bp7r26wfiuqnju5crj3f ReEncodeFont" <[crp_q22ex3.enc <CrimsonPro-MediumItalic.pfb
CrimsonPro-MediumItalic-osf-ly1--base CrimsonPro-MediumItalic "AutoEnc_iqth5t7x6oque6tyjnjnf2iu4f ReEncodeFont" <[crp_iqth5t.enc <CrimsonPro-MediumItalic.pfb
CrimsonPro-MediumItalic-osf-ts1--base CrimsonPro-MediumItalic "AutoEnc_krtxg6jyxkm7zzralrdwbxihke ReEncodeFont" <[crp_krtxg6.enc <CrimsonPro-MediumItalic.pfb
CrimsonPro-Medium-tlf-ot1 CrimsonPro-Medium "AutoEnc_kpggsyt4yf5xcieamtt5dhsgia ReEncodeFont" <[crp_kpggsy.enc <CrimsonPro-Medium.pfb
CrimsonPro-Medium-tlf-t1--base CrimsonPro-Medium "AutoEnc_bapnwuqvw5kwdgscrwja53ydrc ReEncodeFont" <[crp_bapnwu.enc <CrimsonPro-Medium.pfb
CrimsonPro-Medium-tlf-ly1--base CrimsonPro-Medium "AutoEnc_3lrgtjt5wmxbv4cukdcz3abezh ReEncodeFont" <[crp_3lrgtj.enc <CrimsonPro-Medium.pfb
CrimsonPro-Medium-tlf-ts1--base CrimsonPro-Medium "AutoEnc_krtxg6jyxkm7zzralrdwbxihke ReEncodeFont" <[crp_krtxg6.enc <CrimsonPro-Medium.pfb
CrimsonPro-Medium-inf-ot1 CrimsonPro-Medium "AutoEnc_izapv76yrbf76w2qwgrstob7wd ReEncodeFont" <[crp_izapv7.enc <CrimsonPro-Medium.pfb
CrimsonPro-Medium-inf-t1--base CrimsonPro-Medium "AutoEnc_ylc3fo3cb22ysxdaevucwsarqa ReEncodeFont" <[crp_ylc3fo.enc <CrimsonPro-Medium.pfb
CrimsonPro-Medium-inf-ly1--base CrimsonPro-Medium "AutoEnc_jvsxekyhlk5wzne3bjzgkgu3nh ReEncodeFont" <[crp_jvsxek.enc <CrimsonPro-Medium.pfb
CrimsonPro-Medium-sup-ot1 CrimsonPro-Medium "AutoEnc_yyrdtmjwmqgqz2zeolasf32k4h ReEncodeFont" <[crp_yyrdtm.enc <CrimsonPro-Medium.pfb
CrimsonPro-Medium-sup-t1--base CrimsonPro-Medium "AutoEnc_2sgwqlavbtnq6474s65cbbxbqg ReEncodeFont" <[crp_2sgwql.enc <CrimsonPro-Medium.pfb
CrimsonPro-Medium-sup-ly1--base CrimsonPro-Medium "AutoEnc_spbxfw5fggzp42o7zrkdwszskd ReEncodeFont" <[crp_spbxfw.enc <CrimsonPro-Medium.pfb
CrimsonPro-Medium-lf-ot1 CrimsonPro-Medium "AutoEnc_hxzdi6me5ke32duychql4tfzla ReEncodeFont" <[crp_hxzdi6.enc <CrimsonPro-Medium.pfb
CrimsonPro-Medium-lf-t1--base CrimsonPro-Medium "AutoEnc_umrhwxuejprkmrnyrjfbuiezeg ReEncodeFont" <[crp_umrhwx.enc <CrimsonPro-Medium.pfb
CrimsonPro-Medium-lf-ly1--base CrimsonPro-Medium "AutoEnc_xsutkk5qpbtpithjvjqe7koprd ReEncodeFont" <[crp_xsutkk.enc <CrimsonPro-Medium.pfb
CrimsonPro-Medium-lf-ts1--base CrimsonPro-Medium "AutoEnc_krtxg6jyxkm7zzralrdwbxihke ReEncodeFont" <[crp_krtxg6.enc <CrimsonPro-Medium.pfb
CrimsonPro-Medium-tosf-ot1 CrimsonPro-Medium "AutoEnc_wslvgtu4e3dk2am4vigizcflnh ReEncodeFont" <[crp_wslvgt.enc <CrimsonPro-Medium.pfb
CrimsonPro-Medium-tosf-t1--base CrimsonPro-Medium "AutoEnc_b4nxopbu5z6mb5uqabjfu4ojoh ReEncodeFont" <[crp_b4nxop.enc <CrimsonPro-Medium.pfb
CrimsonPro-Medium-tosf-ly1--base CrimsonPro-Medium "AutoEnc_qlkdbrreyajhhzkickftrz53zd ReEncodeFont" <[crp_qlkdbr.enc <CrimsonPro-Medium.pfb
CrimsonPro-Medium-tosf-ts1--base CrimsonPro-Medium "AutoEnc_krtxg6jyxkm7zzralrdwbxihke ReEncodeFont" <[crp_krtxg6.enc <CrimsonPro-Medium.pfb
CrimsonPro-Medium-osf-ot1 CrimsonPro-Medium "AutoEnc_ldjqepge64ylvujkqqx3bjtoib ReEncodeFont" <[crp_ldjqep.enc <CrimsonPro-Medium.pfb
CrimsonPro-Medium-osf-t1--base CrimsonPro-Medium "AutoEnc_q22ex3bp7r26wfiuqnju5crj3f ReEncodeFont" <[crp_q22ex3.enc <CrimsonPro-Medium.pfb
CrimsonPro-Medium-osf-ly1--base CrimsonPro-Medium "AutoEnc_iqth5t7x6oque6tyjnjnf2iu4f ReEncodeFont" <[crp_iqth5t.enc <CrimsonPro-Medium.pfb
CrimsonPro-Medium-osf-ts1--base CrimsonPro-Medium "AutoEnc_krtxg6jyxkm7zzralrdwbxihke ReEncodeFont" <[crp_krtxg6.enc <CrimsonPro-Medium.pfb
CrimsonPro-Regular-tlf-ot1 CrimsonPro-Regular "AutoEnc_kpggsyt4yf5xcieamtt5dhsgia ReEncodeFont" <[crp_kpggsy.enc <CrimsonPro-Regular.pfb
CrimsonPro-Regular-tlf-t1--base CrimsonPro-Regular "AutoEnc_bapnwuqvw5kwdgscrwja53ydrc ReEncodeFont" <[crp_bapnwu.enc <CrimsonPro-Regular.pfb
CrimsonPro-Regular-tlf-ly1--base CrimsonPro-Regular "AutoEnc_3lrgtjt5wmxbv4cukdcz3abezh ReEncodeFont" <[crp_3lrgtj.enc <CrimsonPro-Regular.pfb
CrimsonPro-Regular-tlf-ts1--base CrimsonPro-Regular "AutoEnc_krtxg6jyxkm7zzralrdwbxihke ReEncodeFont" <[crp_krtxg6.enc <CrimsonPro-Regular.pfb
CrimsonPro-Regular-inf-ot1 CrimsonPro-Regular "AutoEnc_izapv76yrbf76w2qwgrstob7wd ReEncodeFont" <[crp_izapv7.enc <CrimsonPro-Regular.pfb
CrimsonPro-Regular-inf-t1--base CrimsonPro-Regular "AutoEnc_ylc3fo3cb22ysxdaevucwsarqa ReEncodeFont" <[crp_ylc3fo.enc <CrimsonPro-Regular.pfb
CrimsonPro-Regular-inf-ly1--base CrimsonPro-Regular "AutoEnc_jvsxekyhlk5wzne3bjzgkgu3nh ReEncodeFont" <[crp_jvsxek.enc <CrimsonPro-Regular.pfb
CrimsonPro-Regular-sup-ot1 CrimsonPro-Regular "AutoEnc_yyrdtmjwmqgqz2zeolasf32k4h ReEncodeFont" <[crp_yyrdtm.enc <CrimsonPro-Regular.pfb
CrimsonPro-Regular-sup-t1--base CrimsonPro-Regular "AutoEnc_2sgwqlavbtnq6474s65cbbxbqg ReEncodeFont" <[crp_2sgwql.enc <CrimsonPro-Regular.pfb
CrimsonPro-Regular-sup-ly1--base CrimsonPro-Regular "AutoEnc_spbxfw5fggzp42o7zrkdwszskd ReEncodeFont" <[crp_spbxfw.enc <CrimsonPro-Regular.pfb
CrimsonPro-Regular-lf-ot1 CrimsonPro-Regular "AutoEnc_hxzdi6me5ke32duychql4tfzla ReEncodeFont" <[crp_hxzdi6.enc <CrimsonPro-Regular.pfb
CrimsonPro-Regular-lf-t1--base CrimsonPro-Regular "AutoEnc_umrhwxuejprkmrnyrjfbuiezeg ReEncodeFont" <[crp_umrhwx.enc <CrimsonPro-Regular.pfb
CrimsonPro-Regular-lf-ly1--base CrimsonPro-Regular "AutoEnc_xsutkk5qpbtpithjvjqe7koprd ReEncodeFont" <[crp_xsutkk.enc <CrimsonPro-Regular.pfb
CrimsonPro-Regular-lf-ts1--base CrimsonPro-Regular "AutoEnc_krtxg6jyxkm7zzralrdwbxihke ReEncodeFont" <[crp_krtxg6.enc <CrimsonPro-Regular.pfb
CrimsonPro-Regular-tosf-ot1 CrimsonPro-Regular "AutoEnc_wslvgtu4e3dk2am4vigizcflnh ReEncodeFont" <[crp_wslvgt.enc <CrimsonPro-Regular.pfb
CrimsonPro-Regular-tosf-t1--base CrimsonPro-Regular "AutoEnc_b4nxopbu5z6mb5uqabjfu4ojoh ReEncodeFont" <[crp_b4nxop.enc <CrimsonPro-Regular.pfb
CrimsonPro-Regular-tosf-ly1--base CrimsonPro-Regular "AutoEnc_qlkdbrreyajhhzkickftrz53zd ReEncodeFont" <[crp_qlkdbr.enc <CrimsonPro-Regular.pfb
CrimsonPro-Regular-tosf-ts1--base CrimsonPro-Regular "AutoEnc_krtxg6jyxkm7zzralrdwbxihke ReEncodeFont" <[crp_krtxg6.enc <CrimsonPro-Regular.pfb
CrimsonPro-Regular-osf-ot1 CrimsonPro-Regular "AutoEnc_ldjqepge64ylvujkqqx3bjtoib ReEncodeFont" <[crp_ldjqep.enc <CrimsonPro-Regular.pfb
CrimsonPro-Regular-osf-t1--base CrimsonPro-Regular "AutoEnc_q22ex3bp7r26wfiuqnju5crj3f ReEncodeFont" <[crp_q22ex3.enc <CrimsonPro-Regular.pfb
CrimsonPro-Regular-osf-ly1--base CrimsonPro-Regular "AutoEnc_iqth5t7x6oque6tyjnjnf2iu4f ReEncodeFont" <[crp_iqth5t.enc <CrimsonPro-Regular.pfb
CrimsonPro-Regular-osf-ts1--base CrimsonPro-Regular "AutoEnc_krtxg6jyxkm7zzralrdwbxihke ReEncodeFont" <[crp_krtxg6.enc <CrimsonPro-Regular.pfb
CrimsonPro-SemiBoldItalic-tlf-ot1 CrimsonPro-SemiBoldItalic "AutoEnc_kpggsyt4yf5xcieamtt5dhsgia ReEncodeFont" <[crp_kpggsy.enc <CrimsonPro-SemiBoldItalic.pfb
CrimsonPro-SemiBoldItalic-tlf-t1--base CrimsonPro-SemiBoldItalic "AutoEnc_bapnwuqvw5kwdgscrwja53ydrc ReEncodeFont" <[crp_bapnwu.enc <CrimsonPro-SemiBoldItalic.pfb
CrimsonPro-SemiBoldItalic-tlf-ly1--base CrimsonPro-SemiBoldItalic "AutoEnc_3lrgtjt5wmxbv4cukdcz3abezh ReEncodeFont" <[crp_3lrgtj.enc <CrimsonPro-SemiBoldItalic.pfb
CrimsonPro-SemiBoldItalic-tlf-ts1--base CrimsonPro-SemiBoldItalic "AutoEnc_krtxg6jyxkm7zzralrdwbxihke ReEncodeFont" <[crp_krtxg6.enc <CrimsonPro-SemiBoldItalic.pfb
CrimsonPro-SemiBoldItalic-inf-ot1 CrimsonPro-SemiBoldItalic "AutoEnc_izapv76yrbf76w2qwgrstob7wd ReEncodeFont" <[crp_izapv7.enc <CrimsonPro-SemiBoldItalic.pfb
CrimsonPro-SemiBoldItalic-inf-t1--base CrimsonPro-SemiBoldItalic "AutoEnc_ylc3fo3cb22ysxdaevucwsarqa ReEncodeFont" <[crp_ylc3fo.enc <CrimsonPro-SemiBoldItalic.pfb
CrimsonPro-SemiBoldItalic-inf-ly1--base CrimsonPro-SemiBoldItalic "AutoEnc_jvsxekyhlk5wzne3bjzgkgu3nh ReEncodeFont" <[crp_jvsxek.enc <CrimsonPro-SemiBoldItalic.pfb
CrimsonPro-SemiBoldItalic-sup-ot1 CrimsonPro-SemiBoldItalic "AutoEnc_yyrdtmjwmqgqz2zeolasf32k4h ReEncodeFont" <[crp_yyrdtm.enc <CrimsonPro-SemiBoldItalic.pfb
CrimsonPro-SemiBoldItalic-sup-t1--base CrimsonPro-SemiBoldItalic "AutoEnc_2sgwqlavbtnq6474s65cbbxbqg ReEncodeFont" <[crp_2sgwql.enc <CrimsonPro-SemiBoldItalic.pfb
CrimsonPro-SemiBoldItalic-sup-ly1--base CrimsonPro-SemiBoldItalic "AutoEnc_spbxfw5fggzp42o7zrkdwszskd ReEncodeFont" <[crp_spbxfw.enc <CrimsonPro-SemiBoldItalic.pfb
CrimsonPro-SemiBoldItalic-lf-ot1 CrimsonPro-SemiBoldItalic "AutoEnc_hxzdi6me5ke32duychql4tfzla ReEncodeFont" <[crp_hxzdi6.enc <CrimsonPro-SemiBoldItalic.pfb
CrimsonPro-SemiBoldItalic-lf-t1--base CrimsonPro-SemiBoldItalic "AutoEnc_umrhwxuejprkmrnyrjfbuiezeg ReEncodeFont" <[crp_umrhwx.enc <CrimsonPro-SemiBoldItalic.pfb
CrimsonPro-SemiBoldItalic-lf-ly1--base CrimsonPro-SemiBoldItalic "AutoEnc_xsutkk5qpbtpithjvjqe7koprd ReEncodeFont" <[crp_xsutkk.enc <CrimsonPro-SemiBoldItalic.pfb
CrimsonPro-SemiBoldItalic-lf-ts1--base CrimsonPro-SemiBoldItalic "AutoEnc_krtxg6jyxkm7zzralrdwbxihke ReEncodeFont" <[crp_krtxg6.enc <CrimsonPro-SemiBoldItalic.pfb
CrimsonPro-SemiBoldItalic-tosf-ot1 CrimsonPro-SemiBoldItalic "AutoEnc_wslvgtu4e3dk2am4vigizcflnh ReEncodeFont" <[crp_wslvgt.enc <CrimsonPro-SemiBoldItalic.pfb
CrimsonPro-SemiBoldItalic-tosf-t1--base CrimsonPro-SemiBoldItalic "AutoEnc_b4nxopbu5z6mb5uqabjfu4ojoh ReEncodeFont" <[crp_b4nxop.enc <CrimsonPro-SemiBoldItalic.pfb
CrimsonPro-SemiBoldItalic-tosf-ly1--base CrimsonPro-SemiBoldItalic "AutoEnc_qlkdbrreyajhhzkickftrz53zd ReEncodeFont" <[crp_qlkdbr.enc <CrimsonPro-SemiBoldItalic.pfb
CrimsonPro-SemiBoldItalic-tosf-ts1--base CrimsonPro-SemiBoldItalic "AutoEnc_krtxg6jyxkm7zzralrdwbxihke ReEncodeFont" <[crp_krtxg6.enc <CrimsonPro-SemiBoldItalic.pfb
CrimsonPro-SemiBoldItalic-osf-ot1 CrimsonPro-SemiBoldItalic "AutoEnc_ldjqepge64ylvujkqqx3bjtoib ReEncodeFont" <[crp_ldjqep.enc <CrimsonPro-SemiBoldItalic.pfb
CrimsonPro-SemiBoldItalic-osf-t1--base CrimsonPro-SemiBoldItalic "AutoEnc_q22ex3bp7r26wfiuqnju5crj3f ReEncodeFont" <[crp_q22ex3.enc <CrimsonPro-SemiBoldItalic.pfb
CrimsonPro-SemiBoldItalic-osf-ly1--base CrimsonPro-SemiBoldItalic "AutoEnc_iqth5t7x6oque6tyjnjnf2iu4f ReEncodeFont" <[crp_iqth5t.enc <CrimsonPro-SemiBoldItalic.pfb
CrimsonPro-SemiBoldItalic-osf-ts1--base CrimsonPro-SemiBoldItalic "AutoEnc_krtxg6jyxkm7zzralrdwbxihke ReEncodeFont" <[crp_krtxg6.enc <CrimsonPro-SemiBoldItalic.pfb
CrimsonPro-SemiBold-tlf-ot1 CrimsonPro-SemiBold "AutoEnc_kpggsyt4yf5xcieamtt5dhsgia ReEncodeFont" <[crp_kpggsy.enc <CrimsonPro-SemiBold.pfb
CrimsonPro-SemiBold-tlf-t1--base CrimsonPro-SemiBold "AutoEnc_bapnwuqvw5kwdgscrwja53ydrc ReEncodeFont" <[crp_bapnwu.enc <CrimsonPro-SemiBold.pfb
CrimsonPro-SemiBold-tlf-ly1--base CrimsonPro-SemiBold "AutoEnc_3lrgtjt5wmxbv4cukdcz3abezh ReEncodeFont" <[crp_3lrgtj.enc <CrimsonPro-SemiBold.pfb
CrimsonPro-SemiBold-tlf-ts1--base CrimsonPro-SemiBold "AutoEnc_krtxg6jyxkm7zzralrdwbxihke ReEncodeFont" <[crp_krtxg6.enc <CrimsonPro-SemiBold.pfb
CrimsonPro-SemiBold-inf-ot1 CrimsonPro-SemiBold "AutoEnc_izapv76yrbf76w2qwgrstob7wd ReEncodeFont" <[crp_izapv7.enc <CrimsonPro-SemiBold.pfb
CrimsonPro-SemiBold-inf-t1--base CrimsonPro-SemiBold "AutoEnc_ylc3fo3cb22ysxdaevucwsarqa ReEncodeFont" <[crp_ylc3fo.enc <CrimsonPro-SemiBold.pfb
CrimsonPro-SemiBold-inf-ly1--base CrimsonPro-SemiBold "AutoEnc_jvsxekyhlk5wzne3bjzgkgu3nh ReEncodeFont" <[crp_jvsxek.enc <CrimsonPro-SemiBold.pfb
CrimsonPro-SemiBold-sup-ot1 CrimsonPro-SemiBold "AutoEnc_yyrdtmjwmqgqz2zeolasf32k4h ReEncodeFont" <[crp_yyrdtm.enc <CrimsonPro-SemiBold.pfb
CrimsonPro-SemiBold-sup-t1--base CrimsonPro-SemiBold "AutoEnc_2sgwqlavbtnq6474s65cbbxbqg ReEncodeFont" <[crp_2sgwql.enc <CrimsonPro-SemiBold.pfb
CrimsonPro-SemiBold-sup-ly1--base CrimsonPro-SemiBold "AutoEnc_spbxfw5fggzp42o7zrkdwszskd ReEncodeFont" <[crp_spbxfw.enc <CrimsonPro-SemiBold.pfb
CrimsonPro-SemiBold-lf-ot1 CrimsonPro-SemiBold "AutoEnc_hxzdi6me5ke32duychql4tfzla ReEncodeFont" <[crp_hxzdi6.enc <CrimsonPro-SemiBold.pfb
CrimsonPro-SemiBold-lf-t1--base CrimsonPro-SemiBold "AutoEnc_umrhwxuejprkmrnyrjfbuiezeg ReEncodeFont" <[crp_umrhwx.enc <CrimsonPro-SemiBold.pfb
CrimsonPro-SemiBold-lf-ly1--base CrimsonPro-SemiBold "AutoEnc_xsutkk5qpbtpithjvjqe7koprd ReEncodeFont" <[crp_xsutkk.enc <CrimsonPro-SemiBold.pfb
CrimsonPro-SemiBold-lf-ts1--base CrimsonPro-SemiBold "AutoEnc_krtxg6jyxkm7zzralrdwbxihke ReEncodeFont" <[crp_krtxg6.enc <CrimsonPro-SemiBold.pfb
CrimsonPro-SemiBold-tosf-ot1 CrimsonPro-SemiBold "AutoEnc_wslvgtu4e3dk2am4vigizcflnh ReEncodeFont" <[crp_wslvgt.enc <CrimsonPro-SemiBold.pfb
CrimsonPro-SemiBold-tosf-t1--base CrimsonPro-SemiBold "AutoEnc_b4nxopbu5z6mb5uqabjfu4ojoh ReEncodeFont" <[crp_b4nxop.enc <CrimsonPro-SemiBold.pfb
CrimsonPro-SemiBold-tosf-ly1--base CrimsonPro-SemiBold "AutoEnc_qlkdbrreyajhhzkickftrz53zd ReEncodeFont" <[crp_qlkdbr.enc <CrimsonPro-SemiBold.pfb
CrimsonPro-SemiBold-tosf-ts1--base CrimsonPro-SemiBold "AutoEnc_krtxg6jyxkm7zzralrdwbxihke ReEncodeFont" <[crp_krtxg6.enc <CrimsonPro-SemiBold.pfb
CrimsonPro-SemiBold-osf-ot1 CrimsonPro-SemiBold "AutoEnc_ldjqepge64ylvujkqqx3bjtoib ReEncodeFont" <[crp_ldjqep.enc <CrimsonPro-SemiBold.pfb
CrimsonPro-SemiBold-osf-t1--base CrimsonPro-SemiBold "AutoEnc_q22ex3bp7r26wfiuqnju5crj3f ReEncodeFont" <[crp_q22ex3.enc <CrimsonPro-SemiBold.pfb
CrimsonPro-SemiBold-osf-ly1--base CrimsonPro-SemiBold "AutoEnc_iqth5t7x6oque6tyjnjnf2iu4f ReEncodeFont" <[crp_iqth5t.enc <CrimsonPro-SemiBold.pfb
CrimsonPro-SemiBold-osf-ts1--base CrimsonPro-SemiBold "AutoEnc_krtxg6jyxkm7zzralrdwbxihke ReEncodeFont" <[crp_krtxg6.enc <CrimsonPro-SemiBold.pfb
