
ClearSans-BoldItalic-tlf-ot1 ClearSans-BoldItalic "AutoEnc_lz5qp4ntrpi44knldmmupps7be ReEncodeFont" <[clr_lz5qp4.enc <ClearSans-BoldItalic.pfb
ClearSans-BoldItalic-tlf-t1--base ClearSans-BoldItalic "AutoEnc_zxbkm4wuxvt6uis5gmkze5ljkg ReEncodeFont" <[clr_zxbkm4.enc <ClearSans-BoldItalic.pfb
ClearSans-BoldItalic-tlf-ly1--base ClearSans-BoldItalic "AutoEnc_c5eikbpdrmwjxif6gnyslpdlmc ReEncodeFont" <[clr_c5eikb.enc <ClearSans-BoldItalic.pfb
ClearSans-BoldItalic-tlf-ts1--base ClearSans-BoldItalic "AutoEnc_nrghxxvfwfaja52lajohe5fbba ReEncodeFont" <[clr_nrghxx.enc <ClearSans-BoldItalic.pfb
ClearSans-Bold-tlf-ot1 ClearSans-Bold "AutoEnc_lz5qp4ntrpi44knldmmupps7be ReEncodeFont" <[clr_lz5qp4.enc <ClearSans-Bold.pfb
ClearSans-Bold-tlf-t1--base ClearSans-Bold "AutoEnc_zxbkm4wuxvt6uis5gmkze5ljkg ReEncodeFont" <[clr_zxbkm4.enc <ClearSans-Bold.pfb
ClearSans-Bold-tlf-ly1--base ClearSans-Bold "AutoEnc_c5eikbpdrmwjxif6gnyslpdlmc ReEncodeFont" <[clr_c5eikb.enc <ClearSans-Bold.pfb
ClearSans-Bold-tlf-ts1--base ClearSans-Bold "AutoEnc_nrghxxvfwfaja52lajohe5fbba ReEncodeFont" <[clr_nrghxx.enc <ClearSans-Bold.pfb
ClearSans-Italic-tlf-ot1 ClearSans-Italic "AutoEnc_lz5qp4ntrpi44knldmmupps7be ReEncodeFont" <[clr_lz5qp4.enc <ClearSans-Italic.pfb
ClearSans-Italic-tlf-t1--base ClearSans-Italic "AutoEnc_zxbkm4wuxvt6uis5gmkze5ljkg ReEncodeFont" <[clr_zxbkm4.enc <ClearSans-Italic.pfb
ClearSans-Italic-tlf-ly1--base ClearSans-Italic "AutoEnc_c5eikbpdrmwjxif6gnyslpdlmc ReEncodeFont" <[clr_c5eikb.enc <ClearSans-Italic.pfb
ClearSans-Italic-tlf-ts1--base ClearSans-Italic "AutoEnc_nrghxxvfwfaja52lajohe5fbba ReEncodeFont" <[clr_nrghxx.enc <ClearSans-Italic.pfb
ClearSans-Light-tlf-ot1 ClearSans-Light "AutoEnc_lz5qp4ntrpi44knldmmupps7be ReEncodeFont" <[clr_lz5qp4.enc <ClearSans-Light.pfb
ClearSans-Light-tlf-t1--base ClearSans-Light "AutoEnc_zxbkm4wuxvt6uis5gmkze5ljkg ReEncodeFont" <[clr_zxbkm4.enc <ClearSans-Light.pfb
ClearSans-Light-tlf-ly1--base ClearSans-Light "AutoEnc_c5eikbpdrmwjxif6gnyslpdlmc ReEncodeFont" <[clr_c5eikb.enc <ClearSans-Light.pfb
ClearSans-Light-tlf-ts1--base ClearSans-Light "AutoEnc_nrghxxvfwfaja52lajohe5fbba ReEncodeFont" <[clr_nrghxx.enc <ClearSans-Light.pfb
ClearSans-MediumItalic-tlf-ot1 ClearSans-MediumItalic "AutoEnc_lz5qp4ntrpi44knldmmupps7be ReEncodeFont" <[clr_lz5qp4.enc <ClearSans-MediumItalic.pfb
ClearSans-MediumItalic-tlf-t1--base ClearSans-MediumItalic "AutoEnc_zxbkm4wuxvt6uis5gmkze5ljkg ReEncodeFont" <[clr_zxbkm4.enc <ClearSans-MediumItalic.pfb
ClearSans-MediumItalic-tlf-ly1--base ClearSans-MediumItalic "AutoEnc_c5eikbpdrmwjxif6gnyslpdlmc ReEncodeFont" <[clr_c5eikb.enc <ClearSans-MediumItalic.pfb
ClearSans-MediumItalic-tlf-ts1--base ClearSans-MediumItalic "AutoEnc_nrghxxvfwfaja52lajohe5fbba ReEncodeFont" <[clr_nrghxx.enc <ClearSans-MediumItalic.pfb
ClearSans-Medium-tlf-ot1 ClearSans-Medium "AutoEnc_lz5qp4ntrpi44knldmmupps7be ReEncodeFont" <[clr_lz5qp4.enc <ClearSans-Medium.pfb
ClearSans-Medium-tlf-t1--base ClearSans-Medium "AutoEnc_zxbkm4wuxvt6uis5gmkze5ljkg ReEncodeFont" <[clr_zxbkm4.enc <ClearSans-Medium.pfb
ClearSans-Medium-tlf-ly1--base ClearSans-Medium "AutoEnc_c5eikbpdrmwjxif6gnyslpdlmc ReEncodeFont" <[clr_c5eikb.enc <ClearSans-Medium.pfb
ClearSans-Medium-tlf-ts1--base ClearSans-Medium "AutoEnc_nrghxxvfwfaja52lajohe5fbba ReEncodeFont" <[clr_nrghxx.enc <ClearSans-Medium.pfb
ClearSans-tlf-ot1 ClearSans "AutoEnc_lz5qp4ntrpi44knldmmupps7be ReEncodeFont" <[clr_lz5qp4.enc <ClearSans-Regular.pfb
ClearSans-tlf-t1--base ClearSans "AutoEnc_zxbkm4wuxvt6uis5gmkze5ljkg ReEncodeFont" <[clr_zxbkm4.enc <ClearSans-Regular.pfb
ClearSans-tlf-ly1--base ClearSans "AutoEnc_c5eikbpdrmwjxif6gnyslpdlmc ReEncodeFont" <[clr_c5eikb.enc <ClearSans-Regular.pfb
ClearSans-tlf-ts1--base ClearSans "AutoEnc_nrghxxvfwfaja52lajohe5fbba ReEncodeFont" <[clr_nrghxx.enc <ClearSans-Regular.pfb
ClearSans-Thin-tlf-ot1 ClearSans-Thin "AutoEnc_lz5qp4ntrpi44knldmmupps7be ReEncodeFont" <[clr_lz5qp4.enc <ClearSans-Thin.pfb
ClearSans-Thin-tlf-t1--base ClearSans-Thin "AutoEnc_zxbkm4wuxvt6uis5gmkze5ljkg ReEncodeFont" <[clr_zxbkm4.enc <ClearSans-Thin.pfb
ClearSans-Thin-tlf-ly1--base ClearSans-Thin "AutoEnc_c5eikbpdrmwjxif6gnyslpdlmc ReEncodeFont" <[clr_c5eikb.enc <ClearSans-Thin.pfb
ClearSans-Thin-tlf-ts1--base ClearSans-Thin "AutoEnc_nrghxxvfwfaja52lajohe5fbba ReEncodeFont" <[clr_nrghxx.enc <ClearSans-Thin.pfb
