
Go-Bold-Italic-tlf-ot1 Go-Bold-Italic "AutoEnc_2qimm2o36tlc7q4f6rj7osesqf ReEncodeFont" <[go_2qimm2.enc <Go-Bold-Italic.pfb
Go-Bold-Italic-tlf-t1--base Go-Bold-Italic "AutoEnc_c3liclow3jqaxmdy7yqowmz2vf ReEncodeFont" <[go_c3licl.enc <Go-Bold-Italic.pfb
Go-Bold-Italic-tlf-ly1--base Go-Bold-Italic "AutoEnc_iypgt7kmttgrnzyoygjgcp3sbh ReEncodeFont" <[go_iypgt7.enc <Go-Bold-Italic.pfb
Go-Bold-Italic-tlf-lgr--base Go-Bold-Italic "AutoEnc_icpxvtbvaqfqpioyatujhqhaic ReEncodeFont" <[go_icpxvt.enc <Go-Bold-Italic.pfb
Go-Bold-Italic-tlf-ts1--base Go-Bold-Italic "AutoEnc_dhlxve6peu7vvlzmenjsadnm5a ReEncodeFont" <[go_dhlxve.enc <Go-Bold-Italic.pfb
Go-Bold-tlf-ot1 Go-Bold "AutoEnc_2qimm2o36tlc7q4f6rj7osesqf ReEncodeFont" <[go_2qimm2.enc <Go-Bold.pfb
Go-Bold-tlf-t1--base Go-Bold "AutoEnc_c3liclow3jqaxmdy7yqowmz2vf ReEncodeFont" <[go_c3licl.enc <Go-Bold.pfb
Go-Bold-tlf-ly1--base Go-Bold "AutoEnc_iypgt7kmttgrnzyoygjgcp3sbh ReEncodeFont" <[go_iypgt7.enc <Go-Bold.pfb
Go-Bold-tlf-lgr--base Go-Bold "AutoEnc_icpxvtbvaqfqpioyatujhqhaic ReEncodeFont" <[go_icpxvt.enc <Go-Bold.pfb
Go-Bold-tlf-ts1--base Go-Bold "AutoEnc_dhlxve6peu7vvlzmenjsadnm5a ReEncodeFont" <[go_dhlxve.enc <Go-Bold.pfb
Go-Medium-Italic-tlf-ot1 Go-Medium-Italic "AutoEnc_2qimm2o36tlc7q4f6rj7osesqf ReEncodeFont" <[go_2qimm2.enc <Go-Medium-Italic.pfb
Go-Medium-Italic-tlf-t1--base Go-Medium-Italic "AutoEnc_c3liclow3jqaxmdy7yqowmz2vf ReEncodeFont" <[go_c3licl.enc <Go-Medium-Italic.pfb
Go-Medium-Italic-tlf-ly1--base Go-Medium-Italic "AutoEnc_iypgt7kmttgrnzyoygjgcp3sbh ReEncodeFont" <[go_iypgt7.enc <Go-Medium-Italic.pfb
Go-Medium-Italic-tlf-lgr--base Go-Medium-Italic "AutoEnc_icpxvtbvaqfqpioyatujhqhaic ReEncodeFont" <[go_icpxvt.enc <Go-Medium-Italic.pfb
Go-Medium-Italic-tlf-ts1--base Go-Medium-Italic "AutoEnc_dhlxve6peu7vvlzmenjsadnm5a ReEncodeFont" <[go_dhlxve.enc <Go-Medium-Italic.pfb
Go-Medium-tlf-ot1 Go-Medium "AutoEnc_2qimm2o36tlc7q4f6rj7osesqf ReEncodeFont" <[go_2qimm2.enc <Go-Medium.pfb
Go-Medium-tlf-t1--base Go-Medium "AutoEnc_c3liclow3jqaxmdy7yqowmz2vf ReEncodeFont" <[go_c3licl.enc <Go-Medium.pfb
Go-Medium-tlf-ly1--base Go-Medium "AutoEnc_iypgt7kmttgrnzyoygjgcp3sbh ReEncodeFont" <[go_iypgt7.enc <Go-Medium.pfb
Go-Medium-tlf-lgr--base Go-Medium "AutoEnc_icpxvtbvaqfqpioyatujhqhaic ReEncodeFont" <[go_icpxvt.enc <Go-Medium.pfb
Go-Medium-tlf-ts1--base Go-Medium "AutoEnc_dhlxve6peu7vvlzmenjsadnm5a ReEncodeFont" <[go_dhlxve.enc <Go-Medium.pfb
Go-Regular-Italic-tlf-ot1 Go-Regular-Italic "AutoEnc_2qimm2o36tlc7q4f6rj7osesqf ReEncodeFont" <[go_2qimm2.enc <Go-Regular-Italic.pfb
Go-Regular-Italic-tlf-t1--base Go-Regular-Italic "AutoEnc_c3liclow3jqaxmdy7yqowmz2vf ReEncodeFont" <[go_c3licl.enc <Go-Regular-Italic.pfb
Go-Regular-Italic-tlf-ly1--base Go-Regular-Italic "AutoEnc_iypgt7kmttgrnzyoygjgcp3sbh ReEncodeFont" <[go_iypgt7.enc <Go-Regular-Italic.pfb
Go-Regular-Italic-tlf-lgr--base Go-Regular-Italic "AutoEnc_icpxvtbvaqfqpioyatujhqhaic ReEncodeFont" <[go_icpxvt.enc <Go-Regular-Italic.pfb
Go-Regular-Italic-tlf-ts1--base Go-Regular-Italic "AutoEnc_dhlxve6peu7vvlzmenjsadnm5a ReEncodeFont" <[go_dhlxve.enc <Go-Regular-Italic.pfb
Go-Regular-tlf-ot1 Go-Regular "AutoEnc_2qimm2o36tlc7q4f6rj7osesqf ReEncodeFont" <[go_2qimm2.enc <Go-Regular.pfb
Go-Regular-tlf-t1--base Go-Regular "AutoEnc_c3liclow3jqaxmdy7yqowmz2vf ReEncodeFont" <[go_c3licl.enc <Go-Regular.pfb
Go-Regular-tlf-ly1--base Go-Regular "AutoEnc_iypgt7kmttgrnzyoygjgcp3sbh ReEncodeFont" <[go_iypgt7.enc <Go-Regular.pfb
Go-Regular-tlf-lgr--base Go-Regular "AutoEnc_icpxvtbvaqfqpioyatujhqhaic ReEncodeFont" <[go_icpxvt.enc <Go-Regular.pfb
Go-Regular-tlf-ts1--base Go-Regular "AutoEnc_dhlxve6peu7vvlzmenjsadnm5a ReEncodeFont" <[go_dhlxve.enc <Go-Regular.pfb
GoSmallcaps-tlf-sc-ot1--base GoSmallcaps "AutoEnc_zwiz3b3vw5x2aqegfexouq63cb ReEncodeFont" <[go_zwiz3b.enc <GoSmallcaps.pfb
GoSmallcaps-tlf-sc-t1--base GoSmallcaps "AutoEnc_73mlyarrz3amu5l3t5xhw6trka ReEncodeFont" <[go_73mlya.enc <GoSmallcaps.pfb
GoSmallcaps-tlf-sc-ly1--base GoSmallcaps "AutoEnc_4whde3sflc5gjrjo2a7v6dljhc ReEncodeFont" <[go_4whde3.enc <GoSmallcaps.pfb
GoSmallcaps-tlf-sc-lgr--base GoSmallcaps "AutoEnc_icpxvtbvaqfqpioyatujhqhaic ReEncodeFont" <[go_icpxvt.enc <GoSmallcaps.pfb
GoSmallcaps-tlf-sc-ts1--base GoSmallcaps "AutoEnc_dhlxve6peu7vvlzmenjsadnm5a ReEncodeFont" <[go_dhlxve.enc <GoSmallcaps.pfb
GoSmallcaps-Italic-tlf-sc-ot1--base GoSmallcaps-Italic "AutoEnc_zwiz3b3vw5x2aqegfexouq63cb ReEncodeFont" <[go_zwiz3b.enc <GoSmallcaps-Italic.pfb
GoSmallcaps-Italic-tlf-sc-t1--base GoSmallcaps-Italic "AutoEnc_73mlyarrz3amu5l3t5xhw6trka ReEncodeFont" <[go_73mlya.enc <GoSmallcaps-Italic.pfb
GoSmallcaps-Italic-tlf-sc-ly1--base GoSmallcaps-Italic "AutoEnc_4whde3sflc5gjrjo2a7v6dljhc ReEncodeFont" <[go_4whde3.enc <GoSmallcaps-Italic.pfb
GoSmallcaps-Italic-tlf-sc-lgr--base GoSmallcaps-Italic "AutoEnc_icpxvtbvaqfqpioyatujhqhaic ReEncodeFont" <[go_icpxvt.enc <GoSmallcaps-Italic.pfb
GoSmallcaps-Italic-tlf-sc-ts1--base GoSmallcaps-Italic "AutoEnc_dhlxve6peu7vvlzmenjsadnm5a ReEncodeFont" <[go_dhlxve.enc <GoSmallcaps-Italic.pfb


GoMono-BoldItalic-tlf-ot1 GoMono-BoldItalic "AutoEnc_2qimm2o36tlc7q4f6rj7osesqf ReEncodeFont" <[go_2qimm2.enc <GoMono-Bold-Italic.pfb
GoMono-BoldItalic-tlf-t1--base GoMono-BoldItalic "AutoEnc_c3liclow3jqaxmdy7yqowmz2vf ReEncodeFont" <[go_c3licl.enc <GoMono-Bold-Italic.pfb
GoMono-BoldItalic-tlf-ly1--base GoMono-BoldItalic "AutoEnc_iypgt7kmttgrnzyoygjgcp3sbh ReEncodeFont" <[go_iypgt7.enc <GoMono-Bold-Italic.pfb
GoMono-BoldItalic-tlf-lgr--base GoMono-BoldItalic "AutoEnc_icpxvtbvaqfqpioyatujhqhaic ReEncodeFont" <[go_icpxvt.enc <GoMono-Bold-Italic.pfb
GoMono-BoldItalic-tlf-ts1--base GoMono-BoldItalic "AutoEnc_dhlxve6peu7vvlzmenjsadnm5a ReEncodeFont" <[go_dhlxve.enc <GoMono-Bold-Italic.pfb
GoMono-Bold-tlf-ot1 GoMono-Bold "AutoEnc_2qimm2o36tlc7q4f6rj7osesqf ReEncodeFont" <[go_2qimm2.enc <GoMono-Bold.pfb
GoMono-Bold-tlf-t1--base GoMono-Bold "AutoEnc_c3liclow3jqaxmdy7yqowmz2vf ReEncodeFont" <[go_c3licl.enc <GoMono-Bold.pfb
GoMono-Bold-tlf-ly1--base GoMono-Bold "AutoEnc_iypgt7kmttgrnzyoygjgcp3sbh ReEncodeFont" <[go_iypgt7.enc <GoMono-Bold.pfb
GoMono-Bold-tlf-lgr--base GoMono-Bold "AutoEnc_icpxvtbvaqfqpioyatujhqhaic ReEncodeFont" <[go_icpxvt.enc <GoMono-Bold.pfb
GoMono-Bold-tlf-ts1--base GoMono-Bold "AutoEnc_dhlxve6peu7vvlzmenjsadnm5a ReEncodeFont" <[go_dhlxve.enc <GoMono-Bold.pfb
GoMono-Italic-tlf-ot1 GoMono-Italic "AutoEnc_2qimm2o36tlc7q4f6rj7osesqf ReEncodeFont" <[go_2qimm2.enc <GoMono-Regular-Italic.pfb
GoMono-Italic-tlf-t1--base GoMono-Italic "AutoEnc_c3liclow3jqaxmdy7yqowmz2vf ReEncodeFont" <[go_c3licl.enc <GoMono-Regular-Italic.pfb
GoMono-Italic-tlf-ly1--base GoMono-Italic "AutoEnc_iypgt7kmttgrnzyoygjgcp3sbh ReEncodeFont" <[go_iypgt7.enc <GoMono-Regular-Italic.pfb
GoMono-Italic-tlf-lgr--base GoMono-Italic "AutoEnc_icpxvtbvaqfqpioyatujhqhaic ReEncodeFont" <[go_icpxvt.enc <GoMono-Regular-Italic.pfb
GoMono-Italic-tlf-ts1--base GoMono-Italic "AutoEnc_dhlxve6peu7vvlzmenjsadnm5a ReEncodeFont" <[go_dhlxve.enc <GoMono-Regular-Italic.pfb
GoMono-tlf-ot1 GoMono "AutoEnc_2qimm2o36tlc7q4f6rj7osesqf ReEncodeFont" <[go_2qimm2.enc <GoMono-Regular.pfb
GoMono-tlf-t1--base GoMono "AutoEnc_c3liclow3jqaxmdy7yqowmz2vf ReEncodeFont" <[go_c3licl.enc <GoMono-Regular.pfb
GoMono-tlf-ly1--base GoMono "AutoEnc_iypgt7kmttgrnzyoygjgcp3sbh ReEncodeFont" <[go_iypgt7.enc <GoMono-Regular.pfb
GoMono-tlf-lgr--base GoMono "AutoEnc_icpxvtbvaqfqpioyatujhqhaic ReEncodeFont" <[go_icpxvt.enc <GoMono-Regular.pfb
GoMono-tlf-ts1--base GoMono "AutoEnc_dhlxve6peu7vvlzmenjsadnm5a ReEncodeFont" <[go_dhlxve.enc <GoMono-Regular.pfb
